Archive member included to satisfy reference by file (symbol)

/home/user/Library/gcc-arm-none-eabi-5_4-2016q3/bin/../lib/gcc/arm-none-eabi/5.4.1/../../../../arm-none-eabi/lib/armv7-m/libc_nano.a(lib_a-exit.o)
                              /home/user/Library/gcc-arm-none-eabi-5_4-2016q3/bin/../lib/gcc/arm-none-eabi/5.4.1/../../../../arm-none-eabi/lib/armv7-m/crt0.o (exit)
/home/user/Library/gcc-arm-none-eabi-5_4-2016q3/bin/../lib/gcc/arm-none-eabi/5.4.1/../../../../arm-none-eabi/lib/armv7-m/libc_nano.a(lib_a-impure.o)
                              /home/user/Library/gcc-arm-none-eabi-5_4-2016q3/bin/../lib/gcc/arm-none-eabi/5.4.1/../../../../arm-none-eabi/lib/armv7-m/libc_nano.a(lib_a-exit.o) (_global_impure_ptr)
/home/user/Library/gcc-arm-none-eabi-5_4-2016q3/bin/../lib/gcc/arm-none-eabi/5.4.1/../../../../arm-none-eabi/lib/armv7-m/libc_nano.a(lib_a-init.o)
                              /home/user/Library/gcc-arm-none-eabi-5_4-2016q3/bin/../lib/gcc/arm-none-eabi/5.4.1/../../../../arm-none-eabi/lib/armv7-m/crt0.o (__libc_init_array)
/home/user/Library/gcc-arm-none-eabi-5_4-2016q3/bin/../lib/gcc/arm-none-eabi/5.4.1/../../../../arm-none-eabi/lib/armv7-m/libc_nano.a(lib_a-memcpy-stub.o)
                              build/queue.o (memcpy)
/home/user/Library/gcc-arm-none-eabi-5_4-2016q3/bin/../lib/gcc/arm-none-eabi/5.4.1/../../../../arm-none-eabi/lib/armv7-m/libc_nano.a(lib_a-memset.o)
                              /home/user/Library/gcc-arm-none-eabi-5_4-2016q3/bin/../lib/gcc/arm-none-eabi/5.4.1/../../../../arm-none-eabi/lib/armv7-m/crt0.o (memset)
/home/user/Library/gcc-arm-none-eabi-5_4-2016q3/bin/../lib/gcc/arm-none-eabi/5.4.1/../../../../arm-none-eabi/lib/armv7-m/libc_nano.a(lib_a-sprintf.o)
                              build/main.o (sprintf)
/home/user/Library/gcc-arm-none-eabi-5_4-2016q3/bin/../lib/gcc/arm-none-eabi/5.4.1/../../../../arm-none-eabi/lib/armv7-m/libc_nano.a(lib_a-nano-svfprintf.o)
                              /home/user/Library/gcc-arm-none-eabi-5_4-2016q3/bin/../lib/gcc/arm-none-eabi/5.4.1/../../../../arm-none-eabi/lib/armv7-m/libc_nano.a(lib_a-sprintf.o) (_svfprintf_r)
/home/user/Library/gcc-arm-none-eabi-5_4-2016q3/bin/../lib/gcc/arm-none-eabi/5.4.1/../../../../arm-none-eabi/lib/armv7-m/libc_nano.a(lib_a-nano-vfprintf_i.o)
                              /home/user/Library/gcc-arm-none-eabi-5_4-2016q3/bin/../lib/gcc/arm-none-eabi/5.4.1/../../../../arm-none-eabi/lib/armv7-m/libc_nano.a(lib_a-nano-svfprintf.o) (_printf_i)
/home/user/Library/gcc-arm-none-eabi-5_4-2016q3/bin/../lib/gcc/arm-none-eabi/5.4.1/../../../../arm-none-eabi/lib/armv7-m/libc_nano.a(lib_a-memchr-stub.o)
                              /home/user/Library/gcc-arm-none-eabi-5_4-2016q3/bin/../lib/gcc/arm-none-eabi/5.4.1/../../../../arm-none-eabi/lib/armv7-m/libc_nano.a(lib_a-nano-svfprintf.o) (memchr)
/home/user/Library/gcc-arm-none-eabi-5_4-2016q3/bin/../lib/gcc/arm-none-eabi/5.4.1/../../../../arm-none-eabi/lib/armv7-m/libc_nano.a(lib_a-memmove.o)
                              /home/user/Library/gcc-arm-none-eabi-5_4-2016q3/bin/../lib/gcc/arm-none-eabi/5.4.1/../../../../arm-none-eabi/lib/armv7-m/libc_nano.a(lib_a-nano-svfprintf.o) (memmove)
/home/user/Library/gcc-arm-none-eabi-5_4-2016q3/bin/../lib/gcc/arm-none-eabi/5.4.1/../../../../arm-none-eabi/lib/armv7-m/libc_nano.a(lib_a-nano-freer.o)
                              /home/user/Library/gcc-arm-none-eabi-5_4-2016q3/bin/../lib/gcc/arm-none-eabi/5.4.1/../../../../arm-none-eabi/lib/armv7-m/libc_nano.a(lib_a-nano-svfprintf.o) (_free_r)
/home/user/Library/gcc-arm-none-eabi-5_4-2016q3/bin/../lib/gcc/arm-none-eabi/5.4.1/../../../../arm-none-eabi/lib/armv7-m/libc_nano.a(lib_a-nano-mallocr.o)
                              /home/user/Library/gcc-arm-none-eabi-5_4-2016q3/bin/../lib/gcc/arm-none-eabi/5.4.1/../../../../arm-none-eabi/lib/armv7-m/libc_nano.a(lib_a-nano-svfprintf.o) (_malloc_r)
/home/user/Library/gcc-arm-none-eabi-5_4-2016q3/bin/../lib/gcc/arm-none-eabi/5.4.1/../../../../arm-none-eabi/lib/armv7-m/libc_nano.a(lib_a-nano-reallocr.o)
                              /home/user/Library/gcc-arm-none-eabi-5_4-2016q3/bin/../lib/gcc/arm-none-eabi/5.4.1/../../../../arm-none-eabi/lib/armv7-m/libc_nano.a(lib_a-nano-svfprintf.o) (_realloc_r)
/home/user/Library/gcc-arm-none-eabi-5_4-2016q3/bin/../lib/gcc/arm-none-eabi/5.4.1/../../../../arm-none-eabi/lib/armv7-m/libc_nano.a(lib_a-sbrkr.o)
                              /home/user/Library/gcc-arm-none-eabi-5_4-2016q3/bin/../lib/gcc/arm-none-eabi/5.4.1/../../../../arm-none-eabi/lib/armv7-m/libc_nano.a(lib_a-nano-mallocr.o) (_sbrk_r)
/home/user/Library/gcc-arm-none-eabi-5_4-2016q3/bin/../lib/gcc/arm-none-eabi/5.4.1/../../../../arm-none-eabi/lib/armv7-m/libc_nano.a(lib_a-mlock.o)
                              /home/user/Library/gcc-arm-none-eabi-5_4-2016q3/bin/../lib/gcc/arm-none-eabi/5.4.1/../../../../arm-none-eabi/lib/armv7-m/libc_nano.a(lib_a-nano-freer.o) (__malloc_lock)
[...]
Memory Configuration

Name             Origin             Length             Attributes
RAM              0x20000000         0x00010000         xrw
FLASH            0x08000000         0x00080000         xr
*default*        0x00000000         0xffffffff

Linker script and memory map

LOAD /home/user/Library/gcc-arm-none-eabi-5_4-2016q3/bin/../lib/gcc/arm-none-eabi/5.4.1/armv7-m/crti.o
LOAD /home/user/Library/gcc-arm-none-eabi-5_4-2016q3/bin/../lib/gcc/arm-none-eabi/5.4.1/armv7-m/crtbegin.o
LOAD /home/user/Library/gcc-arm-none-eabi-5_4-2016q3/bin/../lib/gcc/arm-none-eabi/5.4.1/../../../../arm-none-eabi/lib/armv7-m/crt0.o
LOAD build/main.o
LOAD build/freertos.o
LOAD build/stm32f1xx_it.o
LOAD build/stm32f1xx_hal_msp.o
LOAD build/stm32f1xx_hal_timebase_TIM.o
LOAD build/stm32f1xx_hal_gpio_ex.o
LOAD build/stm32f1xx_hal_can.o
LOAD build/stm32f1xx_hal_tim.o
LOAD build/stm32f1xx_hal_tim_ex.o
LOAD build/stm32f1xx_hal_uart.o
LOAD build/stm32f1xx_hal.o
LOAD build/stm32f1xx_hal_rcc.o
LOAD build/stm32f1xx_hal_rcc_ex.o
LOAD build/stm32f1xx_hal_gpio.o
LOAD build/stm32f1xx_hal_dma.o
LOAD build/stm32f1xx_hal_cortex.o
LOAD build/stm32f1xx_hal_pwr.o
LOAD build/stm32f1xx_hal_flash.o
LOAD build/stm32f1xx_hal_flash_ex.o
LOAD build/system_stm32f1xx.o
LOAD build/heap_4.o
LOAD build/port.o
LOAD build/list.o
LOAD build/croutine.o
LOAD build/timers.o
LOAD build/event_groups.o
LOAD build/tasks.o
LOAD build/queue.o
LOAD build/cmsis_os.o
LOAD build/startup_stm32f103xe.o
LOAD /home/user/Library/gcc-arm-none-eabi-5_4-2016q3/bin/../lib/gcc/arm-none-eabi/5.4.1/../../../../arm-none-eabi/lib/armv7-m/libc_nano.a
LOAD /home/user/Library/gcc-arm-none-eabi-5_4-2016q3/bin/../lib/gcc/arm-none-eabi/5.4.1/../../../../arm-none-eabi/lib/armv7-m/libm.a
LOAD /home/user/Library/gcc-arm-none-eabi-5_4-2016q3/bin/../lib/gcc/arm-none-eabi/5.4.1/../../../../arm-none-eabi/lib/armv7-m/libnosys.a
START GROUP
LOAD /home/user/Library/gcc-arm-none-eabi-5_4-2016q3/bin/../lib/gcc/arm-none-eabi/5.4.1/armv7-m/libgcc.a
LOAD /home/user/Library/gcc-arm-none-eabi-5_4-2016q3/bin/../lib/gcc/arm-none-eabi/5.4.1/../../../../arm-none-eabi/lib/armv7-m/libc_nano.a
END GROUP
START GROUP
LOAD /home/user/Library/gcc-arm-none-eabi-5_4-2016q3/bin/../lib/gcc/arm-none-eabi/5.4.1/armv7-m/libgcc.a
LOAD /home/user/Library/gcc-arm-none-eabi-5_4-2016q3/bin/../lib/gcc/arm-none-eabi/5.4.1/../../../../arm-none-eabi/lib/armv7-m/libc_nano.a
END GROUP
LOAD /home/user/Library/gcc-arm-none-eabi-5_4-2016q3/bin/../lib/gcc/arm-none-eabi/5.4.1/armv7-m/crtend.o
LOAD /home/user/Library/gcc-arm-none-eabi-5_4-2016q3/bin/../lib/gcc/arm-none-eabi/5.4.1/armv7-m/crtn.o
                0x20010000                _estack = 0x20010000
                0x00000200                _Min_Heap_Size = 0x200
                0x00000400                _Min_Stack_Size = 0x400

.isr_vector     0x08000000      0x1e4
                0x08000000                . = ALIGN (0x4)
 *(.isr_vector)
 .isr_vector    0x08000000      0x1e4 build/startup_stm32f103xe.o
                0x08000000                g_pfnVectors
                0x080001e4                . = ALIGN (0x4)

.text           0x080001f0     0x34e8
                0x080001f0                . = ALIGN (0x4)
 *(.text)
 .text          0x080001f0       0x5c /home/user/Library/gcc-arm-none-eabi-5_4-2016q3/bin/../lib/gcc/arm-none-eabi/5.4.1/armv7-m/crtbegin.o
 *(.text*)
 .text.MX_GPIO_Init
                0x0800024c       0x6c build/main.o
 .text.Func_Task0
                0x080002b8       0x58 build/main.o
                0x080002b8                Func_Task0
 .text.Func_Task1
                0x08000310       0x7c build/main.o
                0x08000310                Func_Task1
 .text.HAL_TIM_PeriodElapsedCallback
                0x0800038c       0x14 build/main.o
                0x0800038c                HAL_TIM_PeriodElapsedCallback
 .text._Error_Handler
                0x080003a0        0x4 build/main.o
                0x080003a0                _Error_Handler
 .text.MX_CAN_Init
                0x080003a4       0x48 build/main.o
 .text.MX_USART1_UART_Init
                0x080003ec       0x3c build/main.o
 .text.SystemClock_Config
                0x08000428       0x84 build/main.o
                0x08000428                SystemClock_Config
 .text.main     0x080004ac       0x5c build/main.o
                0x080004ac                main
 .text.NMI_Handler
                0x08000508        0x4 build/stm32f1xx_it.o
                0x08000508                NMI_Handler
 .text.HardFault_Handler
                0x0800050c        0x4 build/stm32f1xx_it.o
                0x0800050c                HardFault_Handler
 .text.MemManage_Handler
                0x08000510        0x4 build/stm32f1xx_it.o
                0x08000510                MemManage_Handler
 .text.BusFault_Handler
                0x08000514        0x4 build/stm32f1xx_it.o
                0x08000514                BusFault_Handler
 .text.UsageFault_Handler
                0x08000518        0x4 build/stm32f1xx_it.o
                0x08000518                UsageFault_Handler
 .text.DebugMon_Handler
                0x0800051c        0x4 build/stm32f1xx_it.o
                0x0800051c                DebugMon_Handler
 .text.SysTick_Handler
                0x08000520        0x8 build/stm32f1xx_it.o
                0x08000520                SysTick_Handler
 .text.USB_LP_CAN1_RX0_IRQHandler
                0x08000528       0x34 build/stm32f1xx_it.o
                0x08000528                USB_LP_CAN1_RX0_IRQHandler
 .text.TIM4_IRQHandler
                0x0800055c       0x10 build/stm32f1xx_it.o
                0x0800055c                TIM4_IRQHandler
 .text.HAL_MspInit
                0x0800056c       0xa0 build/stm32f1xx_hal_msp.o
                0x0800056c                HAL_MspInit
 .text.HAL_CAN_MspInit
                0x0800060c       0x84 build/stm32f1xx_hal_msp.o
                0x0800060c                HAL_CAN_MspInit
 .text.HAL_UART_MspInit
                0x08000690       0x5c build/stm32f1xx_hal_msp.o
                0x08000690                HAL_UART_MspInit
 .text.HAL_InitTick
                0x080006ec       0x7c build/stm32f1xx_hal_timebase_TIM.o
                0x080006ec                HAL_InitTick
 .text.HAL_CAN_ConfigFilter
                0x08000768      0x100 build/stm32f1xx_hal_can.o
                0x08000768                HAL_CAN_ConfigFilter
 .text.HAL_CAN_Init
                0x08000868      0x14c build/stm32f1xx_hal_can.o
                0x08000868                HAL_CAN_Init
 .text.HAL_CAN_Receive
                0x080009b4      0x290 build/stm32f1xx_hal_can.o
                0x080009b4                HAL_CAN_Receive
 .text.HAL_CAN_Receive_IT
                0x08000c44      0x128 build/stm32f1xx_hal_can.o
                0x08000c44                HAL_CAN_Receive_IT
 .text.HAL_CAN_TxCpltCallback
                0x08000d6c        0x4 build/stm32f1xx_hal_can.o
                0x08000d6c                HAL_CAN_TxCpltCallback
 .text.CAN_Transmit_IT
                0x08000d70       0x58 build/stm32f1xx_hal_can.o
 .text.HAL_CAN_RxCpltCallback
                0x08000dc8        0x4 build/stm32f1xx_hal_can.o
                0x08000dc8                HAL_CAN_RxCpltCallback
 .text.CAN_Receive_IT
                0x08000dcc      0x16c build/stm32f1xx_hal_can.o
 .text.HAL_CAN_ErrorCallback
                0x08000f38        0x4 build/stm32f1xx_hal_can.o
                0x08000f38                HAL_CAN_ErrorCallback
 .text.HAL_CAN_IRQHandler
                0x08000f3c      0x1f4 build/stm32f1xx_hal_can.o
                0x08000f3c                HAL_CAN_IRQHandler
 .text.HAL_TIM_Base_MspInit
                0x08001130        0x4 build/stm32f1xx_hal_tim.o
                0x08001130                HAL_TIM_Base_MspInit
 .text.HAL_TIM_Base_Start_IT
                0x08001134       0x18 build/stm32f1xx_hal_tim.o
                0x08001134                HAL_TIM_Base_Start_IT
 .text.HAL_TIM_OC_DelayElapsedCallback
                0x0800114c        0x4 build/stm32f1xx_hal_tim.o
                0x0800114c                HAL_TIM_OC_DelayElapsedCallback
 .text.HAL_TIM_IC_CaptureCallback
                0x08001150        0x4 build/stm32f1xx_hal_tim.o
                0x08001150                HAL_TIM_IC_CaptureCallback
 .text.HAL_TIM_PWM_PulseFinishedCallback
                0x08001154        0x4 build/stm32f1xx_hal_tim.o
                0x08001154                HAL_TIM_PWM_PulseFinishedCallback
 .text.HAL_TIM_TriggerCallback
                0x08001158        0x4 build/stm32f1xx_hal_tim.o
                0x08001158                HAL_TIM_TriggerCallback
 .text.HAL_TIM_IRQHandler
                0x0800115c      0x174 build/stm32f1xx_hal_tim.o
                0x0800115c                HAL_TIM_IRQHandler
 .text.TIM_Base_SetConfig
                0x080012d0       0x98 build/stm32f1xx_hal_tim.o
                0x080012d0                TIM_Base_SetConfig
 .text.HAL_TIM_Base_Init
                0x08001368       0x38 build/stm32f1xx_hal_tim.o
                0x08001368                HAL_TIM_Base_Init
 .text.HAL_TIMEx_CommutationCallback
                0x080013a0        0x4 build/stm32f1xx_hal_tim_ex.o
                0x080013a0                HAL_TIMEx_CommutationCallback
 .text.HAL_TIMEx_BreakCallback
                0x080013a4        0x4 build/stm32f1xx_hal_tim_ex.o
                0x080013a4                HAL_TIMEx_BreakCallback
 .text.UART_SetConfig
                0x080013a8      0x1bc build/stm32f1xx_hal_uart.o
 .text.UART_WaitOnFlagUntilTimeout
                0x08001564       0x68 build/stm32f1xx_hal_uart.o
 .text.HAL_UART_Init
                0x080015cc       0x64 build/stm32f1xx_hal_uart.o
                0x080015cc                HAL_UART_Init
 .text.HAL_UART_Transmit
                0x08001630       0xe4 build/stm32f1xx_hal_uart.o
                0x08001630                HAL_UART_Transmit
 .text.HAL_Init
                0x08001714       0x24 build/stm32f1xx_hal.o
                0x08001714                HAL_Init
 .text.HAL_IncTick
                0x08001738       0x18 build/stm32f1xx_hal.o
                0x08001738                HAL_IncTick
 .text.HAL_GetTick
                0x08001750        0xc build/stm32f1xx_hal.o
                0x08001750                HAL_GetTick
 .text.RCC_Delay
                0x0800175c       0x2c build/stm32f1xx_hal_rcc.o
 .text.HAL_RCC_OscConfig
                0x08001788      0x400 build/stm32f1xx_hal_rcc.o
                0x08001788                HAL_RCC_OscConfig
 .text.HAL_RCC_GetSysClockFreq
                0x08001b88       0x70 build/stm32f1xx_hal_rcc.o
                0x08001b88                HAL_RCC_GetSysClockFreq
 .text.HAL_RCC_ClockConfig
                0x08001bf8      0x184 build/stm32f1xx_hal_rcc.o
                0x08001bf8                HAL_RCC_ClockConfig
 .text.HAL_RCC_GetHCLKFreq
                0x08001d7c        0xc build/stm32f1xx_hal_rcc.o
                0x08001d7c                HAL_RCC_GetHCLKFreq
 .text.HAL_RCC_GetPCLK1Freq
                0x08001d88       0x20 build/stm32f1xx_hal_rcc.o
                0x08001d88                HAL_RCC_GetPCLK1Freq
 .text.HAL_RCC_GetPCLK2Freq
                0x08001da8       0x20 build/stm32f1xx_hal_rcc.o
                0x08001da8                HAL_RCC_GetPCLK2Freq
 .text.HAL_RCC_GetClockConfig
                0x08001dc8       0x3c build/stm32f1xx_hal_rcc.o
                0x08001dc8                HAL_RCC_GetClockConfig
 .text.HAL_GPIO_Init
                0x08001e04      0x1ec build/stm32f1xx_hal_gpio.o
                0x08001e04                HAL_GPIO_Init
 .text.HAL_GPIO_WritePin
                0x08001ff0        0xc build/stm32f1xx_hal_gpio.o
                0x08001ff0                HAL_GPIO_WritePin
 .text.HAL_NVIC_SetPriorityGrouping
                0x08001ffc       0x24 build/stm32f1xx_hal_cortex.o
                0x08001ffc                HAL_NVIC_SetPriorityGrouping
 .text.HAL_NVIC_SetPriority
                0x08002020       0x64 build/stm32f1xx_hal_cortex.o
                0x08002020                HAL_NVIC_SetPriority
 .text.HAL_NVIC_EnableIRQ
                0x08002084       0x18 build/stm32f1xx_hal_cortex.o
                0x08002084                HAL_NVIC_EnableIRQ
 .text.HAL_SYSTICK_Config
                0x0800209c       0x2c build/stm32f1xx_hal_cortex.o
                0x0800209c                HAL_SYSTICK_Config
 .text.HAL_SYSTICK_CLKSourceConfig
                0x080020c8       0x20 build/stm32f1xx_hal_cortex.o
                0x080020c8                HAL_SYSTICK_CLKSourceConfig
 .text.SystemInit
                0x080020e8       0x4c build/system_stm32f1xx.o
                0x080020e8                SystemInit
 .text.prvHeapInit
                0x08002134       0x64 build/heap_4.o
 .text.prvInsertBlockIntoFreeList
                0x08002198       0x54 build/heap_4.o
 .text.pvPortMalloc
                0x080021ec      0x104 build/heap_4.o
                0x080021ec                pvPortMalloc
 .text.vPortFree
                0x080022f0       0x78 build/heap_4.o
                0x080022f0                vPortFree
 .text.prvTaskExitError
                0x08002368       0x34 build/port.o
 .text.prvPortStartFirstTask
                0x0800239c       0x20 build/port.o
 .text.pxPortInitialiseStack
                0x080023bc       0x24 build/port.o
                0x080023bc                pxPortInitialiseStack
 .text.SVC_Handler
                0x080023e0       0x24 build/port.o
                0x080023e0                SVC_Handler
 .text.vPortEnterCritical
                0x08002404       0x44 build/port.o
                0x08002404                vPortEnterCritical
 .text.vPortExitCritical
                0x08002448       0x2c build/port.o
                0x08002448                vPortExitCritical
 *fill*         0x08002474        0xc 
 .text.PendSV_Handler
                0x08002480       0x44 build/port.o
                0x08002480                PendSV_Handler
 .text.xPortSysTickHandler
                0x080024c4       0x2c build/port.o
                0x080024c4                xPortSysTickHandler
 .text.vPortSetupTimerInterrupt
                0x080024f0       0x2c build/port.o
                0x080024f0                vPortSetupTimerInterrupt
 .text.xPortStartScheduler
                0x0800251c       0x98 build/port.o
                0x0800251c                xPortStartScheduler
 .text.vListInitialise
                0x080025b4       0x18 build/list.o
                0x080025b4                vListInitialise
 .text.vListInitialiseItem
                0x080025cc        0x8 build/list.o
                0x080025cc                vListInitialiseItem
 .text.vListInsertEnd
                0x080025d4       0x18 build/list.o
                0x080025d4                vListInsertEnd
 .text.vListInsert
                0x080025ec       0x34 build/list.o
                0x080025ec                vListInsert
 .text.uxListRemove
                0x08002620       0x24 build/list.o
                0x08002620                uxListRemove
 .text.prvResetNextTaskUnblockTime
                0x08002644       0x34 build/tasks.o
 .text.prvDeleteTCB
                0x08002678       0x14 build/tasks.o
 .text.prvInitialiseNewTask
                0x0800268c       0x80 build/tasks.o
 .text.prvInitialiseTaskLists
                0x0800270c       0x68 build/tasks.o
 .text.prvAddNewTaskToReadyList
                0x08002774       0xa8 build/tasks.o
 .text.prvAddCurrentTaskToDelayedList
                0x0800281c       0x98 build/tasks.o
 .text.xTaskCreate
                0x080028b4       0x64 build/tasks.o
                0x080028b4                xTaskCreate
 .text.vTaskStartScheduler
                0x08002918       0x7c build/tasks.o
                0x08002918                vTaskStartScheduler
 .text.vTaskSuspendAll
                0x08002994       0x10 build/tasks.o
                0x08002994                vTaskSuspendAll
 .text.xTaskIncrementTick
                0x080029a4      0x124 build/tasks.o
                0x080029a4                xTaskIncrementTick
 .text.xTaskResumeAll
                0x08002ac8       0xf8 build/tasks.o
                0x08002ac8                xTaskResumeAll
 .text.vTaskDelay
                0x08002bc0       0x50 build/tasks.o
                0x08002bc0                vTaskDelay
 .text.prvCheckTasksWaitingTermination
                0x08002c10       0x54 build/tasks.o
 .text.prvIdleTask
                0x08002c64       0x28 build/tasks.o
 .text.vTaskSwitchContext
                0x08002c8c       0x94 build/tasks.o
                0x08002c8c                vTaskSwitchContext
 .text.xTaskGetSchedulerState
                0x08002d20       0x20 build/tasks.o
                0x08002d20                xTaskGetSchedulerState
 .text.makeFreeRtosPriority
                0x08002d40        0xc build/cmsis_os.o
 .text.osKernelStart
                0x08002d4c        0xc build/cmsis_os.o
                0x08002d4c                osKernelStart
 .text.osThreadCreate
                0x08002d58       0x34 build/cmsis_os.o
                0x08002d58                osThreadCreate
 .text.osDelay  0x08002d8c       0x10 build/cmsis_os.o
                0x08002d8c                osDelay
 .text.osSystickHandler
                0x08002d9c       0x10 build/cmsis_os.o
                0x08002d9c                osSystickHandler
 .text.Reset_Handler
                0x08002dac       0x48 build/startup_stm32f103xe.o
                0x08002dac                Reset_Handler
 .text.Default_Handler
                0x08002df4        0x2 build/startup_stm32f103xe.o
                0x08002df4                RTC_Alarm_IRQHandler
                0x08002df4                EXTI2_IRQHandler
                0x08002df4                TIM8_TRG_COM_IRQHandler
                0x08002df4                TIM8_CC_IRQHandler
                0x08002df4                TIM1_CC_IRQHandler
                0x08002df4                TIM6_IRQHandler
                0x08002df4                PVD_IRQHandler
                0x08002df4                SDIO_IRQHandler
                0x08002df4                EXTI3_IRQHandler
                0x08002df4                EXTI0_IRQHandler
                0x08002df4                I2C2_EV_IRQHandler
                0x08002df4                ADC1_2_IRQHandler
                0x08002df4                SPI1_IRQHandler
                0x08002df4                TAMPER_IRQHandler
                0x08002df4                TIM8_UP_IRQHandler
                0x08002df4                DMA2_Channel2_IRQHandler
                0x08002df4                DMA1_Channel4_IRQHandler
                0x08002df4                USART3_IRQHandler
                0x08002df4                RTC_IRQHandler
                0x08002df4                DMA1_Channel7_IRQHandler
                0x08002df4                CAN1_RX1_IRQHandler
                0x08002df4                UART5_IRQHandler
                0x08002df4                ADC3_IRQHandler
                0x08002df4                DMA2_Channel1_IRQHandler
                0x08002df4                I2C1_EV_IRQHandler
                0x08002df4                DMA1_Channel6_IRQHandler
                0x08002df4                UART4_IRQHandler
                0x08002df4                TIM3_IRQHandler
                0x08002df4                RCC_IRQHandler
                0x08002df4                TIM1_TRG_COM_IRQHandler
                0x08002df4                DMA1_Channel1_IRQHandler
                0x08002df4                Default_Handler
                0x08002df4                EXTI15_10_IRQHandler
                0x08002df4                TIM7_IRQHandler
                0x08002df4                TIM5_IRQHandler
                0x08002df4                EXTI9_5_IRQHandler
                0x08002df4                SPI2_IRQHandler
                0x08002df4                DMA1_Channel5_IRQHandler
                0x08002df4                EXTI4_IRQHandler
                0x08002df4                USB_HP_CAN1_TX_IRQHandler
                0x08002df4                DMA1_Channel3_IRQHandler
                0x08002df4                FSMC_IRQHandler
                0x08002df4                TIM1_UP_IRQHandler
                0x08002df4                WWDG_IRQHandler
                0x08002df4                TIM2_IRQHandler
                0x08002df4                TIM1_BRK_IRQHandler
                0x08002df4                EXTI1_IRQHandler
                0x08002df4                DMA2_Channel4_5_IRQHandler
                0x08002df4                USART2_IRQHandler
                0x08002df4                I2C2_ER_IRQHandler
                0x08002df4                DMA1_Channel2_IRQHandler
                0x08002df4                TIM8_BRK_IRQHandler
                0x08002df4                CAN1_SCE_IRQHandler
                0x08002df4                FLASH_IRQHandler
                0x08002df4                USART1_IRQHandler
                0x08002df4                SPI3_IRQHandler
                0x08002df4                I2C1_ER_IRQHandler
                0x08002df4                USBWakeUp_IRQHandler
                0x08002df4                DMA2_Channel3_IRQHandler
 *fill*         0x08002df6        0x2 
 .text.__libc_init_array
                0x08002df8       0x4c /home/user/Library/gcc-arm-none-eabi-5_4-2016q3/bin/../lib/gcc/arm-none-eabi/5.4.1/../../../../arm-none-eabi/lib/armv7-m/libc_nano.a(lib_a-init.o)
                0x08002df8                __libc_init_array
 .text.memcpy   0x08002e44       0x16 /home/user/Library/gcc-arm-none-eabi-5_4-2016q3/bin/../lib/gcc/arm-none-eabi/5.4.1/../../../../arm-none-eabi/lib/armv7-m/libc_nano.a(lib_a-memcpy-stub.o)
                0x08002e44                memcpy
 *fill*         0x08002e5a        0x2 
 .text.sprintf  0x08002e5c       0x48 /home/user/Library/gcc-arm-none-eabi-5_4-2016q3/bin/../lib/gcc/arm-none-eabi/5.4.1/../../../../arm-none-eabi/lib/armv7-m/libc_nano.a(lib_a-sprintf.o)
                0x08002e5c                sprintf
                0x08002e5c                siprintf
 .text.__ssputs_r
                0x08002ea4       0xb2 /home/user/Library/gcc-arm-none-eabi-5_4-2016q3/bin/../lib/gcc/arm-none-eabi/5.4.1/../../../../arm-none-eabi/lib/armv7-m/libc_nano.a(lib_a-nano-svfprintf.o)
                0x08002ea4                __ssputs_r
 *fill*         0x08002f56        0x2 
 .text._svfprintf_r
                0x08002f58      0x1e8 /home/user/Library/gcc-arm-none-eabi-5_4-2016q3/bin/../lib/gcc/arm-none-eabi/5.4.1/../../../../arm-none-eabi/lib/armv7-m/libc_nano.a(lib_a-nano-svfprintf.o)
                0x08002f58                _svfprintf_r
                0x08002f58                _svfiprintf_r
 .text._printf_common
                0x08003140       0xec /home/user/Library/gcc-arm-none-eabi-5_4-2016q3/bin/../lib/gcc/arm-none-eabi/5.4.1/../../../../arm-none-eabi/lib/armv7-m/libc_nano.a(lib_a-nano-vfprintf_i.o)
                0x08003140                _printf_common
 .text._printf_i
                0x0800322c      0x24c /home/user/Library/gcc-arm-none-eabi-5_4-2016q3/bin/../lib/gcc/arm-none-eabi/5.4.1/../../../../arm-none-eabi/lib/armv7-m/libc_nano.a(lib_a-nano-vfprintf_i.o)
                0x0800322c                _printf_i
 .text.memchr   0x08003478       0x1c /home/user/Library/gcc-arm-none-eabi-5_4-2016q3/bin/../lib/gcc/arm-none-eabi/5.4.1/../../../../arm-none-eabi/lib/armv7-m/libc_nano.a(lib_a-memchr-stub.o)
                0x08003478                memchr
 .text.memmove  0x08003494       0x36 /home/user/Library/gcc-arm-none-eabi-5_4-2016q3/bin/../lib/gcc/arm-none-eabi/5.4.1/../../../../arm-none-eabi/lib/armv7-m/libc_nano.a(lib_a-memmove.o)
                0x08003494                memmove
 *fill*         0x080034ca        0x2 
 .text._free_r  0x080034cc       0x98 /home/user/Library/gcc-arm-none-eabi-5_4-2016q3/bin/../lib/gcc/arm-none-eabi/5.4.1/../../../../arm-none-eabi/lib/armv7-m/libc_nano.a(lib_a-nano-freer.o)
                0x080034cc                _free_r
 .text._malloc_r
                0x08003564       0xbc /home/user/Library/gcc-arm-none-eabi-5_4-2016q3/bin/../lib/gcc/arm-none-eabi/5.4.1/../../../../arm-none-eabi/lib/armv7-m/libc_nano.a(lib_a-nano-mallocr.o)
                0x08003564                _malloc_r
 .text._realloc_r
                0x08003620       0x4c /home/user/Library/gcc-arm-none-eabi-5_4-2016q3/bin/../lib/gcc/arm-none-eabi/5.4.1/../../../../arm-none-eabi/lib/armv7-m/libc_nano.a(lib_a-nano-reallocr.o)
                0x08003620                _realloc_r
 .text._sbrk_r  0x0800366c       0x20 /home/user/Library/gcc-arm-none-eabi-5_4-2016q3/bin/../lib/gcc/arm-none-eabi/5.4.1/../../../../arm-none-eabi/lib/armv7-m/libc_nano.a(lib_a-sbrkr.o)
                0x0800366c                _sbrk_r
 .text.__malloc_lock
                0x0800368c        0x2 /home/user/Library/gcc-arm-none-eabi-5_4-2016q3/bin/../lib/gcc/arm-none-eabi/5.4.1/../../../../arm-none-eabi/lib/armv7-m/libc_nano.a(lib_a-mlock.o)
                0x0800368c                __malloc_lock
 .text.__malloc_unlock
                0x0800368e        0x2 /home/user/Library/gcc-arm-none-eabi-5_4-2016q3/bin/../lib/gcc/arm-none-eabi/5.4.1/../../../../arm-none-eabi/lib/armv7-m/libc_nano.a(lib_a-mlock.o)
                0x0800368e                __malloc_unlock
 .text._malloc_usable_size_r
                0x08003690       0x14 /home/user/Library/gcc-arm-none-eabi-5_4-2016q3/bin/../lib/gcc/arm-none-eabi/5.4.1/../../../../arm-none-eabi/lib/armv7-m/libc_nano.a(lib_a-nano-msizer.o)
                0x08003690                _malloc_usable_size_r
 .text._sbrk    0x080036a4       0x1c /home/user/Library/gcc-arm-none-eabi-5_4-2016q3/bin/../lib/gcc/arm-none-eabi/5.4.1/../../../../arm-none-eabi/lib/armv7-m/libnosys.a(sbrk.o)
                0x080036a4                _sbrk
 *(.glue_7)
 .glue_7        0x080036c0        0x0 linker stubs
 *(.glue_7t)
 .glue_7t       0x080036c0        0x0 linker stubs
 *(.eh_frame)
 .eh_frame      0x080036c0        0x0 /home/user/Library/gcc-arm-none-eabi-5_4-2016q3/bin/../lib/gcc/arm-none-eabi/5.4.1/armv7-m/crtbegin.o
 *(.init)
 .init          0x080036c0        0x4 /home/user/Library/gcc-arm-none-eabi-5_4-2016q3/bin/../lib/gcc/arm-none-eabi/5.4.1/armv7-m/crti.o
                0x080036c0                _init
 .init          0x080036c4        0x8 /home/user/Library/gcc-arm-none-eabi-5_4-2016q3/bin/../lib/gcc/arm-none-eabi/5.4.1/armv7-m/crtn.o
 *(.fini)
 .fini          0x080036cc        0x4 /home/user/Library/gcc-arm-none-eabi-5_4-2016q3/bin/../lib/gcc/arm-none-eabi/5.4.1/armv7-m/crti.o
                0x080036cc                _fini
 .fini          0x080036d0        0x8 /home/user/Library/gcc-arm-none-eabi-5_4-2016q3/bin/../lib/gcc/arm-none-eabi/5.4.1/armv7-m/crtn.o
                0x080036d8                . = ALIGN (0x4)
                0x080036d8                _etext = .

.vfp11_veneer   0x080036d8        0x0
 .vfp11_veneer  0x080036d8        0x0 linker stubs

.v4_bx          0x080036d8        0x0
 .v4_bx         0x080036d8        0x0 linker stubs

.iplt           0x080036d8        0x0
 .iplt          0x080036d8        0x0 /home/user/Library/gcc-arm-none-eabi-5_4-2016q3/bin/../lib/gcc/arm-none-eabi/5.4.1/armv7-m/crtbegin.o

.rodata         0x080036d8       0xc8
                0x080036d8                . = ALIGN (0x4)
 *(.rodata)
 .rodata        0x080036d8       0x28 build/main.o
 .rodata        0x08003700       0x12 build/stm32f1xx_hal_rcc.o
 *(.rodata*)
 *fill*         0x08003712        0x2 
 .rodata.str1.4
                0x08003714       0x36 build/main.o
 *fill*         0x0800374a        0x2 
 .rodata.AHBPrescTable
                0x0800374c       0x10 build/system_stm32f1xx.o
                0x0800374c                AHBPrescTable
 .rodata.APBPrescTable
                0x0800375c        0x8 build/system_stm32f1xx.o
                0x0800375c                APBPrescTable
 .rodata.str1.4
                0x08003764        0x8 build/tasks.o
                                  0x5 (size before relaxing)
 .rodata.str1.1
                0x0800376c       0x11 /home/user/Library/gcc-arm-none-eabi-5_4-2016q3/bin/../lib/gcc/arm-none-eabi/5.4.1/../../../../arm-none-eabi/lib/armv7-m/libc_nano.a(lib_a-nano-svfprintf.o)
 .rodata.str1.1
                0x0800377d       0x22 /home/user/Library/gcc-arm-none-eabi-5_4-2016q3/bin/../lib/gcc/arm-none-eabi/5.4.1/../../../../arm-none-eabi/lib/armv7-m/libc_nano.a(lib_a-nano-vfprintf_i.o)
                0x080037a0                . = ALIGN (0x4)
 *fill*         0x0800379f        0x1 

.rel.dyn        0x080037a0        0x0
 .rel.iplt      0x080037a0        0x0 /home/user/Library/gcc-arm-none-eabi-5_4-2016q3/bin/../lib/gcc/arm-none-eabi/5.4.1/armv7-m/crtbegin.o

.ARM.extab
 *(.ARM.extab* .gnu.linkonce.armextab.*)

.ARM            0x080037a0        0x0
                0x080037a0                __exidx_start = .
 *(.ARM.exidx*)
                0x080037a0                __exidx_end = .

.preinit_array  0x080037a0        0x0
                0x080037a0                PROVIDE (__preinit_array_start, .)
 *(.preinit_array*)
                0x080037a0                PROVIDE (__preinit_array_end, .)

.init_array     0x080037a0        0x4
                0x080037a0                PROVIDE (__init_array_start, .)
 *(SORT(.init_array.*))
 *(.init_array*)
 .init_array    0x080037a0        0x4 /home/user/Library/gcc-arm-none-eabi-5_4-2016q3/bin/../lib/gcc/arm-none-eabi/5.4.1/armv7-m/crtbegin.o
                0x080037a4                PROVIDE (__init_array_end, .)

.fini_array     0x080037a4        0x4
                [!provide]                PROVIDE (__fini_array_start, .)
 *(SORT(.fini_array.*))
 *(.fini_array*)
 .fini_array    0x080037a4        0x4 /home/user/Library/gcc-arm-none-eabi-5_4-2016q3/bin/../lib/gcc/arm-none-eabi/5.4.1/armv7-m/crtbegin.o
                [!provide]                PROVIDE (__fini_array_end, .)
                0x080037a8                _sidata = LOADADDR (.data)

.data           0x20000000       0x70 load address 0x080037a8
                0x20000000                . = ALIGN (0x4)
                0x20000000                _sdata = .
 *(.data)
 *(.data*)
 .data.uwTickFreq
                0x20000000        0x1 build/stm32f1xx_hal.o
                0x20000000                uwTickFreq
 *fill*         0x20000001        0x3 
 .data.SystemCoreClock
                0x20000004        0x4 build/system_stm32f1xx.o
                0x20000004                SystemCoreClock
 .data.uxCriticalNesting
                0x20000008        0x4 build/port.o
 .data.impure_data
                0x2000000c       0x60 /home/user/Library/gcc-arm-none-eabi-5_4-2016q3/bin/../lib/gcc/arm-none-eabi/5.4.1/../../../../arm-none-eabi/lib/armv7-m/libc_nano.a(lib_a-impure.o)
 .data._impure_ptr
                0x2000006c        0x4 /home/user/Library/gcc-arm-none-eabi-5_4-2016q3/bin/../lib/gcc/arm-none-eabi/5.4.1/../../../../arm-none-eabi/lib/armv7-m/libc_nano.a(lib_a-impure.o)
                0x2000006c                _impure_ptr
                0x20000070                . = ALIGN (0x4)
                0x20000070                _edata = .

.jcr            0x20000070        0x0 load address 0x08003818
 .jcr           0x20000070        0x0 /home/user/Library/gcc-arm-none-eabi-5_4-2016q3/bin/../lib/gcc/arm-none-eabi/5.4.1/armv7-m/crtbegin.o

.igot.plt       0x20000070        0x0 load address 0x08003818
 .igot.plt      0x20000070        0x0 /home/user/Library/gcc-arm-none-eabi-5_4-2016q3/bin/../lib/gcc/arm-none-eabi/5.4.1/armv7-m/crtbegin.o
                0x20000070                . = ALIGN (0x4)

.bss            0x20000070      0xeb4 load address 0x08003818
                0x20000070                _sbss = .
                0x20000070                __bss_start__ = _sbss
 *(.bss)
 .bss           0x20000070       0x1c /home/user/Library/gcc-arm-none-eabi-5_4-2016q3/bin/../lib/gcc/arm-none-eabi/5.4.1/armv7-m/crtbegin.o
 *(.bss*)
 .bss.xFreeBytesRemaining
                0x2000008c        0x4 build/heap_4.o
 .bss.pxEnd     0x20000090        0x4 build/heap_4.o
 .bss.xStart    0x20000094        0x8 build/heap_4.o
 .bss.ucHeap    0x2000009c      0xc00 build/heap_4.o
 .bss.xBlockAllocatedBit
                0x20000c9c        0x4 build/heap_4.o
 .bss.xMinimumEverFreeBytesRemaining
                0x20000ca0        0x4 build/heap_4.o
 .bss.ucMaxSysCallPriority
                0x20000ca4        0x1 build/port.o
 *fill*         0x20000ca5        0x3 
 .bss.ulMaxPRIGROUPValue
                0x20000ca8        0x4 build/port.o
 .bss.xNumOfOverflows
                0x20000cac        0x4 build/tasks.o
 .bss.pxDelayedTaskList
                0x20000cb0        0x4 build/tasks.o
 .bss.xSchedulerRunning
                0x20000cb4        0x4 build/tasks.o
 .bss.xTasksWaitingTermination
                0x20000cb8       0x14 build/tasks.o
 .bss.pxOverflowDelayedTaskList
                0x20000ccc        0x4 build/tasks.o
 .bss.uxPendedTicks
                0x20000cd0        0x4 build/tasks.o
 .bss.pxReadyTasksLists
                0x20000cd4       0x8c build/tasks.o
 .bss.uxSchedulerSuspended
                0x20000d60        0x4 build/tasks.o
 .bss.uxDeletedTasksWaitingCleanUp
                0x20000d64        0x4 build/tasks.o
 .bss.uxCurrentNumberOfTasks
                0x20000d68        0x4 build/tasks.o
 .bss.pxCurrentTCB
                0x20000d6c        0x4 build/tasks.o
                0x20000d6c                pxCurrentTCB
 .bss.xPendingReadyList
                0x20000d70       0x14 build/tasks.o
 .bss.xIdleTaskHandle
                0x20000d84        0x4 build/tasks.o
 .bss.xTickCount
                0x20000d88        0x4 build/tasks.o
 .bss.xNextTaskUnblockTime
                0x20000d8c        0x4 build/tasks.o
 .bss.uxTaskNumber
                0x20000d90        0x4 build/tasks.o
 .bss.xDelayedTaskList1
                0x20000d94       0x14 build/tasks.o
 .bss.xDelayedTaskList2
                0x20000da8       0x14 build/tasks.o
 .bss.xSuspendedTaskList
                0x20000dbc       0x14 build/tasks.o
 .bss.uxTopReadyPriority
                0x20000dd0        0x4 build/tasks.o
 .bss.xYieldPending
                0x20000dd4        0x4 build/tasks.o
 .bss.__malloc_sbrk_start
                0x20000dd8        0x4 /home/user/Library/gcc-arm-none-eabi-5_4-2016q3/bin/../lib/gcc/arm-none-eabi/5.4.1/../../../../arm-none-eabi/lib/armv7-m/libc_nano.a(lib_a-nano-mallocr.o)
                0x20000dd8                __malloc_sbrk_start
 .bss.__malloc_free_list
                0x20000ddc        0x4 /home/user/Library/gcc-arm-none-eabi-5_4-2016q3/bin/../lib/gcc/arm-none-eabi/5.4.1/../../../../arm-none-eabi/lib/armv7-m/libc_nano.a(lib_a-nano-mallocr.o)
                0x20000ddc                __malloc_free_list
 .bss.heap_end.4167
                0x20000de0        0x4 /home/user/Library/gcc-arm-none-eabi-5_4-2016q3/bin/../lib/gcc/arm-none-eabi/5.4.1/../../../../arm-none-eabi/lib/armv7-m/libnosys.a(sbrk.o)
 *(COMMON)
 COMMON         0x20000de4       0xf8 build/main.o
                0x20000de4                sFliterConfig
                0x20000e0c                flag
                0x20000e10                hcan
                0x20000e54                Task1Handle
                0x20000e58                huart1
                0x20000e98                TxMessage
                0x20000eb4                RxMessage
                0x20000ed8                Task0Handle
 COMMON         0x20000edc       0x40 build/stm32f1xx_hal_timebase_TIM.o
                0x20000edc                htim4
 COMMON         0x20000f1c        0x4 build/stm32f1xx_hal.o
                0x20000f1c                uwTick
 COMMON         0x20000f20        0x4 /home/user/Library/gcc-arm-none-eabi-5_4-2016q3/bin/../lib/gcc/arm-none-eabi/5.4.1/../../../../arm-none-eabi/lib/armv7-m/libc_nano.a(lib_a-reent.o)
                0x20000f20                errno
                0x20000f24                . = ALIGN (0x4)
                0x20000f24                _ebss = .
                0x20000f24                __bss_end__ = _ebss

._user_heap_stack
                0x20000f24      0x604 load address 0x08003818
                0x20000f28                . = ALIGN (0x8)
 *fill*         0x20000f24        0x4 
                0x20000f28                PROVIDE (end, .)
                [!provide]                PROVIDE (_end, .)
                0x20001128                . = (. + _Min_Heap_Size)
 *fill*         0x20000f28      0x200 
                0x20001528                . = (. + _Min_Stack_Size)
 *fill*         0x20001128      0x400 
                0x20001528                . = ALIGN (0x8)

/DISCARD/
 libc.a(*)
 libm.a(*)
 libgcc.a(*)

.ARM.attributes
                0x00000000       0x29
 *(.ARM.attributes)
 .ARM.attributes
                0x00000000       0x1d /home/user/Library/gcc-arm-none-eabi-5_4-2016q3/bin/../lib/gcc/arm-none-eabi/5.4.1/armv7-m/crti.o
 .ARM.attributes
                0x0000001d       0x2d /home/user/Library/gcc-arm-none-eabi-5_4-2016q3/bin/../lib/gcc/arm-none-eabi/5.4.1/armv7-m/crtbegin.o
 .ARM.attributes
                0x0000004a       0x33 build/main.o
 .ARM.attributes
                0x0000007d       0x33 build/stm32f1xx_it.o
 .ARM.attributes
                0x000000b0       0x33 build/stm32f1xx_hal_msp.o
 .ARM.attributes
                0x000000e3       0x33 build/stm32f1xx_hal_timebase_TIM.o
 .ARM.attributes
                0x00000116       0x33 build/stm32f1xx_hal_can.o
 .ARM.attributes
                0x00000149       0x33 build/stm32f1xx_hal_tim.o
 .ARM.attributes
                0x0000017c       0x33 build/stm32f1xx_hal_tim_ex.o
 .ARM.attributes
                0x000001af       0x33 build/stm32f1xx_hal_uart.o
 .ARM.attributes
                0x000001e2       0x33 build/stm32f1xx_hal.o
 .ARM.attributes
                0x00000215       0x33 build/stm32f1xx_hal_rcc.o
 .ARM.attributes
                0x00000248       0x33 build/stm32f1xx_hal_gpio.o
 .ARM.attributes
                0x0000027b       0x33 build/stm32f1xx_hal_cortex.o
 .ARM.attributes
                0x000002ae       0x33 build/system_stm32f1xx.o
 .ARM.attributes
                0x000002e1       0x33 build/heap_4.o
 .ARM.attributes
                0x00000314       0x33 build/port.o
 .ARM.attributes
                0x00000347       0x33 build/list.o
 .ARM.attributes
                0x0000037a       0x33 build/tasks.o
 .ARM.attributes
                0x000003ad       0x33 build/cmsis_os.o
 .ARM.attributes
                0x000003e0       0x21 build/startup_stm32f103xe.o
 .ARM.attributes
                0x00000401       0x2d /home/user/Library/gcc-arm-none-eabi-5_4-2016q3/bin/../lib/gcc/arm-none-eabi/5.4.1/../../../../arm-none-eabi/lib/armv7-m/libc_nano.a(lib_a-impure.o)
 .ARM.attributes
                0x0000042e       0x2d /home/user/Library/gcc-arm-none-eabi-5_4-2016q3/bin/../lib/gcc/arm-none-eabi/5.4.1/../../../../arm-none-eabi/lib/armv7-m/libc_nano.a(lib_a-init.o)
 .ARM.attributes
                0x0000045b       0x2d /home/user/Library/gcc-arm-none-eabi-5_4-2016q3/bin/../lib/gcc/arm-none-eabi/5.4.1/../../../../arm-none-eabi/lib/armv7-m/libc_nano.a(lib_a-memcpy-stub.o)
 .ARM.attributes
                0x00000488       0x2d /home/user/Library/gcc-arm-none-eabi-5_4-2016q3/bin/../lib/gcc/arm-none-eabi/5.4.1/../../../../arm-none-eabi/lib/armv7-m/libc_nano.a(lib_a-sprintf.o)
 .ARM.attributes
                0x000004b5       0x2d /home/user/Library/gcc-arm-none-eabi-5_4-2016q3/bin/../lib/gcc/arm-none-eabi/5.4.1/../../../../arm-none-eabi/lib/armv7-m/libc_nano.a(lib_a-nano-svfprintf.o)
 .ARM.attributes
                0x000004e2       0x2d /home/user/Library/gcc-arm-none-eabi-5_4-2016q3/bin/../lib/gcc/arm-none-eabi/5.4.1/../../../../arm-none-eabi/lib/armv7-m/libc_nano.a(lib_a-nano-vfprintf_i.o)
 .ARM.attributes
                0x0000050f       0x2d /home/user/Library/gcc-arm-none-eabi-5_4-2016q3/bin/../lib/gcc/arm-none-eabi/5.4.1/../../../../arm-none-eabi/lib/armv7-m/libc_nano.a(lib_a-memchr-stub.o)
 .ARM.attributes
                0x0000053c       0x2d /home/user/Library/gcc-arm-none-eabi-5_4-2016q3/bin/../lib/gcc/arm-none-eabi/5.4.1/../../../../arm-none-eabi/lib/armv7-m/libc_nano.a(lib_a-memmove.o)
 .ARM.attributes
                0x00000569       0x2d /home/user/Library/gcc-arm-none-eabi-5_4-2016q3/bin/../lib/gcc/arm-none-eabi/5.4.1/../../../../arm-none-eabi/lib/armv7-m/libc_nano.a(lib_a-nano-freer.o)
 .ARM.attributes
                0x00000596       0x2d /home/user/Library/gcc-arm-none-eabi-5_4-2016q3/bin/../lib/gcc/arm-none-eabi/5.4.1/../../../../arm-none-eabi/lib/armv7-m/libc_nano.a(lib_a-nano-mallocr.o)
 .ARM.attributes
                0x000005c3       0x2d /home/user/Library/gcc-arm-none-eabi-5_4-2016q3/bin/../lib/gcc/arm-none-eabi/5.4.1/../../../../arm-none-eabi/lib/armv7-m/libc_nano.a(lib_a-nano-reallocr.o)
 .ARM.attributes
                0x000005f0       0x2d /home/user/Library/gcc-arm-none-eabi-5_4-2016q3/bin/../lib/gcc/arm-none-eabi/5.4.1/../../../../arm-none-eabi/lib/armv7-m/libc_nano.a(lib_a-sbrkr.o)
 .ARM.attributes
                0x0000061d       0x2d /home/user/Library/gcc-arm-none-eabi-5_4-2016q3/bin/../lib/gcc/arm-none-eabi/5.4.1/../../../../arm-none-eabi/lib/armv7-m/libc_nano.a(lib_a-mlock.o)
 .ARM.attributes
                0x0000064a       0x2d /home/user/Library/gcc-arm-none-eabi-5_4-2016q3/bin/../lib/gcc/arm-none-eabi/5.4.1/../../../../arm-none-eabi/lib/armv7-m/libc_nano.a(lib_a-nano-msizer.o)
 .ARM.attributes
                0x00000677       0x2d /home/user/Library/gcc-arm-none-eabi-5_4-2016q3/bin/../lib/gcc/arm-none-eabi/5.4.1/../../../../arm-none-eabi/lib/armv7-m/libc_nano.a(lib_a-reent.o)
 .ARM.attributes
                0x000006a4       0x2d /home/user/Library/gcc-arm-none-eabi-5_4-2016q3/bin/../lib/gcc/arm-none-eabi/5.4.1/../../../../arm-none-eabi/lib/armv7-m/libnosys.a(sbrk.o)
 .ARM.attributes
                0x000006d1       0x1d /home/user/Library/gcc-arm-none-eabi-5_4-2016q3/bin/../lib/gcc/arm-none-eabi/5.4.1/armv7-m/crtn.o
OUTPUT(build/CAN.elf elf32-littlearm)

.debug_info     0x00000000    0x121a8
 .debug_info    0x00000000     0x1a12 build/main.o
 .debug_info    0x00001a12      0xc98 build/stm32f1xx_it.o
 .debug_info    0x000026aa     0x11da build/stm32f1xx_hal_msp.o
 .debug_info    0x00003884      0xa3c build/stm32f1xx_hal_timebase_TIM.o
 .debug_info    0x000042c0      0xd32 build/stm32f1xx_hal_can.o
 .debug_info    0x00004ff2     0x309c build/stm32f1xx_hal_tim.o
 .debug_info    0x0000808e     0x137e build/stm32f1xx_hal_tim_ex.o
 .debug_info    0x0000940c     0x1779 build/stm32f1xx_hal_uart.o
 .debug_info    0x0000ab85      0x83a build/stm32f1xx_hal.o
 .debug_info    0x0000b3bf      0xa90 build/stm32f1xx_hal_rcc.o
 .debug_info    0x0000be4f      0x66e build/stm32f1xx_hal_gpio.o
 .debug_info    0x0000c4bd      0xd36 build/stm32f1xx_hal_cortex.o
 .debug_info    0x0000d1f3      0x437 build/system_stm32f1xx.o
 .debug_info    0x0000d62a      0x46f build/heap_4.o
 .debug_info    0x0000da99      0x506 build/port.o
 .debug_info    0x0000df9f      0x2d0 build/list.o
 .debug_info    0x0000e26f     0x224f build/tasks.o
 .debug_info    0x000104be     0x1c86 build/cmsis_os.o
 .debug_info    0x00012144       0x64 build/startup_stm32f103xe.o

.debug_abbrev   0x00000000     0x2835
 .debug_abbrev  0x00000000      0x2b5 build/main.o
 .debug_abbrev  0x000002b5      0x1c8 build/stm32f1xx_it.o
 .debug_abbrev  0x0000047d      0x1bd build/stm32f1xx_hal_msp.o
 .debug_abbrev  0x0000063a      0x1d4 build/stm32f1xx_hal_timebase_TIM.o
 .debug_abbrev  0x0000080e      0x22b build/stm32f1xx_hal_can.o
 .debug_abbrev  0x00000a39      0x278 build/stm32f1xx_hal_tim.o
 .debug_abbrev  0x00000cb1      0x251 build/stm32f1xx_hal_tim_ex.o
 .debug_abbrev  0x00000f02      0x281 build/stm32f1xx_hal_uart.o
 .debug_abbrev  0x00001183      0x20f build/stm32f1xx_hal.o
 .debug_abbrev  0x00001392      0x28e build/stm32f1xx_hal_rcc.o
 .debug_abbrev  0x00001620      0x202 build/stm32f1xx_hal_gpio.o
 .debug_abbrev  0x00001822      0x2ee build/stm32f1xx_hal_cortex.o
 .debug_abbrev  0x00001b10      0x124 build/system_stm32f1xx.o
 .debug_abbrev  0x00001c34      0x216 build/heap_4.o
 .debug_abbrev  0x00001e4a      0x26e build/port.o
 .debug_abbrev  0x000020b8       0xf8 build/list.o
 .debug_abbrev  0x000021b0      0x358 build/tasks.o
 .debug_abbrev  0x00002508      0x31b build/cmsis_os.o
 .debug_abbrev  0x00002823       0x12 build/startup_stm32f103xe.o

.debug_loc      0x00000000     0xbcab
 .debug_loc     0x00000000      0x1ac build/main.o
 .debug_loc     0x000001ac       0x60 build/stm32f1xx_it.o
 .debug_loc     0x0000020c      0x1c9 build/stm32f1xx_hal_msp.o
 .debug_loc     0x000003d5       0xb1 build/stm32f1xx_hal_timebase_TIM.o
 .debug_loc     0x00000486      0xd25 build/stm32f1xx_hal_can.o
 .debug_loc     0x000011ab     0x3cc6 build/stm32f1xx_hal_tim.o
 .debug_loc     0x00004e71     0x11d2 build/stm32f1xx_hal_tim_ex.o
 .debug_loc     0x00006043     0x17b0 build/stm32f1xx_hal_uart.o
 .debug_loc     0x000077f3      0x1a8 build/stm32f1xx_hal.o
 .debug_loc     0x0000799b      0x6e5 build/stm32f1xx_hal_rcc.o
 .debug_loc     0x00008080      0x410 build/stm32f1xx_hal_gpio.o
 .debug_loc     0x00008490      0x59f build/stm32f1xx_hal_cortex.o
 .debug_loc     0x00008a2f       0xdf build/system_stm32f1xx.o
 .debug_loc     0x00008b0e      0x32f build/heap_4.o
 .debug_loc     0x00008e3d      0x11a build/port.o
 .debug_loc     0x00008f57       0x91 build/list.o
 .debug_loc     0x00008fe8     0x16d3 build/tasks.o
 .debug_loc     0x0000a6bb     0x15f0 build/cmsis_os.o

.debug_aranges  0x00000000      0xf58
 .debug_aranges
                0x00000000       0x60 build/main.o
 .debug_aranges
                0x00000060       0x60 build/stm32f1xx_it.o
 .debug_aranges
                0x000000c0       0x40 build/stm32f1xx_hal_msp.o
 .debug_aranges
                0x00000100       0x30 build/stm32f1xx_hal_timebase_TIM.o
 .debug_aranges
                0x00000130       0xb0 build/stm32f1xx_hal_can.o
 .debug_aranges
                0x000001e0      0x368 build/stm32f1xx_hal_tim.o
 .debug_aranges
                0x00000548      0x138 build/stm32f1xx_hal_tim_ex.o
 .debug_aranges
                0x00000680      0x1d0 build/stm32f1xx_hal_uart.o
 .debug_aranges
                0x00000850       0xd0 build/stm32f1xx_hal.o
 .debug_aranges
                0x00000920       0x90 build/stm32f1xx_hal_rcc.o
 .debug_aranges
                0x000009b0       0x58 build/stm32f1xx_hal_gpio.o
 .debug_aranges
                0x00000a08       0x90 build/stm32f1xx_hal_cortex.o
 .debug_aranges
                0x00000a98       0x28 build/system_stm32f1xx.o
 .debug_aranges
                0x00000ac0       0x50 build/heap_4.o
 .debug_aranges
                0x00000b10       0x78 build/port.o
 .debug_aranges
                0x00000b88       0x40 build/list.o
 .debug_aranges
                0x00000bc8      0x190 build/tasks.o
 .debug_aranges
                0x00000d58      0x1d8 build/cmsis_os.o
 .debug_aranges
                0x00000f30       0x28 build/startup_stm32f103xe.o

.debug_ranges   0x00000000      0xe80
 .debug_ranges  0x00000000       0x50 build/main.o
 .debug_ranges  0x00000050       0x50 build/stm32f1xx_it.o
 .debug_ranges  0x000000a0       0x30 build/stm32f1xx_hal_msp.o
 .debug_ranges  0x000000d0       0x20 build/stm32f1xx_hal_timebase_TIM.o
 .debug_ranges  0x000000f0       0xa0 build/stm32f1xx_hal_can.o
 .debug_ranges  0x00000190      0x358 build/stm32f1xx_hal_tim.o
 .debug_ranges  0x000004e8      0x128 build/stm32f1xx_hal_tim_ex.o
 .debug_ranges  0x00000610      0x1c0 build/stm32f1xx_hal_uart.o
 .debug_ranges  0x000007d0       0xc0 build/stm32f1xx_hal.o
 .debug_ranges  0x00000890       0x98 build/stm32f1xx_hal_rcc.o
 .debug_ranges  0x00000928       0x48 build/stm32f1xx_hal_gpio.o
 .debug_ranges  0x00000970       0x80 build/stm32f1xx_hal_cortex.o
 .debug_ranges  0x000009f0       0x18 build/system_stm32f1xx.o
 .debug_ranges  0x00000a08       0x40 build/heap_4.o
 .debug_ranges  0x00000a48       0x68 build/port.o
 .debug_ranges  0x00000ab0       0x30 build/list.o
 .debug_ranges  0x00000ae0      0x1b8 build/tasks.o
 .debug_ranges  0x00000c98      0x1c8 build/cmsis_os.o
 .debug_ranges  0x00000e60       0x20 build/startup_stm32f103xe.o

.debug_line     0x00000000     0x6200
 .debug_line    0x00000000      0x43c build/main.o
 .debug_line    0x0000043c      0x29f build/stm32f1xx_it.o
 .debug_line    0x000006db      0x281 build/stm32f1xx_hal_msp.o
 .debug_line    0x0000095c      0x231 build/stm32f1xx_hal_timebase_TIM.o
 .debug_line    0x00000b8d      0x709 build/stm32f1xx_hal_can.o
 .debug_line    0x00001296     0x11b3 build/stm32f1xx_hal_tim.o
 .debug_line    0x00002449      0x759 build/stm32f1xx_hal_tim_ex.o
 .debug_line    0x00002ba2      0xa90 build/stm32f1xx_hal_uart.o
 .debug_line    0x00003632      0x395 build/stm32f1xx_hal.o
 .debug_line    0x000039c7      0x514 build/stm32f1xx_hal_rcc.o
 .debug_line    0x00003edb      0x366 build/stm32f1xx_hal_gpio.o
 .debug_line    0x00004241      0x318 build/stm32f1xx_hal_cortex.o
 .debug_line    0x00004559      0x1a0 build/system_stm32f1xx.o
 .debug_line    0x000046f9      0x31a build/heap_4.o
 .debug_line    0x00004a13      0x2d3 build/port.o
 .debug_line    0x00004ce6      0x20b build/list.o
 .debug_line    0x00004ef1      0xa94 build/tasks.o
 .debug_line    0x00005985      0x809 build/cmsis_os.o
 .debug_line    0x0000618e       0x72 build/startup_stm32f103xe.o

.debug_str      0x00000000     0x4d2d
 .debug_str     0x00000000     0x12a8 build/main.o
                               0x135d (size before relaxing)
 .debug_str     0x000012a8      0x100 build/stm32f1xx_it.o
                                0x91c (size before relaxing)
 .debug_str     0x000013a8       0xe8 build/stm32f1xx_hal_msp.o
                                0xd38 (size before relaxing)
 .debug_str     0x00001490      0x101 build/stm32f1xx_hal_timebase_TIM.o
                                0xaed (size before relaxing)
 .debug_str     0x00001591      0x151 build/stm32f1xx_hal_can.o
                                0x7a0 (size before relaxing)
 .debug_str     0x000016e2      0xd0d build/stm32f1xx_hal_tim.o
                               0x1344 (size before relaxing)
 .debug_str     0x000023ef      0x4ee build/stm32f1xx_hal_tim_ex.o
                                0xbe6 (size before relaxing)
 .debug_str     0x000028dd      0x51f build/stm32f1xx_hal_uart.o
                                0xb6f (size before relaxing)
 .debug_str     0x00002dfc      0x261 build/stm32f1xx_hal.o
                                0x8ee (size before relaxing)
 .debug_str     0x0000305d      0x18f build/stm32f1xx_hal_rcc.o
                                0x62a (size before relaxing)
 .debug_str     0x000031ec      0x117 build/stm32f1xx_hal_gpio.o
                                0x415 (size before relaxing)
 .debug_str     0x00003303      0x25a build/stm32f1xx_hal_cortex.o
                                0x99e (size before relaxing)
 .debug_str     0x0000355d       0x4a build/system_stm32f1xx.o
                                0x2bc (size before relaxing)
 .debug_str     0x000035a7      0x245 build/heap_4.o
                                0x3c9 (size before relaxing)
 .debug_str     0x000037ec      0x277 build/port.o
                                0x435 (size before relaxing)
 .debug_str     0x00003a63      0x141 build/list.o
                                0x2e0 (size before relaxing)
 .debug_str     0x00003ba4      0x9cd build/tasks.o
                                0xddb (size before relaxing)
 .debug_str     0x00004571      0x7bc build/cmsis_os.o
                                0xd9d (size before relaxing)

.comment        0x00000000       0x6e
 .comment       0x00000000       0x6e build/main.o
                                 0x6f (size before relaxing)
 .comment       0x0000006e       0x6f build/stm32f1xx_it.o
 .comment       0x0000006e       0x6f build/stm32f1xx_hal_msp.o
 .comment       0x0000006e       0x6f build/stm32f1xx_hal_timebase_TIM.o
 .comment       0x0000006e       0x6f build/stm32f1xx_hal_can.o
 .comment       0x0000006e       0x6f build/stm32f1xx_hal_tim.o
 .comment       0x0000006e       0x6f build/stm32f1xx_hal_tim_ex.o
 .comment       0x0000006e       0x6f build/stm32f1xx_hal_uart.o
 .comment       0x0000006e       0x6f build/stm32f1xx_hal.o
 .comment       0x0000006e       0x6f build/stm32f1xx_hal_rcc.o
 .comment       0x0000006e       0x6f build/stm32f1xx_hal_gpio.o
 .comment       0x0000006e       0x6f build/stm32f1xx_hal_cortex.o
 .comment       0x0000006e       0x6f build/system_stm32f1xx.o
 .comment       0x0000006e       0x6f build/heap_4.o
 .comment       0x0000006e       0x6f build/port.o
 .comment       0x0000006e       0x6f build/list.o
 .comment       0x0000006e       0x6f build/tasks.o
 .comment       0x0000006e       0x6f build/cmsis_os.o

.debug_frame    0x00000000     0x308c
 .debug_frame   0x00000000      0x118 build/main.o
 .debug_frame   0x00000118       0xc8 build/stm32f1xx_it.o
 .debug_frame   0x000001e0       0xbc build/stm32f1xx_hal_msp.o
 .debug_frame   0x0000029c       0x4c build/stm32f1xx_hal_timebase_TIM.o
 .debug_frame   0x000002e8      0x250 build/stm32f1xx_hal_can.o
 .debug_frame   0x00000538      0xb08 build/stm32f1xx_hal_tim.o
 .debug_frame   0x00001040      0x420 build/stm32f1xx_hal_tim_ex.o
 .debug_frame   0x00001460      0x574 build/stm32f1xx_hal_uart.o
 .debug_frame   0x000019d4      0x1c0 build/stm32f1xx_hal.o
 .debug_frame   0x00001b94      0x190 build/stm32f1xx_hal_rcc.o
 .debug_frame   0x00001d24       0xd4 build/stm32f1xx_hal_gpio.o
 .debug_frame   0x00001df8      0x134 build/stm32f1xx_hal_cortex.o
 .debug_frame   0x00001f2c       0x30 build/system_stm32f1xx.o
 .debug_frame   0x00001f5c       0xb8 build/heap_4.o
 .debug_frame   0x00002014       0xe8 build/port.o
 .debug_frame   0x000020fc       0x70 build/list.o
 .debug_frame   0x0000216c      0x57c build/tasks.o
 .debug_frame   0x000026e8      0x608 build/cmsis_os.o
 .debug_frame   0x00002cf0       0x2c /home/user/Library/gcc-arm-none-eabi-5_4-2016q3/bin/../lib/gcc/arm-none-eabi/5.4.1/../../../../arm-none-eabi/lib/armv7-m/libc_nano.a(lib_a-init.o)
 .debug_frame   0x00002d1c       0x28 /home/user/Library/gcc-arm-none-eabi-5_4-2016q3/bin/../lib/gcc/arm-none-eabi/5.4.1/../../../../arm-none-eabi/lib/armv7-m/libc_nano.a(lib_a-memcpy-stub.o)
 .debug_frame   0x00002d44       0x70 /home/user/Library/gcc-arm-none-eabi-5_4-2016q3/bin/../lib/gcc/arm-none-eabi/5.4.1/../../../../arm-none-eabi/lib/armv7-m/libc_nano.a(lib_a-sprintf.o)
 .debug_frame   0x00002db4       0x90 /home/user/Library/gcc-arm-none-eabi-5_4-2016q3/bin/../lib/gcc/arm-none-eabi/5.4.1/../../../../arm-none-eabi/lib/armv7-m/libc_nano.a(lib_a-nano-svfprintf.o)
 .debug_frame   0x00002e44       0x60 /home/user/Library/gcc-arm-none-eabi-5_4-2016q3/bin/../lib/gcc/arm-none-eabi/5.4.1/../../../../arm-none-eabi/lib/armv7-m/libc_nano.a(lib_a-nano-vfprintf_i.o)
 .debug_frame   0x00002ea4       0x28 /home/user/Library/gcc-arm-none-eabi-5_4-2016q3/bin/../lib/gcc/arm-none-eabi/5.4.1/../../../../arm-none-eabi/lib/armv7-m/libc_nano.a(lib_a-memchr-stub.o)
 .debug_frame   0x00002ecc       0x28 /home/user/Library/gcc-arm-none-eabi-5_4-2016q3/bin/../lib/gcc/arm-none-eabi/5.4.1/../../../../arm-none-eabi/lib/armv7-m/libc_nano.a(lib_a-memmove.o)
 .debug_frame   0x00002ef4       0x38 /home/user/Library/gcc-arm-none-eabi-5_4-2016q3/bin/../lib/gcc/arm-none-eabi/5.4.1/../../../../arm-none-eabi/lib/armv7-m/libc_nano.a(lib_a-nano-freer.o)
 .debug_frame   0x00002f2c       0x2c /home/user/Library/gcc-arm-none-eabi-5_4-2016q3/bin/../lib/gcc/arm-none-eabi/5.4.1/../../../../arm-none-eabi/lib/armv7-m/libc_nano.a(lib_a-nano-mallocr.o)
 .debug_frame   0x00002f58       0x3c /home/user/Library/gcc-arm-none-eabi-5_4-2016q3/bin/../lib/gcc/arm-none-eabi/5.4.1/../../../../arm-none-eabi/lib/armv7-m/libc_nano.a(lib_a-nano-reallocr.o)
 .debug_frame   0x00002f94       0x2c /home/user/Library/gcc-arm-none-eabi-5_4-2016q3/bin/../lib/gcc/arm-none-eabi/5.4.1/../../../../arm-none-eabi/lib/armv7-m/libc_nano.a(lib_a-sbrkr.o)
 .debug_frame   0x00002fc0       0x30 /home/user/Library/gcc-arm-none-eabi-5_4-2016q3/bin/../lib/gcc/arm-none-eabi/5.4.1/../../../../arm-none-eabi/lib/armv7-m/libc_nano.a(lib_a-mlock.o)
 .debug_frame   0x00002ff0       0x20 /home/user/Library/gcc-arm-none-eabi-5_4-2016q3/bin/../lib/gcc/arm-none-eabi/5.4.1/../../../../arm-none-eabi/lib/armv7-m/libc_nano.a(lib_a-nano-msizer.o)
 .debug_frame   0x00003010       0x5c /home/user/Library/gcc-arm-none-eabi-5_4-2016q3/bin/../lib/gcc/arm-none-eabi/5.4.1/../../../../arm-none-eabi/lib/armv7-m/libc_nano.a(lib_a-reent.o)
 .debug_frame   0x0000306c       0x20 /home/user/Library/gcc-arm-none-eabi-5_4-2016q3/bin/../lib/gcc/arm-none-eabi/5.4.1/../../../../arm-none-eabi/lib/armv7-m/libnosys.a(sbrk.o)

Cross Reference Table

Symbol                                            File
ADC1_2_IRQHandler                                 build/startup_stm32f103xe.o
ADC3_IRQHandler                                   build/startup_stm32f103xe.o
AHBPrescTable                                     build/system_stm32f1xx.o
                                                  build/stm32f1xx_hal_rcc.o
APBPrescTable                                     build/system_stm32f1xx.o
                                                  build/stm32f1xx_hal_rcc.o
BusFault_Handler                                  build/stm32f1xx_it.o
CAN1_RX1_IRQHandler                               build/startup_stm32f103xe.o
CAN1_SCE_IRQHandler                               build/startup_stm32f103xe.o
DMA1_Channel1_IRQHandler                          build/startup_stm32f103xe.o
DMA1_Channel2_IRQHandler                          build/startup_stm32f103xe.o
DMA1_Channel3_IRQHandler                          build/startup_stm32f103xe.o
DMA1_Channel4_IRQHandler                          build/startup_stm32f103xe.o
DMA1_Channel5_IRQHandler                          build/startup_stm32f103xe.o
DMA1_Channel6_IRQHandler                          build/startup_stm32f103xe.o
DMA1_Channel7_IRQHandler                          build/startup_stm32f103xe.o
DMA2_Channel1_IRQHandler                          build/startup_stm32f103xe.o
DMA2_Channel2_IRQHandler                          build/startup_stm32f103xe.o
DMA2_Channel3_IRQHandler                          build/startup_stm32f103xe.o
DMA2_Channel4_5_IRQHandler                        build/startup_stm32f103xe.o
DebugMon_Handler                                  build/stm32f1xx_it.o
Default_Handler                                   build/startup_stm32f103xe.o
EXTI0_IRQHandler                                  build/startup_stm32f103xe.o
EXTI15_10_IRQHandler                              build/startup_stm32f103xe.o
EXTI1_IRQHandler                                  build/startup_stm32f103xe.o
EXTI2_IRQHandler                                  build/startup_stm32f103xe.o
EXTI3_IRQHandler                                  build/startup_stm32f103xe.o
EXTI4_IRQHandler                                  build/startup_stm32f103xe.o
EXTI9_5_IRQHandler                                build/startup_stm32f103xe.o
FLASH_IRQHandler                                  build/startup_stm32f103xe.o
FLASH_PageErase                                   build/stm32f1xx_hal_flash_ex.o
                                                  build/stm32f1xx_hal_flash.o
FLASH_WaitForLastOperation                        build/stm32f1xx_hal_flash.o
                                                  build/stm32f1xx_hal_flash_ex.o
FSMC_IRQHandler                                   build/startup_stm32f103xe.o
Func_Task0                                        build/main.o
Func_Task1                                        build/main.o
HAL_CAN_ConfigFilter                              build/stm32f1xx_hal_can.o
                                                  build/main.o
HAL_CAN_DeInit                                    build/stm32f1xx_hal_can.o
HAL_CAN_ErrorCallback                             build/stm32f1xx_hal_can.o
HAL_CAN_GetError                                  build/stm32f1xx_hal_can.o
HAL_CAN_GetState                                  build/stm32f1xx_hal_can.o
HAL_CAN_IRQHandler                                build/stm32f1xx_hal_can.o
                                                  build/stm32f1xx_it.o
HAL_CAN_Init                                      build/stm32f1xx_hal_can.o
                                                  build/main.o
HAL_CAN_MspDeInit                                 build/stm32f1xx_hal_msp.o
HAL_CAN_MspInit                                   build/stm32f1xx_hal_msp.o
HAL_CAN_Receive                                   build/stm32f1xx_hal_can.o
                                                  build/stm32f1xx_it.o
HAL_CAN_Receive_IT                                build/stm32f1xx_hal_can.o
                                                  build/main.o
HAL_CAN_RxCpltCallback                            build/stm32f1xx_hal_can.o
HAL_CAN_Sleep                                     build/stm32f1xx_hal_can.o
HAL_CAN_Transmit                                  build/stm32f1xx_hal_can.o
HAL_CAN_Transmit_IT                               build/stm32f1xx_hal_can.o
HAL_CAN_TxCpltCallback                            build/stm32f1xx_hal_can.o
HAL_CAN_WakeUp                                    build/stm32f1xx_hal_can.o
HAL_DBGMCU_DisableDBGSleepMode                    build/stm32f1xx_hal.o
HAL_DBGMCU_DisableDBGStandbyMode                  build/stm32f1xx_hal.o
HAL_DBGMCU_DisableDBGStopMode                     build/stm32f1xx_hal.o
HAL_DBGMCU_EnableDBGSleepMode                     build/stm32f1xx_hal.o
HAL_DBGMCU_EnableDBGStandbyMode                   build/stm32f1xx_hal.o
HAL_DBGMCU_EnableDBGStopMode                      build/stm32f1xx_hal.o
HAL_DMA_Abort                                     build/stm32f1xx_hal_dma.o
                                                  build/stm32f1xx_hal_uart.o
                                                  build/stm32f1xx_hal_tim.o
HAL_DMA_Abort_IT                                  build/stm32f1xx_hal_dma.o
                                                  build/stm32f1xx_hal_uart.o
HAL_DMA_DeInit                                    build/stm32f1xx_hal_dma.o
HAL_DMA_GetError                                  build/stm32f1xx_hal_dma.o
HAL_DMA_GetState                                  build/stm32f1xx_hal_dma.o
HAL_DMA_IRQHandler                                build/stm32f1xx_hal_dma.o
HAL_DMA_Init                                      build/stm32f1xx_hal_dma.o
HAL_DMA_PollForTransfer                           build/stm32f1xx_hal_dma.o
HAL_DMA_RegisterCallback                          build/stm32f1xx_hal_dma.o
HAL_DMA_Start                                     build/stm32f1xx_hal_dma.o
HAL_DMA_Start_IT                                  build/stm32f1xx_hal_dma.o
                                                  build/stm32f1xx_hal_uart.o
                                                  build/stm32f1xx_hal_tim_ex.o
                                                  build/stm32f1xx_hal_tim.o
HAL_DMA_UnRegisterCallback                        build/stm32f1xx_hal_dma.o
HAL_DeInit                                        build/stm32f1xx_hal.o
HAL_Delay                                         build/stm32f1xx_hal.o
HAL_FLASHEx_Erase                                 build/stm32f1xx_hal_flash_ex.o
HAL_FLASHEx_Erase_IT                              build/stm32f1xx_hal_flash_ex.o
HAL_FLASHEx_OBErase                               build/stm32f1xx_hal_flash_ex.o
HAL_FLASHEx_OBGetConfig                           build/stm32f1xx_hal_flash_ex.o
HAL_FLASHEx_OBGetUserData                         build/stm32f1xx_hal_flash_ex.o
HAL_FLASHEx_OBProgram                             build/stm32f1xx_hal_flash_ex.o
HAL_FLASH_EndOfOperationCallback                  build/stm32f1xx_hal_flash.o
HAL_FLASH_GetError                                build/stm32f1xx_hal_flash.o
HAL_FLASH_IRQHandler                              build/stm32f1xx_hal_flash.o
HAL_FLASH_Lock                                    build/stm32f1xx_hal_flash.o
HAL_FLASH_OB_Launch                               build/stm32f1xx_hal_flash.o
HAL_FLASH_OB_Lock                                 build/stm32f1xx_hal_flash.o
HAL_FLASH_OB_Unlock                               build/stm32f1xx_hal_flash.o
HAL_FLASH_OperationErrorCallback                  build/stm32f1xx_hal_flash.o
HAL_FLASH_Program                                 build/stm32f1xx_hal_flash.o
HAL_FLASH_Program_IT                              build/stm32f1xx_hal_flash.o
HAL_FLASH_Unlock                                  build/stm32f1xx_hal_flash.o
HAL_GPIOEx_ConfigEventout                         build/stm32f1xx_hal_gpio_ex.o
HAL_GPIOEx_DisableEventout                        build/stm32f1xx_hal_gpio_ex.o
HAL_GPIOEx_EnableEventout                         build/stm32f1xx_hal_gpio_ex.o
HAL_GPIO_DeInit                                   build/stm32f1xx_hal_gpio.o
                                                  build/stm32f1xx_hal_msp.o
HAL_GPIO_EXTI_Callback                            build/stm32f1xx_hal_gpio.o
HAL_GPIO_EXTI_IRQHandler                          build/stm32f1xx_hal_gpio.o
HAL_GPIO_Init                                     build/stm32f1xx_hal_gpio.o
                                                  build/stm32f1xx_hal_rcc.o
                                                  build/stm32f1xx_hal_msp.o
                                                  build/main.o
HAL_GPIO_LockPin                                  build/stm32f1xx_hal_gpio.o
HAL_GPIO_ReadPin                                  build/stm32f1xx_hal_gpio.o
HAL_GPIO_TogglePin                                build/stm32f1xx_hal_gpio.o
HAL_GPIO_WritePin                                 build/stm32f1xx_hal_gpio.o
                                                  build/main.o
HAL_GetDEVID                                      build/stm32f1xx_hal.o
HAL_GetHalVersion                                 build/stm32f1xx_hal.o
HAL_GetREVID                                      build/stm32f1xx_hal.o
HAL_GetTick                                       build/stm32f1xx_hal.o
                                                  build/stm32f1xx_hal_flash.o
                                                  build/stm32f1xx_hal_dma.o
                                                  build/stm32f1xx_hal_rcc_ex.o
                                                  build/stm32f1xx_hal_rcc.o
                                                  build/stm32f1xx_hal_uart.o
                                                  build/stm32f1xx_hal_can.o
HAL_GetTickFreq                                   build/stm32f1xx_hal.o
HAL_GetTickPrio                                   build/stm32f1xx_hal.o
HAL_GetUID                                        build/stm32f1xx_hal.o
HAL_HalfDuplex_EnableReceiver                     build/stm32f1xx_hal_uart.o
HAL_HalfDuplex_EnableTransmitter                  build/stm32f1xx_hal_uart.o
HAL_HalfDuplex_Init                               build/stm32f1xx_hal_uart.o
HAL_IncTick                                       build/stm32f1xx_hal.o
                                                  build/main.o
HAL_Init                                          build/stm32f1xx_hal.o
                                                  build/main.o
HAL_InitTick                                      build/stm32f1xx_hal_timebase_TIM.o
                                                  build/stm32f1xx_hal_rcc.o
HAL_LIN_Init                                      build/stm32f1xx_hal_uart.o
HAL_LIN_SendBreak                                 build/stm32f1xx_hal_uart.o
HAL_MspDeInit                                     build/stm32f1xx_hal.o
HAL_MspInit                                       build/stm32f1xx_hal_msp.o
HAL_MultiProcessor_EnterMuteMode                  build/stm32f1xx_hal_uart.o
HAL_MultiProcessor_ExitMuteMode                   build/stm32f1xx_hal_uart.o
HAL_MultiProcessor_Init                           build/stm32f1xx_hal_uart.o
HAL_NVIC_ClearPendingIRQ                          build/stm32f1xx_hal_cortex.o
HAL_NVIC_DisableIRQ                               build/stm32f1xx_hal_cortex.o
                                                  build/stm32f1xx_hal_msp.o
HAL_NVIC_EnableIRQ                                build/stm32f1xx_hal_cortex.o
                                                  build/stm32f1xx_hal_timebase_TIM.o
                                                  build/stm32f1xx_hal_msp.o
HAL_NVIC_GetActive                                build/stm32f1xx_hal_cortex.o
HAL_NVIC_GetPendingIRQ                            build/stm32f1xx_hal_cortex.o
HAL_NVIC_GetPriority                              build/stm32f1xx_hal_cortex.o
HAL_NVIC_GetPriorityGrouping                      build/stm32f1xx_hal_cortex.o
HAL_NVIC_SetPendingIRQ                            build/stm32f1xx_hal_cortex.o
HAL_NVIC_SetPriority                              build/stm32f1xx_hal_cortex.o
                                                  build/stm32f1xx_hal.o
                                                  build/stm32f1xx_hal_timebase_TIM.o
                                                  build/stm32f1xx_hal_msp.o
                                                  build/main.o
HAL_NVIC_SetPriorityGrouping                      build/stm32f1xx_hal_cortex.o
                                                  build/stm32f1xx_hal.o
                                                  build/stm32f1xx_hal_msp.o
HAL_NVIC_SystemReset                              build/stm32f1xx_hal_cortex.o
                                                  build/stm32f1xx_hal_flash.o
HAL_PWR_ConfigPVD                                 build/stm32f1xx_hal_pwr.o
HAL_PWR_DeInit                                    build/stm32f1xx_hal_pwr.o
HAL_PWR_DisableBkUpAccess                         build/stm32f1xx_hal_pwr.o
HAL_PWR_DisablePVD                                build/stm32f1xx_hal_pwr.o
HAL_PWR_DisableSEVOnPend                          build/stm32f1xx_hal_pwr.o
HAL_PWR_DisableSleepOnExit                        build/stm32f1xx_hal_pwr.o
HAL_PWR_DisableWakeUpPin                          build/stm32f1xx_hal_pwr.o
HAL_PWR_EnableBkUpAccess                          build/stm32f1xx_hal_pwr.o
HAL_PWR_EnablePVD                                 build/stm32f1xx_hal_pwr.o
HAL_PWR_EnableSEVOnPend                           build/stm32f1xx_hal_pwr.o
HAL_PWR_EnableSleepOnExit                         build/stm32f1xx_hal_pwr.o
HAL_PWR_EnableWakeUpPin                           build/stm32f1xx_hal_pwr.o
HAL_PWR_EnterSLEEPMode                            build/stm32f1xx_hal_pwr.o
HAL_PWR_EnterSTANDBYMode                          build/stm32f1xx_hal_pwr.o
HAL_PWR_EnterSTOPMode                             build/stm32f1xx_hal_pwr.o
HAL_PWR_PVDCallback                               build/stm32f1xx_hal_pwr.o
HAL_PWR_PVD_IRQHandler                            build/stm32f1xx_hal_pwr.o
HAL_RCCEx_GetPeriphCLKConfig                      build/stm32f1xx_hal_rcc_ex.o
HAL_RCCEx_GetPeriphCLKFreq                        build/stm32f1xx_hal_rcc_ex.o
HAL_RCCEx_PeriphCLKConfig                         build/stm32f1xx_hal_rcc_ex.o
HAL_RCC_CSSCallback                               build/stm32f1xx_hal_rcc.o
HAL_RCC_ClockConfig                               build/stm32f1xx_hal_rcc.o
                                                  build/main.o
HAL_RCC_DeInit                                    build/stm32f1xx_hal_rcc.o
HAL_RCC_DisableCSS                                build/stm32f1xx_hal_rcc.o
HAL_RCC_EnableCSS                                 build/stm32f1xx_hal_rcc.o
HAL_RCC_GetClockConfig                            build/stm32f1xx_hal_rcc.o
                                                  build/stm32f1xx_hal_timebase_TIM.o
HAL_RCC_GetHCLKFreq                               build/stm32f1xx_hal_rcc.o
                                                  build/main.o
HAL_RCC_GetOscConfig                              build/stm32f1xx_hal_rcc.o
HAL_RCC_GetPCLK1Freq                              build/stm32f1xx_hal_rcc.o
                                                  build/stm32f1xx_hal_uart.o
                                                  build/stm32f1xx_hal_timebase_TIM.o
HAL_RCC_GetPCLK2Freq                              build/stm32f1xx_hal_rcc.o
                                                  build/stm32f1xx_hal_rcc_ex.o
                                                  build/stm32f1xx_hal_uart.o
HAL_RCC_GetSysClockFreq                           build/stm32f1xx_hal_rcc.o
                                                  build/stm32f1xx_hal_rcc_ex.o
HAL_RCC_MCOConfig                                 build/stm32f1xx_hal_rcc.o
HAL_RCC_NMI_IRQHandler                            build/stm32f1xx_hal_rcc.o
HAL_RCC_OscConfig                                 build/stm32f1xx_hal_rcc.o
                                                  build/main.o
HAL_ResumeTick                                    build/stm32f1xx_hal_timebase_TIM.o
HAL_SYSTICK_CLKSourceConfig                       build/stm32f1xx_hal_cortex.o
                                                  build/main.o
HAL_SYSTICK_Callback                              build/stm32f1xx_hal_cortex.o
HAL_SYSTICK_Config                                build/stm32f1xx_hal_cortex.o
                                                  build/stm32f1xx_hal.o
                                                  build/main.o
HAL_SYSTICK_IRQHandler                            build/stm32f1xx_hal_cortex.o
HAL_SetTickFreq                                   build/stm32f1xx_hal.o
HAL_SuspendTick                                   build/stm32f1xx_hal_timebase_TIM.o
HAL_TIMEx_BreakCallback                           build/stm32f1xx_hal_tim_ex.o
                                                  build/stm32f1xx_hal_tim.o
HAL_TIMEx_CommutationCallback                     build/stm32f1xx_hal_tim_ex.o
                                                  build/stm32f1xx_hal_tim.o
HAL_TIMEx_ConfigBreakDeadTime                     build/stm32f1xx_hal_tim_ex.o
HAL_TIMEx_ConfigCommutationEvent                  build/stm32f1xx_hal_tim_ex.o
HAL_TIMEx_ConfigCommutationEvent_DMA              build/stm32f1xx_hal_tim_ex.o
HAL_TIMEx_ConfigCommutationEvent_IT               build/stm32f1xx_hal_tim_ex.o
HAL_TIMEx_HallSensor_DeInit                       build/stm32f1xx_hal_tim_ex.o
HAL_TIMEx_HallSensor_GetState                     build/stm32f1xx_hal_tim_ex.o
HAL_TIMEx_HallSensor_Init                         build/stm32f1xx_hal_tim_ex.o
HAL_TIMEx_HallSensor_MspDeInit                    build/stm32f1xx_hal_tim_ex.o
HAL_TIMEx_HallSensor_MspInit                      build/stm32f1xx_hal_tim_ex.o
HAL_TIMEx_HallSensor_Start                        build/stm32f1xx_hal_tim_ex.o
HAL_TIMEx_HallSensor_Start_DMA                    build/stm32f1xx_hal_tim_ex.o
HAL_TIMEx_HallSensor_Start_IT                     build/stm32f1xx_hal_tim_ex.o
HAL_TIMEx_HallSensor_Stop                         build/stm32f1xx_hal_tim_ex.o
HAL_TIMEx_HallSensor_Stop_DMA                     build/stm32f1xx_hal_tim_ex.o
HAL_TIMEx_HallSensor_Stop_IT                      build/stm32f1xx_hal_tim_ex.o
HAL_TIMEx_MasterConfigSynchronization             build/stm32f1xx_hal_tim_ex.o
HAL_TIMEx_OCN_Start                               build/stm32f1xx_hal_tim_ex.o
HAL_TIMEx_OCN_Start_DMA                           build/stm32f1xx_hal_tim_ex.o
HAL_TIMEx_OCN_Start_IT                            build/stm32f1xx_hal_tim_ex.o
HAL_TIMEx_OCN_Stop                                build/stm32f1xx_hal_tim_ex.o
HAL_TIMEx_OCN_Stop_DMA                            build/stm32f1xx_hal_tim_ex.o
HAL_TIMEx_OCN_Stop_IT                             build/stm32f1xx_hal_tim_ex.o
HAL_TIMEx_OnePulseN_Start                         build/stm32f1xx_hal_tim_ex.o
HAL_TIMEx_OnePulseN_Start_IT                      build/stm32f1xx_hal_tim_ex.o
HAL_TIMEx_OnePulseN_Stop                          build/stm32f1xx_hal_tim_ex.o
HAL_TIMEx_OnePulseN_Stop_IT                       build/stm32f1xx_hal_tim_ex.o
HAL_TIMEx_PWMN_Start                              build/stm32f1xx_hal_tim_ex.o
HAL_TIMEx_PWMN_Start_DMA                          build/stm32f1xx_hal_tim_ex.o
HAL_TIMEx_PWMN_Start_IT                           build/stm32f1xx_hal_tim_ex.o
HAL_TIMEx_PWMN_Stop                               build/stm32f1xx_hal_tim_ex.o
HAL_TIMEx_PWMN_Stop_DMA                           build/stm32f1xx_hal_tim_ex.o
HAL_TIMEx_PWMN_Stop_IT                            build/stm32f1xx_hal_tim_ex.o
HAL_TIM_Base_DeInit                               build/stm32f1xx_hal_tim.o
HAL_TIM_Base_GetState                             build/stm32f1xx_hal_tim.o
HAL_TIM_Base_Init                                 build/stm32f1xx_hal_tim.o
                                                  build/stm32f1xx_hal_timebase_TIM.o
HAL_TIM_Base_MspDeInit                            build/stm32f1xx_hal_tim.o
HAL_TIM_Base_MspInit                              build/stm32f1xx_hal_tim.o
HAL_TIM_Base_Start                                build/stm32f1xx_hal_tim.o
HAL_TIM_Base_Start_DMA                            build/stm32f1xx_hal_tim.o
HAL_TIM_Base_Start_IT                             build/stm32f1xx_hal_tim.o
                                                  build/stm32f1xx_hal_timebase_TIM.o
HAL_TIM_Base_Stop                                 build/stm32f1xx_hal_tim.o
HAL_TIM_Base_Stop_DMA                             build/stm32f1xx_hal_tim.o
HAL_TIM_Base_Stop_IT                              build/stm32f1xx_hal_tim.o
HAL_TIM_ConfigClockSource                         build/stm32f1xx_hal_tim.o
HAL_TIM_ConfigOCrefClear                          build/stm32f1xx_hal_tim.o
HAL_TIM_ConfigTI1Input                            build/stm32f1xx_hal_tim.o
HAL_TIM_DMABurst_ReadStart                        build/stm32f1xx_hal_tim.o
HAL_TIM_DMABurst_ReadStop                         build/stm32f1xx_hal_tim.o
HAL_TIM_DMABurst_WriteStart                       build/stm32f1xx_hal_tim.o
HAL_TIM_DMABurst_WriteStop                        build/stm32f1xx_hal_tim.o
HAL_TIM_Encoder_DeInit                            build/stm32f1xx_hal_tim.o
HAL_TIM_Encoder_GetState                          build/stm32f1xx_hal_tim.o
HAL_TIM_Encoder_Init                              build/stm32f1xx_hal_tim.o
HAL_TIM_Encoder_MspDeInit                         build/stm32f1xx_hal_tim.o
HAL_TIM_Encoder_MspInit                           build/stm32f1xx_hal_tim.o
HAL_TIM_Encoder_Start                             build/stm32f1xx_hal_tim.o
HAL_TIM_Encoder_Start_DMA                         build/stm32f1xx_hal_tim.o
HAL_TIM_Encoder_Start_IT                          build/stm32f1xx_hal_tim.o
HAL_TIM_Encoder_Stop                              build/stm32f1xx_hal_tim.o
HAL_TIM_Encoder_Stop_DMA                          build/stm32f1xx_hal_tim.o
HAL_TIM_Encoder_Stop_IT                           build/stm32f1xx_hal_tim.o
HAL_TIM_ErrorCallback                             build/stm32f1xx_hal_tim.o
HAL_TIM_GenerateEvent                             build/stm32f1xx_hal_tim.o
HAL_TIM_IC_CaptureCallback                        build/stm32f1xx_hal_tim.o
HAL_TIM_IC_ConfigChannel                          build/stm32f1xx_hal_tim.o
HAL_TIM_IC_DeInit                                 build/stm32f1xx_hal_tim.o
HAL_TIM_IC_GetState                               build/stm32f1xx_hal_tim.o
HAL_TIM_IC_Init                                   build/stm32f1xx_hal_tim.o
HAL_TIM_IC_MspDeInit                              build/stm32f1xx_hal_tim.o
HAL_TIM_IC_MspInit                                build/stm32f1xx_hal_tim.o
HAL_TIM_IC_Start                                  build/stm32f1xx_hal_tim.o
HAL_TIM_IC_Start_DMA                              build/stm32f1xx_hal_tim.o
HAL_TIM_IC_Start_IT                               build/stm32f1xx_hal_tim.o
HAL_TIM_IC_Stop                                   build/stm32f1xx_hal_tim.o
HAL_TIM_IC_Stop_DMA                               build/stm32f1xx_hal_tim.o
HAL_TIM_IC_Stop_IT                                build/stm32f1xx_hal_tim.o
HAL_TIM_IRQHandler                                build/stm32f1xx_hal_tim.o
                                                  build/stm32f1xx_it.o
HAL_TIM_OC_ConfigChannel                          build/stm32f1xx_hal_tim.o
HAL_TIM_OC_DeInit                                 build/stm32f1xx_hal_tim.o
HAL_TIM_OC_DelayElapsedCallback                   build/stm32f1xx_hal_tim.o
HAL_TIM_OC_GetState                               build/stm32f1xx_hal_tim.o
HAL_TIM_OC_Init                                   build/stm32f1xx_hal_tim.o
HAL_TIM_OC_MspDeInit                              build/stm32f1xx_hal_tim.o
HAL_TIM_OC_MspInit                                build/stm32f1xx_hal_tim.o
HAL_TIM_OC_Start                                  build/stm32f1xx_hal_tim.o
HAL_TIM_OC_Start_DMA                              build/stm32f1xx_hal_tim.o
HAL_TIM_OC_Start_IT                               build/stm32f1xx_hal_tim.o
HAL_TIM_OC_Stop                                   build/stm32f1xx_hal_tim.o
HAL_TIM_OC_Stop_DMA                               build/stm32f1xx_hal_tim.o
HAL_TIM_OC_Stop_IT                                build/stm32f1xx_hal_tim.o
HAL_TIM_OnePulse_ConfigChannel                    build/stm32f1xx_hal_tim.o
HAL_TIM_OnePulse_DeInit                           build/stm32f1xx_hal_tim.o
HAL_TIM_OnePulse_GetState                         build/stm32f1xx_hal_tim.o
HAL_TIM_OnePulse_Init                             build/stm32f1xx_hal_tim.o
HAL_TIM_OnePulse_MspDeInit                        build/stm32f1xx_hal_tim.o
HAL_TIM_OnePulse_MspInit                          build/stm32f1xx_hal_tim.o
HAL_TIM_OnePulse_Start                            build/stm32f1xx_hal_tim.o
HAL_TIM_OnePulse_Start_IT                         build/stm32f1xx_hal_tim.o
HAL_TIM_OnePulse_Stop                             build/stm32f1xx_hal_tim.o
HAL_TIM_OnePulse_Stop_IT                          build/stm32f1xx_hal_tim.o
HAL_TIM_PWM_ConfigChannel                         build/stm32f1xx_hal_tim.o
HAL_TIM_PWM_DeInit                                build/stm32f1xx_hal_tim.o
HAL_TIM_PWM_GetState                              build/stm32f1xx_hal_tim.o
HAL_TIM_PWM_Init                                  build/stm32f1xx_hal_tim.o
HAL_TIM_PWM_MspDeInit                             build/stm32f1xx_hal_tim.o
HAL_TIM_PWM_MspInit                               build/stm32f1xx_hal_tim.o
HAL_TIM_PWM_PulseFinishedCallback                 build/stm32f1xx_hal_tim.o
HAL_TIM_PWM_Start                                 build/stm32f1xx_hal_tim.o
HAL_TIM_PWM_Start_DMA                             build/stm32f1xx_hal_tim.o
HAL_TIM_PWM_Start_IT                              build/stm32f1xx_hal_tim.o
HAL_TIM_PWM_Stop                                  build/stm32f1xx_hal_tim.o
HAL_TIM_PWM_Stop_DMA                              build/stm32f1xx_hal_tim.o
HAL_TIM_PWM_Stop_IT                               build/stm32f1xx_hal_tim.o
HAL_TIM_PeriodElapsedCallback                     build/main.o
HAL_TIM_ReadCapturedValue                         build/stm32f1xx_hal_tim.o
HAL_TIM_SlaveConfigSynchronization                build/stm32f1xx_hal_tim.o
HAL_TIM_SlaveConfigSynchronization_IT             build/stm32f1xx_hal_tim.o
HAL_TIM_TriggerCallback                           build/stm32f1xx_hal_tim.o
HAL_UART_Abort                                    build/stm32f1xx_hal_uart.o
HAL_UART_AbortCpltCallback                        build/stm32f1xx_hal_uart.o
HAL_UART_AbortReceive                             build/stm32f1xx_hal_uart.o
HAL_UART_AbortReceiveCpltCallback                 build/stm32f1xx_hal_uart.o
HAL_UART_AbortReceive_IT                          build/stm32f1xx_hal_uart.o
HAL_UART_AbortTransmit                            build/stm32f1xx_hal_uart.o
HAL_UART_AbortTransmitCpltCallback                build/stm32f1xx_hal_uart.o
HAL_UART_AbortTransmit_IT                         build/stm32f1xx_hal_uart.o
HAL_UART_Abort_IT                                 build/stm32f1xx_hal_uart.o
HAL_UART_DMAPause                                 build/stm32f1xx_hal_uart.o
HAL_UART_DMAResume                                build/stm32f1xx_hal_uart.o
HAL_UART_DMAStop                                  build/stm32f1xx_hal_uart.o
HAL_UART_DeInit                                   build/stm32f1xx_hal_uart.o
HAL_UART_ErrorCallback                            build/stm32f1xx_hal_uart.o
HAL_UART_GetError                                 build/stm32f1xx_hal_uart.o
HAL_UART_GetState                                 build/stm32f1xx_hal_uart.o
HAL_UART_IRQHandler                               build/stm32f1xx_hal_uart.o
HAL_UART_Init                                     build/stm32f1xx_hal_uart.o
                                                  build/main.o
HAL_UART_MspDeInit                                build/stm32f1xx_hal_msp.o
HAL_UART_MspInit                                  build/stm32f1xx_hal_msp.o
HAL_UART_Receive                                  build/stm32f1xx_hal_uart.o
HAL_UART_Receive_DMA                              build/stm32f1xx_hal_uart.o
HAL_UART_Receive_IT                               build/stm32f1xx_hal_uart.o
HAL_UART_RxCpltCallback                           build/stm32f1xx_hal_uart.o
HAL_UART_RxHalfCpltCallback                       build/stm32f1xx_hal_uart.o
HAL_UART_Transmit                                 build/stm32f1xx_hal_uart.o
                                                  build/main.o
HAL_UART_Transmit_DMA                             build/stm32f1xx_hal_uart.o
HAL_UART_Transmit_IT                              build/stm32f1xx_hal_uart.o
HAL_UART_TxCpltCallback                           build/stm32f1xx_hal_uart.o
HAL_UART_TxHalfCpltCallback                       build/stm32f1xx_hal_uart.o
HardFault_Handler                                 build/stm32f1xx_it.o
I2C1_ER_IRQHandler                                build/startup_stm32f103xe.o
I2C1_EV_IRQHandler                                build/startup_stm32f103xe.o
I2C2_ER_IRQHandler                                build/startup_stm32f103xe.o
I2C2_EV_IRQHandler                                build/startup_stm32f103xe.o
MemManage_Handler                                 build/stm32f1xx_it.o
NMI_Handler                                       build/stm32f1xx_it.o
PVD_IRQHandler                                    build/startup_stm32f103xe.o
PendSV_Handler                                    build/port.o
RCC_IRQHandler                                    build/startup_stm32f103xe.o
RTC_Alarm_IRQHandler                              build/startup_stm32f103xe.o
RTC_IRQHandler                                    build/startup_stm32f103xe.o
Reset_Handler                                     build/startup_stm32f103xe.o
RxMessage                                         build/main.o
                                                  build/stm32f1xx_it.o
SDIO_IRQHandler                                   build/startup_stm32f103xe.o
SPI1_IRQHandler                                   build/startup_stm32f103xe.o
SPI2_IRQHandler                                   build/startup_stm32f103xe.o
SPI3_IRQHandler                                   build/startup_stm32f103xe.o
SVC_Handler                                       build/port.o
SysTick_Handler                                   build/stm32f1xx_it.o
SystemClock_Config                                build/main.o
SystemCoreClock                                   build/system_stm32f1xx.o
                                                  build/port.o
                                                  build/stm32f1xx_hal_rcc.o
                                                  build/stm32f1xx_hal.o
SystemCoreClockUpdate                             build/system_stm32f1xx.o
SystemInit                                        build/system_stm32f1xx.o
                                                  build/startup_stm32f103xe.o
TAMPER_IRQHandler                                 build/startup_stm32f103xe.o
TIM1_BRK_IRQHandler                               build/startup_stm32f103xe.o
TIM1_CC_IRQHandler                                build/startup_stm32f103xe.o
TIM1_TRG_COM_IRQHandler                           build/startup_stm32f103xe.o
TIM1_UP_IRQHandler                                build/startup_stm32f103xe.o
TIM2_IRQHandler                                   build/startup_stm32f103xe.o
TIM3_IRQHandler                                   build/startup_stm32f103xe.o
TIM4_IRQHandler                                   build/stm32f1xx_it.o
TIM5_IRQHandler                                   build/startup_stm32f103xe.o
TIM6_IRQHandler                                   build/startup_stm32f103xe.o
TIM7_IRQHandler                                   build/startup_stm32f103xe.o
TIM8_BRK_IRQHandler                               build/startup_stm32f103xe.o
TIM8_CC_IRQHandler                                build/startup_stm32f103xe.o
TIM8_TRG_COM_IRQHandler                           build/startup_stm32f103xe.o
TIM8_UP_IRQHandler                                build/startup_stm32f103xe.o
TIMEx_DMACommutationCplt                          build/stm32f1xx_hal_tim_ex.o
                                                  build/stm32f1xx_hal_tim.o
TIM_Base_SetConfig                                build/stm32f1xx_hal_tim.o
                                                  build/stm32f1xx_hal_tim_ex.o
TIM_CCxChannelCmd                                 build/stm32f1xx_hal_tim.o
                                                  build/stm32f1xx_hal_tim_ex.o
TIM_DMACaptureCplt                                build/stm32f1xx_hal_tim.o
                                                  build/stm32f1xx_hal_tim_ex.o
TIM_DMADelayPulseCplt                             build/stm32f1xx_hal_tim.o
                                                  build/stm32f1xx_hal_tim_ex.o
TIM_DMAError                                      build/stm32f1xx_hal_tim.o
                                                  build/stm32f1xx_hal_tim_ex.o
TIM_OC2_SetConfig                                 build/stm32f1xx_hal_tim.o
                                                  build/stm32f1xx_hal_tim_ex.o
TIM_TI1_SetConfig                                 build/stm32f1xx_hal_tim.o
                                                  build/stm32f1xx_hal_tim_ex.o
Task0Handle                                       build/main.o
Task1Handle                                       build/main.o
TxMessage                                         build/main.o
UART4_IRQHandler                                  build/startup_stm32f103xe.o
UART5_IRQHandler                                  build/startup_stm32f103xe.o
USART1_IRQHandler                                 build/startup_stm32f103xe.o
USART2_IRQHandler                                 build/startup_stm32f103xe.o
USART3_IRQHandler                                 build/startup_stm32f103xe.o
USBWakeUp_IRQHandler                              build/startup_stm32f103xe.o
USB_HP_CAN1_TX_IRQHandler                         build/startup_stm32f103xe.o
USB_LP_CAN1_RX0_IRQHandler                        build/stm32f1xx_it.o
UsageFault_Handler                                build/stm32f1xx_it.o
WWDG_IRQHandler                                   build/startup_stm32f103xe.o
_Error_Handler                                    build/main.o
_Jv_RegisterClasses                               /home/user/Library/gcc-arm-none-eabi-5_4-2016q3/bin/../lib/gcc/arm-none-eabi/5.4.1/armv7-m/crtbegin.o
__bss_end__                                       /home/user/Library/gcc-arm-none-eabi-5_4-2016q3/bin/../lib/gcc/arm-none-eabi/5.4.1/../../../../arm-none-eabi/lib/armv7-m/crt0.o
__bss_start__                                     /home/user/Library/gcc-arm-none-eabi-5_4-2016q3/bin/../lib/gcc/arm-none-eabi/5.4.1/../../../../arm-none-eabi/lib/armv7-m/crt0.o
__call_exitprocs                                  /home/user/Library/gcc-arm-none-eabi-5_4-2016q3/bin/../lib/gcc/arm-none-eabi/5.4.1/../../../../arm-none-eabi/lib/armv7-m/libc_nano.a(lib_a-exit.o)
__deregister_frame_info                           /home/user/Library/gcc-arm-none-eabi-5_4-2016q3/bin/../lib/gcc/arm-none-eabi/5.4.1/armv7-m/crtbegin.o
__dso_handle                                      /home/user/Library/gcc-arm-none-eabi-5_4-2016q3/bin/../lib/gcc/arm-none-eabi/5.4.1/armv7-m/crtbegin.o
__init_array_end                                  /home/user/Library/gcc-arm-none-eabi-5_4-2016q3/bin/../lib/gcc/arm-none-eabi/5.4.1/../../../../arm-none-eabi/lib/armv7-m/libc_nano.a(lib_a-init.o)
__init_array_start                                /home/user/Library/gcc-arm-none-eabi-5_4-2016q3/bin/../lib/gcc/arm-none-eabi/5.4.1/../../../../arm-none-eabi/lib/armv7-m/libc_nano.a(lib_a-init.o)
__libc_fini_array                                 /home/user/Library/gcc-arm-none-eabi-5_4-2016q3/bin/../lib/gcc/arm-none-eabi/5.4.1/../../../../arm-none-eabi/lib/armv7-m/crt0.o
__libc_init_array                                 /home/user/Library/gcc-arm-none-eabi-5_4-2016q3/bin/../lib/gcc/arm-none-eabi/5.4.1/../../../../arm-none-eabi/lib/armv7-m/libc_nano.a(lib_a-init.o)
                                                  build/startup_stm32f103xe.o
                                                  /home/user/Library/gcc-arm-none-eabi-5_4-2016q3/bin/../lib/gcc/arm-none-eabi/5.4.1/../../../../arm-none-eabi/lib/armv7-m/crt0.o
__malloc_free_list                                /home/user/Library/gcc-arm-none-eabi-5_4-2016q3/bin/../lib/gcc/arm-none-eabi/5.4.1/../../../../arm-none-eabi/lib/armv7-m/libc_nano.a(lib_a-nano-mallocr.o)
                                                  /home/user/Library/gcc-arm-none-eabi-5_4-2016q3/bin/../lib/gcc/arm-none-eabi/5.4.1/../../../../arm-none-eabi/lib/armv7-m/libc_nano.a(lib_a-nano-freer.o)
__malloc_lock                                     /home/user/Library/gcc-arm-none-eabi-5_4-2016q3/bin/../lib/gcc/arm-none-eabi/5.4.1/../../../../arm-none-eabi/lib/armv7-m/libc_nano.a(lib_a-mlock.o)
                                                  /home/user/Library/gcc-arm-none-eabi-5_4-2016q3/bin/../lib/gcc/arm-none-eabi/5.4.1/../../../../arm-none-eabi/lib/armv7-m/libc_nano.a(lib_a-nano-mallocr.o)
                                                  /home/user/Library/gcc-arm-none-eabi-5_4-2016q3/bin/../lib/gcc/arm-none-eabi/5.4.1/../../../../arm-none-eabi/lib/armv7-m/libc_nano.a(lib_a-nano-freer.o)
__malloc_sbrk_start                               /home/user/Library/gcc-arm-none-eabi-5_4-2016q3/bin/../lib/gcc/arm-none-eabi/5.4.1/../../../../arm-none-eabi/lib/armv7-m/libc_nano.a(lib_a-nano-mallocr.o)
__malloc_unlock                                   /home/user/Library/gcc-arm-none-eabi-5_4-2016q3/bin/../lib/gcc/arm-none-eabi/5.4.1/../../../../arm-none-eabi/lib/armv7-m/libc_nano.a(lib_a-mlock.o)
                                                  /home/user/Library/gcc-arm-none-eabi-5_4-2016q3/bin/../lib/gcc/arm-none-eabi/5.4.1/../../../../arm-none-eabi/lib/armv7-m/libc_nano.a(lib_a-nano-mallocr.o)