Archive member included to satisfy reference by file (symbol)

/home/user/Library/gcc-arm-none-eabi-5_4-2016q3/bin/../lib/gcc/arm-none-eabi/5.4.1/../../../../arm-none-eabi/lib/armv7-m/libc_nano.a(lib_a-exit.o)
                              /home/user/Library/gcc-arm-none-eabi-5_4-2016q3/bin/../lib/gcc/arm-none-eabi/5.4.1/../../../../arm-none-eabi/lib/armv7-m/crt0.o (exit)
/home/user/Library/gcc-arm-none-eabi-5_4-2016q3/bin/../lib/gcc/arm-none-eabi/5.4.1/../../../../arm-none-eabi/lib/armv7-m/libc_nano.a(lib_a-impure.o)
                              /home/user/Library/gcc-arm-none-eabi-5_4-2016q3/bin/../lib/gcc/arm-none-eabi/5.4.1/../../../../arm-none-eabi/lib/armv7-m/libc_nano.a(lib_a-exit.o) (_global_impure_ptr)
/home/user/Library/gcc-arm-none-eabi-5_4-2016q3/bin/../lib/gcc/arm-none-eabi/5.4.1/../../../../arm-none-eabi/lib/armv7-m/libc_nano.a(lib_a-init.o)
                              /home/user/Library/gcc-arm-none-eabi-5_4-2016q3/bin/../lib/gcc/arm-none-eabi/5.4.1/../../../../arm-none-eabi/lib/armv7-m/crt0.o (__libc_init_array)
/home/user/Library/gcc-arm-none-eabi-5_4-2016q3/bin/../lib/gcc/arm-none-eabi/5.4.1/../../../../arm-none-eabi/lib/armv7-m/libc_nano.a(lib_a-memcpy-stub.o)
                              build/queue.o (memcpy)
/home/user/Library/gcc-arm-none-eabi-5_4-2016q3/bin/../lib/gcc/arm-none-eabi/5.4.1/../../../../arm-none-eabi/lib/armv7-m/libc_nano.a(lib_a-memset.o)
                              /home/user/Library/gcc-arm-none-eabi-5_4-2016q3/bin/../lib/gcc/arm-none-eabi/5.4.1/../../../../arm-none-eabi/lib/armv7-m/crt0.o (memset)
/home/user/Library/gcc-arm-none-eabi-5_4-2016q3/bin/../lib/gcc/arm-none-eabi/5.4.1/../../../../arm-none-eabi/lib/armv7-m/libc_nano.a(lib_a-sprintf.o)
                              build/main.o (sprintf)
/home/user/Library/gcc-arm-none-eabi-5_4-2016q3/bin/../lib/gcc/arm-none-eabi/5.4.1/../../../../arm-none-eabi/lib/armv7-m/libc_nano.a(lib_a-nano-svfprintf.o)
                              /home/user/Library/gcc-arm-none-eabi-5_4-2016q3/bin/../lib/gcc/arm-none-eabi/5.4.1/../../../../arm-none-eabi/lib/armv7-m/libc_nano.a(lib_a-sprintf.o) (_svfprintf_r)
/home/user/Library/gcc-arm-none-eabi-5_4-2016q3/bin/../lib/gcc/arm-none-eabi/5.4.1/../../../../arm-none-eabi/lib/armv7-m/libc_nano.a(lib_a-nano-vfprintf_i.o)
                              /home/user/Library/gcc-arm-none-eabi-5_4-2016q3/bin/../lib/gcc/arm-none-eabi/5.4.1/../../../../arm-none-eabi/lib/armv7-m/libc_nano.a(lib_a-nano-svfprintf.o) (_printf_i)
/home/user/Library/gcc-arm-none-eabi-5_4-2016q3/bin/../lib/gcc/arm-none-eabi/5.4.1/../../../../arm-none-eabi/lib/armv7-m/libc_nano.a(lib_a-memchr-stub.o)
                              /home/user/Library/gcc-arm-none-eabi-5_4-2016q3/bin/../lib/gcc/arm-none-eabi/5.4.1/../../../../arm-none-eabi/lib/armv7-m/libc_nano.a(lib_a-nano-svfprintf.o) (memchr)
/home/user/Library/gcc-arm-none-eabi-5_4-2016q3/bin/../lib/gcc/arm-none-eabi/5.4.1/../../../../arm-none-eabi/lib/armv7-m/libc_nano.a(lib_a-memmove.o)
                              /home/user/Library/gcc-arm-none-eabi-5_4-2016q3/bin/../lib/gcc/arm-none-eabi/5.4.1/../../../../arm-none-eabi/lib/armv7-m/libc_nano.a(lib_a-nano-svfprintf.o) (memmove)
/home/user/Library/gcc-arm-none-eabi-5_4-2016q3/bin/../lib/gcc/arm-none-eabi/5.4.1/../../../../arm-none-eabi/lib/armv7-m/libc_nano.a(lib_a-nano-freer.o)
                              /home/user/Library/gcc-arm-none-eabi-5_4-2016q3/bin/../lib/gcc/arm-none-eabi/5.4.1/../../../../arm-none-eabi/lib/armv7-m/libc_nano.a(lib_a-nano-svfprintf.o) (_free_r)
/home/user/Library/gcc-arm-none-eabi-5_4-2016q3/bin/../lib/gcc/arm-none-eabi/5.4.1/../../../../arm-none-eabi/lib/armv7-m/libc_nano.a(lib_a-nano-mallocr.o)
                              /home/user/Library/gcc-arm-none-eabi-5_4-2016q3/bin/../lib/gcc/arm-none-eabi/5.4.1/../../../../arm-none-eabi/lib/armv7-m/libc_nano.a(lib_a-nano-svfprintf.o) (_malloc_r)
/home/user/Library/gcc-arm-none-eabi-5_4-2016q3/bin/../lib/gcc/arm-none-eabi/5.4.1/../../../../arm-none-eabi/lib/armv7-m/libc_nano.a(lib_a-nano-reallocr.o)
                              /home/user/Library/gcc-arm-none-eabi-5_4-2016q3/bin/../lib/gcc/arm-none-eabi/5.4.1/../../../../arm-none-eabi/lib/armv7-m/libc_nano.a(lib_a-nano-svfprintf.o) (_realloc_r)
/home/user/Library/gcc-arm-none-eabi-5_4-2016q3/bin/../lib/gcc/arm-none-eabi/5.4.1/../../../../arm-none-eabi/lib/armv7-m/libc_nano.a(lib_a-sbrkr.o)
                              /home/user/Library/gcc-arm-none-eabi-5_4-2016q3/bin/../lib/gcc/arm-none-eabi/5.4.1/../../../../arm-none-eabi/lib/armv7-m/libc_nano.a(lib_a-nano-mallocr.o) (_sbrk_r)
/home/user/Library/gcc-arm-none-eabi-5_4-2016q3/bin/../lib/gcc/arm-none-eabi/5.4.1/../../../../arm-none-eabi/lib/armv7-m/libc_nano.a(lib_a-mlock.o)
                              /home/user/Library/gcc-arm-none-eabi-5_4-2016q3/bin/../lib/gcc/arm-none-eabi/5.4.1/../../../../arm-none-eabi/lib/armv7-m/libc_nano.a(lib_a-nano-freer.o) (__malloc_lock)
[...]
Memory Configuration

Name             Origin             Length             Attributes
RAM              0x20000000         0x00010000         xrw
FLASH            0x08000000         0x00080000         xr
*default*        0x00000000         0xffffffff

Linker script and memory map

LOAD /home/user/Library/gcc-arm-none-eabi-5_4-2016q3/bin/../lib/gcc/arm-none-eabi/5.4.1/armv7-m/crti.o
LOAD /home/user/Library/gcc-arm-none-eabi-5_4-2016q3/bin/../lib/gcc/arm-none-eabi/5.4.1/armv7-m/crtbegin.o
LOAD /home/user/Library/gcc-arm-none-eabi-5_4-2016q3/bin/../lib/gcc/arm-none-eabi/5.4.1/../../../../arm-none-eabi/lib/armv7-m/crt0.o
LOAD build/main.o
LOAD build/freertos.o
LOAD build/stm32f1xx_it.o
LOAD build/stm32f1xx_hal_msp.o
LOAD build/stm32f1xx_hal_timebase_TIM.o
LOAD build/stm32f1xx_hal_gpio_ex.o
LOAD build/stm32f1xx_hal_can.o
LOAD build/stm32f1xx_hal_tim.o
LOAD build/stm32f1xx_hal_tim_ex.o
LOAD build/stm32f1xx_hal_uart.o
LOAD build/stm32f1xx_hal.o
LOAD build/stm32f1xx_hal_rcc.o
LOAD build/stm32f1xx_hal_rcc_ex.o
LOAD build/stm32f1xx_hal_gpio.o
LOAD build/stm32f1xx_hal_dma.o
LOAD build/stm32f1xx_hal_cortex.o
LOAD build/stm32f1xx_hal_pwr.o
LOAD build/stm32f1xx_hal_flash.o
LOAD build/stm32f1xx_hal_flash_ex.o
LOAD build/system_stm32f1xx.o
LOAD build/heap_4.o
LOAD build/port.o
LOAD build/list.o
LOAD build/croutine.o
LOAD build/timers.o
LOAD build/event_groups.o
LOAD build/tasks.o
LOAD build/queue.o
LOAD build/cmsis_os.o
LOAD build/startup_stm32f103xe.o
LOAD /home/user/Library/gcc-arm-none-eabi-5_4-2016q3/bin/../lib/gcc/arm-none-eabi/5.4.1/../../../../arm-none-eabi/lib/armv7-m/libc_nano.a
LOAD /home/user/Library/gcc-arm-none-eabi-5_4-2016q3/bin/../lib/gcc/arm-none-eabi/5.4.1/../../../../arm-none-eabi/lib/armv7-m/libm.a
LOAD /home/user/Library/gcc-arm-none-eabi-5_4-2016q3/bin/../lib/gcc/arm-none-eabi/5.4.1/../../../../arm-none-eabi/lib/armv7-m/libnosys.a
START GROUP
LOAD /home/user/Library/gcc-arm-none-eabi-5_4-2016q3/bin/../lib/gcc/arm-none-eabi/5.4.1/armv7-m/libgcc.a
LOAD /home/user/Library/gcc-arm-none-eabi-5_4-2016q3/bin/../lib/gcc/arm-none-eabi/5.4.1/../../../../arm-none-eabi/lib/armv7-m/libc_nano.a
END GROUP
START GROUP
LOAD /home/user/Library/gcc-arm-none-eabi-5_4-2016q3/bin/../lib/gcc/arm-none-eabi/5.4.1/armv7-m/libgcc.a
LOAD /home/user/Library/gcc-arm-none-eabi-5_4-2016q3/bin/../lib/gcc/arm-none-eabi/5.4.1/../../../../arm-none-eabi/lib/armv7-m/libc_nano.a
END GROUP
LOAD /home/user/Library/gcc-arm-none-eabi-5_4-2016q3/bin/../lib/gcc/arm-none-eabi/5.4.1/armv7-m/crtend.o
LOAD /home/user/Library/gcc-arm-none-eabi-5_4-2016q3/bin/../lib/gcc/arm-none-eabi/5.4.1/armv7-m/crtn.o
                0x20010000                _estack = 0x20010000
                0x00000200                _Min_Heap_Size = 0x200
                0x00000400                _Min_Stack_Size = 0x400

.isr_vector     0x08000000      0x1e4
                0x08000000                . = ALIGN (0x4)
 *(.isr_vector)
 .isr_vector    0x08000000      0x1e4 build/startup_stm32f103xe.o
                0x08000000                g_pfnVectors
                0x080001e4                . = ALIGN (0x4)

.text           0x080001f0     0x3fe8
                0x080001f0                . = ALIGN (0x4)
 *(.text)
 .text          0x080001f0       0x5c /home/user/Library/gcc-arm-none-eabi-5_4-2016q3/bin/../lib/gcc/arm-none-eabi/5.4.1/armv7-m/crtbegin.o
 *(.text*)
 .text.MX_DMA_Init
                0x0800024c       0x20 build/main.o
 .text.MX_GPIO_Init
                0x0800026c       0x6c build/main.o
 .text.MX_NVIC_Init
                0x080002d8       0x44 build/main.o
 .text.Func_Task1
                0x0800031c       0xc8 build/main.o
                0x0800031c                Func_Task1
 .text.uartdamget
                0x080003e4       0xb4 build/main.o
                0x080003e4                uartdamget
 .text.Func_Task0
                0x08000498       0x58 build/main.o
                0x08000498                Func_Task0
 .text.HAL_TIM_PeriodElapsedCallback
                0x080004f0       0x14 build/main.o
                0x080004f0                HAL_TIM_PeriodElapsedCallback
 .text._Error_Handler
                0x08000504        0x4 build/main.o
                0x08000504                _Error_Handler
 .text.MX_CAN_Init
                0x08000508       0x48 build/main.o
 .text.MX_USART1_UART_Init
                0x08000550       0x3c build/main.o
 .text.MX_USART2_UART_Init
                0x0800058c       0x3c build/main.o
 .text.MX_USART3_UART_Init
                0x080005c8       0x3c build/main.o
 .text.SystemClock_Config
                0x08000604       0x84 build/main.o
                0x08000604                SystemClock_Config
 .text.main     0x08000688       0x90 build/main.o
                0x08000688                main
 .text.NMI_Handler
                0x08000718        0x4 build/stm32f1xx_it.o
                0x08000718                NMI_Handler
 .text.HardFault_Handler
                0x0800071c        0x4 build/stm32f1xx_it.o
                0x0800071c                HardFault_Handler
 .text.MemManage_Handler
                0x08000720        0x4 build/stm32f1xx_it.o
                0x08000720                MemManage_Handler
 .text.BusFault_Handler
                0x08000724        0x4 build/stm32f1xx_it.o
                0x08000724                BusFault_Handler
 .text.UsageFault_Handler
                0x08000728        0x4 build/stm32f1xx_it.o
                0x08000728                UsageFault_Handler
 .text.DebugMon_Handler
                0x0800072c        0x4 build/stm32f1xx_it.o
                0x0800072c                DebugMon_Handler
 .text.SysTick_Handler
                0x08000730        0x8 build/stm32f1xx_it.o
                0x08000730                SysTick_Handler
 .text.DMA1_Channel6_IRQHandler
                0x08000738       0x10 build/stm32f1xx_it.o
                0x08000738                DMA1_Channel6_IRQHandler
 .text.USB_LP_CAN1_RX0_IRQHandler
                0x08000748       0x10 build/stm32f1xx_it.o
                0x08000748                USB_LP_CAN1_RX0_IRQHandler
 .text.TIM4_IRQHandler
                0x08000758       0x10 build/stm32f1xx_it.o
                0x08000758                TIM4_IRQHandler
 .text.USART1_IRQHandler
                0x08000768       0x10 build/stm32f1xx_it.o
                0x08000768                USART1_IRQHandler
 .text.USART2_IRQHandler
                0x08000778       0x5c build/stm32f1xx_it.o
                0x08000778                USART2_IRQHandler
 .text.USART3_IRQHandler
                0x080007d4       0x10 build/stm32f1xx_it.o
                0x080007d4                USART3_IRQHandler
 .text.HAL_MspInit
                0x080007e4       0xa0 build/stm32f1xx_hal_msp.o
                0x080007e4                HAL_MspInit
 .text.HAL_CAN_MspInit
                0x08000884       0x84 build/stm32f1xx_hal_msp.o
                0x08000884                HAL_CAN_MspInit
 .text.HAL_UART_MspInit
                0x08000908      0x130 build/stm32f1xx_hal_msp.o
                0x08000908                HAL_UART_MspInit
 .text.HAL_InitTick
                0x08000a38       0x7c build/stm32f1xx_hal_timebase_TIM.o
                0x08000a38                HAL_InitTick
 .text.HAL_CAN_Init
                0x08000ab4      0x14c build/stm32f1xx_hal_can.o
                0x08000ab4                HAL_CAN_Init
 .text.HAL_CAN_Transmit
                0x08000c00      0x214 build/stm32f1xx_hal_can.o
                0x08000c00                HAL_CAN_Transmit
 .text.HAL_CAN_TxCpltCallback
                0x08000e14        0x4 build/stm32f1xx_hal_can.o
                0x08000e14                HAL_CAN_TxCpltCallback
 .text.CAN_Transmit_IT
                0x08000e18       0x58 build/stm32f1xx_hal_can.o
 .text.HAL_CAN_RxCpltCallback
                0x08000e70        0x4 build/stm32f1xx_hal_can.o
                0x08000e70                HAL_CAN_RxCpltCallback
 .text.CAN_Receive_IT
                0x08000e74      0x16c build/stm32f1xx_hal_can.o
 .text.HAL_CAN_ErrorCallback
                0x08000fe0        0x4 build/stm32f1xx_hal_can.o
                0x08000fe0                HAL_CAN_ErrorCallback
 .text.HAL_CAN_IRQHandler
                0x08000fe4      0x1f4 build/stm32f1xx_hal_can.o
                0x08000fe4                HAL_CAN_IRQHandler
 .text.HAL_TIM_Base_MspInit
                0x080011d8        0x4 build/stm32f1xx_hal_tim.o
                0x080011d8                HAL_TIM_Base_MspInit
 .text.HAL_TIM_Base_Start_IT
                0x080011dc       0x18 build/stm32f1xx_hal_tim.o
                0x080011dc                HAL_TIM_Base_Start_IT
 .text.HAL_TIM_OC_DelayElapsedCallback
                0x080011f4        0x4 build/stm32f1xx_hal_tim.o
                0x080011f4                HAL_TIM_OC_DelayElapsedCallback
 .text.HAL_TIM_IC_CaptureCallback
                0x080011f8        0x4 build/stm32f1xx_hal_tim.o
                0x080011f8                HAL_TIM_IC_CaptureCallback
 .text.HAL_TIM_PWM_PulseFinishedCallback
                0x080011fc        0x4 build/stm32f1xx_hal_tim.o
                0x080011fc                HAL_TIM_PWM_PulseFinishedCallback
 .text.HAL_TIM_TriggerCallback
                0x08001200        0x4 build/stm32f1xx_hal_tim.o
                0x08001200                HAL_TIM_TriggerCallback
 .text.HAL_TIM_IRQHandler
                0x08001204      0x174 build/stm32f1xx_hal_tim.o
                0x08001204                HAL_TIM_IRQHandler
 .text.TIM_Base_SetConfig
                0x08001378       0x98 build/stm32f1xx_hal_tim.o
                0x08001378                TIM_Base_SetConfig
 .text.HAL_TIM_Base_Init
                0x08001410       0x38 build/stm32f1xx_hal_tim.o
                0x08001410                HAL_TIM_Base_Init
 .text.HAL_TIMEx_CommutationCallback
                0x08001448        0x4 build/stm32f1xx_hal_tim_ex.o
                0x08001448                HAL_TIMEx_CommutationCallback
 .text.HAL_TIMEx_BreakCallback
                0x0800144c        0x4 build/stm32f1xx_hal_tim_ex.o
                0x0800144c                HAL_TIMEx_BreakCallback
 .text.UART_EndTxTransfer
                0x08001450       0x14 build/stm32f1xx_hal_uart.o
 .text.UART_EndRxTransfer
                0x08001464       0x1c build/stm32f1xx_hal_uart.o
 .text.UART_Transmit_IT
                0x08001480       0x6c build/stm32f1xx_hal_uart.o
 .text.UART_SetConfig
                0x080014ec      0x1bc build/stm32f1xx_hal_uart.o
 .text.UART_WaitOnFlagUntilTimeout
                0x080016a8       0x68 build/stm32f1xx_hal_uart.o
 .text.HAL_UART_Init
                0x08001710       0x64 build/stm32f1xx_hal_uart.o
                0x08001710                HAL_UART_Init
 .text.HAL_UART_Transmit
                0x08001774       0xe4 build/stm32f1xx_hal_uart.o
                0x08001774                HAL_UART_Transmit
 .text.HAL_UART_Receive_IT
                0x08001858       0x5c build/stm32f1xx_hal_uart.o
                0x08001858                HAL_UART_Receive_IT
 .text.HAL_UART_Receive_DMA
                0x080018b4       0xa8 build/stm32f1xx_hal_uart.o
                0x080018b4                HAL_UART_Receive_DMA
 .text.HAL_UART_DMAStop
                0x0800195c       0x5c build/stm32f1xx_hal_uart.o
                0x0800195c                HAL_UART_DMAStop
 .text.HAL_UART_TxCpltCallback
                0x080019b8        0x4 build/stm32f1xx_hal_uart.o
                0x080019b8                HAL_UART_TxCpltCallback
 .text.UART_EndTransmit_IT
                0x080019bc       0x1c build/stm32f1xx_hal_uart.o
 .text.HAL_UART_RxCpltCallback
                0x080019d8        0x4 build/stm32f1xx_hal_uart.o
                0x080019d8                HAL_UART_RxCpltCallback
 .text.UART_DMAReceiveCplt
                0x080019dc       0x40 build/stm32f1xx_hal_uart.o
 .text.UART_Receive_IT
                0x08001a1c       0xa0 build/stm32f1xx_hal_uart.o
 .text.HAL_UART_RxHalfCpltCallback
                0x08001abc        0x4 build/stm32f1xx_hal_uart.o
                0x08001abc                HAL_UART_RxHalfCpltCallback
 .text.UART_DMARxHalfCplt
                0x08001ac0        0xc build/stm32f1xx_hal_uart.o
 .text.HAL_UART_ErrorCallback
                0x08001acc        0x4 build/stm32f1xx_hal_uart.o
                0x08001acc                HAL_UART_ErrorCallback
 .text.UART_DMAError
                0x08001ad0       0x50 build/stm32f1xx_hal_uart.o
 .text.HAL_UART_IRQHandler
                0x08001b20      0x11c build/stm32f1xx_hal_uart.o
                0x08001b20                HAL_UART_IRQHandler
 .text.UART_DMAAbortOnError
                0x08001c3c       0x10 build/stm32f1xx_hal_uart.o
 .text.HAL_Init
                0x08001c4c       0x24 build/stm32f1xx_hal.o
                0x08001c4c                HAL_Init
 .text.HAL_IncTick
                0x08001c70       0x18 build/stm32f1xx_hal.o
                0x08001c70                HAL_IncTick
 .text.HAL_GetTick
                0x08001c88        0xc build/stm32f1xx_hal.o
                0x08001c88                HAL_GetTick
 .text.RCC_Delay
                0x08001c94       0x2c build/stm32f1xx_hal_rcc.o
 .text.HAL_RCC_OscConfig
                0x08001cc0      0x400 build/stm32f1xx_hal_rcc.o
                0x08001cc0                HAL_RCC_OscConfig
 .text.HAL_RCC_GetSysClockFreq
                0x080020c0       0x70 build/stm32f1xx_hal_rcc.o
                0x080020c0                HAL_RCC_GetSysClockFreq
 .text.HAL_RCC_ClockConfig
                0x08002130      0x184 build/stm32f1xx_hal_rcc.o
                0x08002130                HAL_RCC_ClockConfig
 .text.HAL_RCC_GetHCLKFreq
                0x080022b4        0xc build/stm32f1xx_hal_rcc.o
                0x080022b4                HAL_RCC_GetHCLKFreq
 .text.HAL_RCC_GetPCLK1Freq
                0x080022c0       0x20 build/stm32f1xx_hal_rcc.o
                0x080022c0                HAL_RCC_GetPCLK1Freq
 .text.HAL_RCC_GetPCLK2Freq
                0x080022e0       0x20 build/stm32f1xx_hal_rcc.o
                0x080022e0                HAL_RCC_GetPCLK2Freq
 .text.HAL_RCC_GetClockConfig
                0x08002300       0x3c build/stm32f1xx_hal_rcc.o
                0x08002300                HAL_RCC_GetClockConfig
 .text.HAL_GPIO_Init
                0x0800233c      0x1ec build/stm32f1xx_hal_gpio.o
                0x0800233c                HAL_GPIO_Init
 .text.HAL_GPIO_WritePin
                0x08002528        0xc build/stm32f1xx_hal_gpio.o
                0x08002528                HAL_GPIO_WritePin
 .text.DMA_SetConfig
                0x08002534       0x2c build/stm32f1xx_hal_dma.o
 .text.HAL_DMA_Init
                0x08002560       0xa4 build/stm32f1xx_hal_dma.o
                0x08002560                HAL_DMA_Init
 .text.HAL_DMA_Start_IT
                0x08002604       0x74 build/stm32f1xx_hal_dma.o
                0x08002604                HAL_DMA_Start_IT
 .text.HAL_DMA_Abort
                0x08002678       0x30 build/stm32f1xx_hal_dma.o
                0x08002678                HAL_DMA_Abort
 .text.HAL_DMA_Abort_IT
                0x080026a8      0x168 build/stm32f1xx_hal_dma.o
                0x080026a8                HAL_DMA_Abort_IT
 .text.HAL_DMA_IRQHandler
                0x08002810      0x2e4 build/stm32f1xx_hal_dma.o
                0x08002810                HAL_DMA_IRQHandler
 .text.HAL_NVIC_SetPriorityGrouping
                0x08002af4       0x24 build/stm32f1xx_hal_cortex.o
                0x08002af4                HAL_NVIC_SetPriorityGrouping
 .text.HAL_NVIC_SetPriority
                0x08002b18       0x64 build/stm32f1xx_hal_cortex.o
                0x08002b18                HAL_NVIC_SetPriority
 .text.HAL_NVIC_EnableIRQ
                0x08002b7c       0x18 build/stm32f1xx_hal_cortex.o
                0x08002b7c                HAL_NVIC_EnableIRQ
 .text.HAL_SYSTICK_Config
                0x08002b94       0x2c build/stm32f1xx_hal_cortex.o
                0x08002b94                HAL_SYSTICK_Config
 .text.HAL_SYSTICK_CLKSourceConfig
                0x08002bc0       0x20 build/stm32f1xx_hal_cortex.o
                0x08002bc0                HAL_SYSTICK_CLKSourceConfig
 .text.SystemInit
                0x08002be0       0x4c build/system_stm32f1xx.o
                0x08002be0                SystemInit
 .text.prvHeapInit
                0x08002c2c       0x64 build/heap_4.o
 .text.prvInsertBlockIntoFreeList
                0x08002c90       0x54 build/heap_4.o
 .text.pvPortMalloc
                0x08002ce4      0x104 build/heap_4.o
                0x08002ce4                pvPortMalloc
 .text.vPortFree
                0x08002de8       0x78 build/heap_4.o
                0x08002de8                vPortFree
 .text.prvTaskExitError
                0x08002e60       0x34 build/port.o
 .text.prvPortStartFirstTask
                0x08002e94       0x20 build/port.o
 .text.pxPortInitialiseStack
                0x08002eb4       0x24 build/port.o
                0x08002eb4                pxPortInitialiseStack
 *fill*         0x08002ed8        0x8 
 .text.SVC_Handler
                0x08002ee0       0x24 build/port.o
                0x08002ee0                SVC_Handler
 .text.vPortEnterCritical
                0x08002f04       0x44 build/port.o
                0x08002f04                vPortEnterCritical
 .text.vPortExitCritical
                0x08002f48       0x2c build/port.o
                0x08002f48                vPortExitCritical
 *fill*         0x08002f74        0xc 
 .text.PendSV_Handler
                0x08002f80       0x44 build/port.o
                0x08002f80                PendSV_Handler
 .text.xPortSysTickHandler
                0x08002fc4       0x2c build/port.o
                0x08002fc4                xPortSysTickHandler
 .text.vPortSetupTimerInterrupt
                0x08002ff0       0x2c build/port.o
                0x08002ff0                vPortSetupTimerInterrupt
 .text.xPortStartScheduler
                0x0800301c       0x98 build/port.o
                0x0800301c                xPortStartScheduler
 .text.vListInitialise
                0x080030b4       0x18 build/list.o
                0x080030b4                vListInitialise
 .text.vListInitialiseItem
                0x080030cc        0x8 build/list.o
                0x080030cc                vListInitialiseItem
 .text.vListInsertEnd
                0x080030d4       0x18 build/list.o
                0x080030d4                vListInsertEnd
 .text.vListInsert
                0x080030ec       0x34 build/list.o
                0x080030ec                vListInsert
 .text.uxListRemove
                0x08003120       0x24 build/list.o
                0x08003120                uxListRemove
 .text.prvResetNextTaskUnblockTime
                0x08003144       0x34 build/tasks.o
 .text.prvDeleteTCB
                0x08003178       0x14 build/tasks.o
 .text.prvInitialiseNewTask
                0x0800318c       0x80 build/tasks.o
 .text.prvInitialiseTaskLists
                0x0800320c       0x68 build/tasks.o
 .text.prvAddNewTaskToReadyList
                0x08003274       0xa8 build/tasks.o
 .text.prvAddCurrentTaskToDelayedList
                0x0800331c       0x98 build/tasks.o
 .text.xTaskCreate
                0x080033b4       0x64 build/tasks.o
                0x080033b4                xTaskCreate
 .text.vTaskStartScheduler
                0x08003418       0x7c build/tasks.o
                0x08003418                vTaskStartScheduler
 .text.vTaskSuspendAll
                0x08003494       0x10 build/tasks.o
                0x08003494                vTaskSuspendAll
 .text.xTaskIncrementTick
                0x080034a4      0x124 build/tasks.o
                0x080034a4                xTaskIncrementTick
 .text.xTaskResumeAll
                0x080035c8       0xf8 build/tasks.o
                0x080035c8                xTaskResumeAll
 .text.vTaskDelay
                0x080036c0       0x50 build/tasks.o
                0x080036c0                vTaskDelay
 .text.prvCheckTasksWaitingTermination
                0x08003710       0x54 build/tasks.o
 .text.prvIdleTask
                0x08003764       0x28 build/tasks.o
 .text.vTaskSwitchContext
                0x0800378c       0x94 build/tasks.o
                0x0800378c                vTaskSwitchContext
 .text.xTaskGetSchedulerState
                0x08003820       0x20 build/tasks.o
                0x08003820                xTaskGetSchedulerState
 .text.makeFreeRtosPriority
                0x08003840        0xc build/cmsis_os.o
 .text.osKernelStart
                0x0800384c        0xc build/cmsis_os.o
                0x0800384c                osKernelStart
 .text.osThreadCreate
                0x08003858       0x34 build/cmsis_os.o
                0x08003858                osThreadCreate
 .text.osDelay  0x0800388c       0x10 build/cmsis_os.o
                0x0800388c                osDelay
 .text.osSystickHandler
                0x0800389c       0x10 build/cmsis_os.o
                0x0800389c                osSystickHandler
 .text.Reset_Handler
                0x080038ac       0x48 build/startup_stm32f103xe.o
                0x080038ac                Reset_Handler
 .text.Default_Handler
                0x080038f4        0x2 build/startup_stm32f103xe.o
                0x080038f4                RTC_Alarm_IRQHandler
                0x080038f4                EXTI2_IRQHandler
                0x080038f4                TIM8_TRG_COM_IRQHandler
                0x080038f4                TIM8_CC_IRQHandler
                0x080038f4                TIM1_CC_IRQHandler
                0x080038f4                TIM6_IRQHandler
                0x080038f4                PVD_IRQHandler
                0x080038f4                SDIO_IRQHandler
                0x080038f4                EXTI3_IRQHandler
                0x080038f4                EXTI0_IRQHandler
                0x080038f4                I2C2_EV_IRQHandler
                0x080038f4                ADC1_2_IRQHandler
                0x080038f4                SPI1_IRQHandler
                0x080038f4                TAMPER_IRQHandler
                0x080038f4                TIM8_UP_IRQHandler
                0x080038f4                DMA2_Channel2_IRQHandler
                0x080038f4                DMA1_Channel4_IRQHandler
                0x080038f4                RTC_IRQHandler
                0x080038f4                DMA1_Channel7_IRQHandler
                0x080038f4                CAN1_RX1_IRQHandler
                0x080038f4                UART5_IRQHandler
                0x080038f4                ADC3_IRQHandler
                0x080038f4                DMA2_Channel1_IRQHandler
                0x080038f4                I2C1_EV_IRQHandler
                0x080038f4                UART4_IRQHandler
                0x080038f4                TIM3_IRQHandler
                0x080038f4                RCC_IRQHandler
                0x080038f4                TIM1_TRG_COM_IRQHandler
                0x080038f4                DMA1_Channel1_IRQHandler
                0x080038f4                Default_Handler
                0x080038f4                EXTI15_10_IRQHandler
                0x080038f4                TIM7_IRQHandler
                0x080038f4                TIM5_IRQHandler
                0x080038f4                EXTI9_5_IRQHandler
                0x080038f4                SPI2_IRQHandler
                0x080038f4                DMA1_Channel5_IRQHandler
                0x080038f4                EXTI4_IRQHandler
                0x080038f4                USB_HP_CAN1_TX_IRQHandler
                0x080038f4                DMA1_Channel3_IRQHandler
                0x080038f4                FSMC_IRQHandler
                0x080038f4                TIM1_UP_IRQHandler
                0x080038f4                WWDG_IRQHandler
                0x080038f4                TIM2_IRQHandler
                0x080038f4                TIM1_BRK_IRQHandler
                0x080038f4                EXTI1_IRQHandler
                0x080038f4                DMA2_Channel4_5_IRQHandler
                0x080038f4                I2C2_ER_IRQHandler
                0x080038f4                DMA1_Channel2_IRQHandler
                0x080038f4                TIM8_BRK_IRQHandler
                0x080038f4                CAN1_SCE_IRQHandler
                0x080038f4                FLASH_IRQHandler
                0x080038f4                SPI3_IRQHandler
                0x080038f4                I2C1_ER_IRQHandler
                0x080038f4                USBWakeUp_IRQHandler
                0x080038f4                DMA2_Channel3_IRQHandler
 *fill*         0x080038f6        0x2 
 .text.__libc_init_array
                0x080038f8       0x4c /home/user/Library/gcc-arm-none-eabi-5_4-2016q3/bin/../lib/gcc/arm-none-eabi/5.4.1/../../../../arm-none-eabi/lib/armv7-m/libc_nano.a(lib_a-init.o)
                0x080038f8                __libc_init_array
 .text.memcpy   0x08003944       0x16 /home/user/Library/gcc-arm-none-eabi-5_4-2016q3/bin/../lib/gcc/arm-none-eabi/5.4.1/../../../../arm-none-eabi/lib/armv7-m/libc_nano.a(lib_a-memcpy-stub.o)
                0x08003944                memcpy
 *fill*         0x0800395a        0x2 
 .text.sprintf  0x0800395c       0x48 /home/user/Library/gcc-arm-none-eabi-5_4-2016q3/bin/../lib/gcc/arm-none-eabi/5.4.1/../../../../arm-none-eabi/lib/armv7-m/libc_nano.a(lib_a-sprintf.o)
                0x0800395c                sprintf
                0x0800395c                siprintf
 .text.__ssputs_r
                0x080039a4       0xb2 /home/user/Library/gcc-arm-none-eabi-5_4-2016q3/bin/../lib/gcc/arm-none-eabi/5.4.1/../../../../arm-none-eabi/lib/armv7-m/libc_nano.a(lib_a-nano-svfprintf.o)
                0x080039a4                __ssputs_r
 *fill*         0x08003a56        0x2 
 .text._svfprintf_r
                0x08003a58      0x1e8 /home/user/Library/gcc-arm-none-eabi-5_4-2016q3/bin/../lib/gcc/arm-none-eabi/5.4.1/../../../../arm-none-eabi/lib/armv7-m/libc_nano.a(lib_a-nano-svfprintf.o)
                0x08003a58                _svfprintf_r
                0x08003a58                _svfiprintf_r
 .text._printf_common
                0x08003c40       0xec /home/user/Library/gcc-arm-none-eabi-5_4-2016q3/bin/../lib/gcc/arm-none-eabi/5.4.1/../../../../arm-none-eabi/lib/armv7-m/libc_nano.a(lib_a-nano-vfprintf_i.o)
                0x08003c40                _printf_common
 .text._printf_i
                0x08003d2c      0x24c /home/user/Library/gcc-arm-none-eabi-5_4-2016q3/bin/../lib/gcc/arm-none-eabi/5.4.1/../../../../arm-none-eabi/lib/armv7-m/libc_nano.a(lib_a-nano-vfprintf_i.o)
                0x08003d2c                _printf_i
 .text.memchr   0x08003f78       0x1c /home/user/Library/gcc-arm-none-eabi-5_4-2016q3/bin/../lib/gcc/arm-none-eabi/5.4.1/../../../../arm-none-eabi/lib/armv7-m/libc_nano.a(lib_a-memchr-stub.o)
                0x08003f78                memchr
 .text.memmove  0x08003f94       0x36 /home/user/Library/gcc-arm-none-eabi-5_4-2016q3/bin/../lib/gcc/arm-none-eabi/5.4.1/../../../../arm-none-eabi/lib/armv7-m/libc_nano.a(lib_a-memmove.o)
                0x08003f94                memmove
 *fill*         0x08003fca        0x2 
 .text._free_r  0x08003fcc       0x98 /home/user/Library/gcc-arm-none-eabi-5_4-2016q3/bin/../lib/gcc/arm-none-eabi/5.4.1/../../../../arm-none-eabi/lib/armv7-m/libc_nano.a(lib_a-nano-freer.o)
                0x08003fcc                _free_r
 .text._malloc_r
                0x08004064       0xbc /home/user/Library/gcc-arm-none-eabi-5_4-2016q3/bin/../lib/gcc/arm-none-eabi/5.4.1/../../../../arm-none-eabi/lib/armv7-m/libc_nano.a(lib_a-nano-mallocr.o)
                0x08004064                _malloc_r
 .text._realloc_r
                0x08004120       0x4c /home/user/Library/gcc-arm-none-eabi-5_4-2016q3/bin/../lib/gcc/arm-none-eabi/5.4.1/../../../../arm-none-eabi/lib/armv7-m/libc_nano.a(lib_a-nano-reallocr.o)
                0x08004120                _realloc_r
 .text._sbrk_r  0x0800416c       0x20 /home/user/Library/gcc-arm-none-eabi-5_4-2016q3/bin/../lib/gcc/arm-none-eabi/5.4.1/../../../../arm-none-eabi/lib/armv7-m/libc_nano.a(lib_a-sbrkr.o)
                0x0800416c                _sbrk_r
 .text.__malloc_lock
                0x0800418c        0x2 /home/user/Library/gcc-arm-none-eabi-5_4-2016q3/bin/../lib/gcc/arm-none-eabi/5.4.1/../../../../arm-none-eabi/lib/armv7-m/libc_nano.a(lib_a-mlock.o)
                0x0800418c                __malloc_lock
 .text.__malloc_unlock
                0x0800418e        0x2 /home/user/Library/gcc-arm-none-eabi-5_4-2016q3/bin/../lib/gcc/arm-none-eabi/5.4.1/../../../../arm-none-eabi/lib/armv7-m/libc_nano.a(lib_a-mlock.o)
                0x0800418e                __malloc_unlock
 .text._malloc_usable_size_r
                0x08004190       0x14 /home/user/Library/gcc-arm-none-eabi-5_4-2016q3/bin/../lib/gcc/arm-none-eabi/5.4.1/../../../../arm-none-eabi/lib/armv7-m/libc_nano.a(lib_a-nano-msizer.o)
                0x08004190                _malloc_usable_size_r
 .text._sbrk    0x080041a4       0x1c /home/user/Library/gcc-arm-none-eabi-5_4-2016q3/bin/../lib/gcc/arm-none-eabi/5.4.1/../../../../arm-none-eabi/lib/armv7-m/libnosys.a(sbrk.o)
                0x080041a4                _sbrk
 *(.glue_7)
 .glue_7        0x080041c0        0x0 linker stubs
 *(.glue_7t)
 .glue_7t       0x080041c0        0x0 linker stubs
 *(.eh_frame)
 .eh_frame      0x080041c0        0x0 /home/user/Library/gcc-arm-none-eabi-5_4-2016q3/bin/../lib/gcc/arm-none-eabi/5.4.1/armv7-m/crtbegin.o
 *(.init)
 .init          0x080041c0        0x4 /home/user/Library/gcc-arm-none-eabi-5_4-2016q3/bin/../lib/gcc/arm-none-eabi/5.4.1/armv7-m/crti.o
                0x080041c0                _init
 .init          0x080041c4        0x8 /home/user/Library/gcc-arm-none-eabi-5_4-2016q3/bin/../lib/gcc/arm-none-eabi/5.4.1/armv7-m/crtn.o
 *(.fini)
 .fini          0x080041cc        0x4 /home/user/Library/gcc-arm-none-eabi-5_4-2016q3/bin/../lib/gcc/arm-none-eabi/5.4.1/armv7-m/crti.o
                0x080041cc                _fini
 .fini          0x080041d0        0x8 /home/user/Library/gcc-arm-none-eabi-5_4-2016q3/bin/../lib/gcc/arm-none-eabi/5.4.1/armv7-m/crtn.o
                0x080041d8                . = ALIGN (0x4)
                0x080041d8                _etext = .

.vfp11_veneer   0x080041d8        0x0
 .vfp11_veneer  0x080041d8        0x0 linker stubs

.v4_bx          0x080041d8        0x0
 .v4_bx         0x080041d8        0x0 linker stubs

.iplt           0x080041d8        0x0
 .iplt          0x080041d8        0x0 /home/user/Library/gcc-arm-none-eabi-5_4-2016q3/bin/../lib/gcc/arm-none-eabi/5.4.1/armv7-m/crtbegin.o

.rodata         0x080041d8      0x178
                0x080041d8                . = ALIGN (0x4)
 *(.rodata)
 .rodata        0x080041d8       0x28 build/main.o
 .rodata        0x08004200       0x12 build/stm32f1xx_hal_rcc.o
 *(.rodata*)
 *fill*         0x08004212        0x2 
 .rodata.str1.4
                0x08004214       0xce build/main.o
                                 0xd2 (size before relaxing)
 *fill*         0x080042e2        0x2 
 .rodata.str1.4
                0x080042e4       0x18 build/stm32f1xx_hal_msp.o
 .rodata.AHBPrescTable
                0x080042fc       0x10 build/system_stm32f1xx.o
                0x080042fc                AHBPrescTable
 .rodata.APBPrescTable
                0x0800430c        0x8 build/system_stm32f1xx.o
                0x0800430c                APBPrescTable
 .rodata.str1.4
                0x08004314        0x8 build/tasks.o
                                  0x5 (size before relaxing)
 .rodata.str1.1
                0x0800431c       0x11 /home/user/Library/gcc-arm-none-eabi-5_4-2016q3/bin/../lib/gcc/arm-none-eabi/5.4.1/../../../../arm-none-eabi/lib/armv7-m/libc_nano.a(lib_a-nano-svfprintf.o)
 .rodata.str1.1
                0x0800432d       0x22 /home/user/Library/gcc-arm-none-eabi-5_4-2016q3/bin/../lib/gcc/arm-none-eabi/5.4.1/../../../../arm-none-eabi/lib/armv7-m/libc_nano.a(lib_a-nano-vfprintf_i.o)
                0x08004350                . = ALIGN (0x4)
 *fill*         0x0800434f        0x1 

.rel.dyn        0x08004350        0x0
 .rel.iplt      0x08004350        0x0 /home/user/Library/gcc-arm-none-eabi-5_4-2016q3/bin/../lib/gcc/arm-none-eabi/5.4.1/armv7-m/crtbegin.o

.ARM.extab
 *(.ARM.extab* .gnu.linkonce.armextab.*)

.ARM            0x08004350        0x0
                0x08004350                __exidx_start = .
 *(.ARM.exidx*)
                0x08004350                __exidx_end = .

.preinit_array  0x08004350        0x0
                0x08004350                PROVIDE (__preinit_array_start, .)
 *(.preinit_array*)
                0x08004350                PROVIDE (__preinit_array_end, .)

.init_array     0x08004350        0x4
                0x08004350                PROVIDE (__init_array_start, .)
 *(SORT(.init_array.*))
 *(.init_array*)
 .init_array    0x08004350        0x4 /home/user/Library/gcc-arm-none-eabi-5_4-2016q3/bin/../lib/gcc/arm-none-eabi/5.4.1/armv7-m/crtbegin.o
                0x08004354                PROVIDE (__init_array_end, .)

.fini_array     0x08004354        0x4
                [!provide]                PROVIDE (__fini_array_start, .)
 *(SORT(.fini_array.*))
 *(.fini_array*)
 .fini_array    0x08004354        0x4 /home/user/Library/gcc-arm-none-eabi-5_4-2016q3/bin/../lib/gcc/arm-none-eabi/5.4.1/armv7-m/crtbegin.o
                [!provide]                PROVIDE (__fini_array_end, .)
                0x08004358                _sidata = LOADADDR (.data)

.data           0x20000000       0x70 load address 0x08004358
                0x20000000                . = ALIGN (0x4)
                0x20000000                _sdata = .
 *(.data)
 *(.data*)
 .data.uwTickFreq
                0x20000000        0x1 build/stm32f1xx_hal.o
                0x20000000                uwTickFreq
 *fill*         0x20000001        0x3 
 .data.SystemCoreClock
                0x20000004        0x4 build/system_stm32f1xx.o
                0x20000004                SystemCoreClock
 .data.uxCriticalNesting
                0x20000008        0x4 build/port.o
 .data.impure_data
                0x2000000c       0x60 /home/user/Library/gcc-arm-none-eabi-5_4-2016q3/bin/../lib/gcc/arm-none-eabi/5.4.1/../../../../arm-none-eabi/lib/armv7-m/libc_nano.a(lib_a-impure.o)
 .data._impure_ptr
                0x2000006c        0x4 /home/user/Library/gcc-arm-none-eabi-5_4-2016q3/bin/../lib/gcc/arm-none-eabi/5.4.1/../../../../arm-none-eabi/lib/armv7-m/libc_nano.a(lib_a-impure.o)
                0x2000006c                _impure_ptr
                0x20000070                . = ALIGN (0x4)
                0x20000070                _edata = .

.jcr            0x20000070        0x0 load address 0x080043c8
 .jcr           0x20000070        0x0 /home/user/Library/gcc-arm-none-eabi-5_4-2016q3/bin/../lib/gcc/arm-none-eabi/5.4.1/armv7-m/crtbegin.o

.igot.plt       0x20000070        0x0 load address 0x080043c8
 .igot.plt      0x20000070        0x0 /home/user/Library/gcc-arm-none-eabi-5_4-2016q3/bin/../lib/gcc/arm-none-eabi/5.4.1/armv7-m/crtbegin.o
                0x20000070                . = ALIGN (0x4)

.bss            0x20000070     0x1088 load address 0x080043c8
                0x20000070                _sbss = .
                0x20000070                __bss_start__ = _sbss
 *(.bss)
 .bss           0x20000070       0x1c /home/user/Library/gcc-arm-none-eabi-5_4-2016q3/bin/../lib/gcc/arm-none-eabi/5.4.1/armv7-m/crtbegin.o
 *(.bss*)
 .bss.recv_end_flag
                0x2000008c        0x1 build/main.o
                0x2000008c                recv_end_flag
 *fill*         0x2000008d        0x3 
 .bss.xFreeBytesRemaining
                0x20000090        0x4 build/heap_4.o
 .bss.pxEnd     0x20000094        0x4 build/heap_4.o
 .bss.xStart    0x20000098        0x8 build/heap_4.o
 .bss.ucHeap    0x200000a0      0xc00 build/heap_4.o
 .bss.xBlockAllocatedBit
                0x20000ca0        0x4 build/heap_4.o
 .bss.xMinimumEverFreeBytesRemaining
                0x20000ca4        0x4 build/heap_4.o
 .bss.ucMaxSysCallPriority
                0x20000ca8        0x1 build/port.o
 *fill*         0x20000ca9        0x3 
 .bss.ulMaxPRIGROUPValue
                0x20000cac        0x4 build/port.o
 .bss.xNumOfOverflows
                0x20000cb0        0x4 build/tasks.o
 .bss.pxDelayedTaskList
                0x20000cb4        0x4 build/tasks.o
 .bss.xSchedulerRunning
                0x20000cb8        0x4 build/tasks.o
 .bss.xTasksWaitingTermination
                0x20000cbc       0x14 build/tasks.o
 .bss.pxOverflowDelayedTaskList
                0x20000cd0        0x4 build/tasks.o
 .bss.uxPendedTicks
                0x20000cd4        0x4 build/tasks.o
 .bss.pxReadyTasksLists
                0x20000cd8       0x8c build/tasks.o
 .bss.uxSchedulerSuspended
                0x20000d64        0x4 build/tasks.o
 .bss.uxDeletedTasksWaitingCleanUp
                0x20000d68        0x4 build/tasks.o
 .bss.uxCurrentNumberOfTasks
                0x20000d6c        0x4 build/tasks.o
 .bss.pxCurrentTCB
                0x20000d70        0x4 build/tasks.o
                0x20000d70                pxCurrentTCB
 .bss.xPendingReadyList
                0x20000d74       0x14 build/tasks.o
 .bss.xIdleTaskHandle
                0x20000d88        0x4 build/tasks.o
 .bss.xTickCount
                0x20000d8c        0x4 build/tasks.o
 .bss.xNextTaskUnblockTime
                0x20000d90        0x4 build/tasks.o
 .bss.uxTaskNumber
                0x20000d94        0x4 build/tasks.o
 .bss.xDelayedTaskList1
                0x20000d98       0x14 build/tasks.o
 .bss.xDelayedTaskList2
                0x20000dac       0x14 build/tasks.o
 .bss.xSuspendedTaskList
                0x20000dc0       0x14 build/tasks.o
 .bss.uxTopReadyPriority
                0x20000dd4        0x4 build/tasks.o
 .bss.xYieldPending
                0x20000dd8        0x4 build/tasks.o
 .bss.__malloc_sbrk_start
                0x20000ddc        0x4 /home/user/Library/gcc-arm-none-eabi-5_4-2016q3/bin/../lib/gcc/arm-none-eabi/5.4.1/../../../../arm-none-eabi/lib/armv7-m/libc_nano.a(lib_a-nano-mallocr.o)
                0x20000ddc                __malloc_sbrk_start
 .bss.__malloc_free_list
                0x20000de0        0x4 /home/user/Library/gcc-arm-none-eabi-5_4-2016q3/bin/../lib/gcc/arm-none-eabi/5.4.1/../../../../arm-none-eabi/lib/armv7-m/libc_nano.a(lib_a-nano-mallocr.o)
                0x20000de0                __malloc_free_list
 .bss.heap_end.4167
                0x20000de4        0x4 /home/user/Library/gcc-arm-none-eabi-5_4-2016q3/bin/../lib/gcc/arm-none-eabi/5.4.1/../../../../arm-none-eabi/lib/armv7-m/libnosys.a(sbrk.o)
 *(COMMON)
 COMMON         0x20000de8      0x2c8 build/main.o
                0x20000de8                aRxBuffer2
                0x20000dec                hdma_usart2_rx
                0x20000e30                sFliterConfig
                0x20000e58                huart3
                0x20000e98                hcan
                0x20000edc                aRxBuffer2_Data
                0x20000ee0                Task1Handle
                0x20000ee4                aRxBuffer3
                0x20000ee8                huart1
                0x20000f28                ReceiveBuff
                0x20001028                aRxBuffer1
                0x20001029                Rx_len
                0x2000102c                huart2
                0x2000106c                TxMessage
                0x20001088                RxMessage
                0x200010ac                Task0Handle
 COMMON         0x200010b0       0x40 build/stm32f1xx_hal_timebase_TIM.o
                0x200010b0                htim4
 COMMON         0x200010f0        0x4 build/stm32f1xx_hal.o
                0x200010f0                uwTick
 COMMON         0x200010f4        0x4 /home/user/Library/gcc-arm-none-eabi-5_4-2016q3/bin/../lib/gcc/arm-none-eabi/5.4.1/../../../../arm-none-eabi/lib/armv7-m/libc_nano.a(lib_a-reent.o)
                0x200010f4                errno
                0x200010f8                . = ALIGN (0x4)
                0x200010f8                _ebss = .
                0x200010f8                __bss_end__ = _ebss

._user_heap_stack
                0x200010f8      0x600 load address 0x080043c8
                0x200010f8                . = ALIGN (0x8)
                0x200010f8                PROVIDE (end, .)
                [!provide]                PROVIDE (_end, .)
                0x200012f8                . = (. + _Min_Heap_Size)
 *fill*         0x200010f8      0x200 
                0x200016f8                . = (. + _Min_Stack_Size)
 *fill*         0x200012f8      0x400 
                0x200016f8                . = ALIGN (0x8)

/DISCARD/
 libc.a(*)
 libm.a(*)
 libgcc.a(*)

.ARM.attributes
                0x00000000       0x29
 *(.ARM.attributes)
 .ARM.attributes
                0x00000000       0x1d /home/user/Library/gcc-arm-none-eabi-5_4-2016q3/bin/../lib/gcc/arm-none-eabi/5.4.1/armv7-m/crti.o
 .ARM.attributes
                0x0000001d       0x2d /home/user/Library/gcc-arm-none-eabi-5_4-2016q3/bin/../lib/gcc/arm-none-eabi/5.4.1/armv7-m/crtbegin.o
 .ARM.attributes
                0x0000004a       0x33 build/main.o
 .ARM.attributes
                0x0000007d       0x33 build/stm32f1xx_it.o
 .ARM.attributes
                0x000000b0       0x33 build/stm32f1xx_hal_msp.o
 .ARM.attributes
                0x000000e3       0x33 build/stm32f1xx_hal_timebase_TIM.o
 .ARM.attributes
                0x00000116       0x33 build/stm32f1xx_hal_can.o
 .ARM.attributes
                0x00000149       0x33 build/stm32f1xx_hal_tim.o
 .ARM.attributes
                0x0000017c       0x33 build/stm32f1xx_hal_tim_ex.o
 .ARM.attributes
                0x000001af       0x33 build/stm32f1xx_hal_uart.o
 .ARM.attributes
                0x000001e2       0x33 build/stm32f1xx_hal.o
 .ARM.attributes
                0x00000215       0x33 build/stm32f1xx_hal_rcc.o
 .ARM.attributes
                0x00000248       0x33 build/stm32f1xx_hal_gpio.o
 .ARM.attributes
                0x0000027b       0x33 build/stm32f1xx_hal_dma.o
 .ARM.attributes
                0x000002ae       0x33 build/stm32f1xx_hal_cortex.o
 .ARM.attributes
                0x000002e1       0x33 build/system_stm32f1xx.o
 .ARM.attributes
                0x00000314       0x33 build/heap_4.o
 .ARM.attributes
                0x00000347       0x33 build/port.o
 .ARM.attributes
                0x0000037a       0x33 build/list.o
 .ARM.attributes
                0x000003ad       0x33 build/tasks.o
 .ARM.attributes
                0x000003e0       0x33 build/cmsis_os.o
 .ARM.attributes
                0x00000413       0x21 build/startup_stm32f103xe.o
 .ARM.attributes
                0x00000434       0x2d /home/user/Library/gcc-arm-none-eabi-5_4-2016q3/bin/../lib/gcc/arm-none-eabi/5.4.1/../../../../arm-none-eabi/lib/armv7-m/libc_nano.a(lib_a-impure.o)
 .ARM.attributes
                0x00000461       0x2d /home/user/Library/gcc-arm-none-eabi-5_4-2016q3/bin/../lib/gcc/arm-none-eabi/5.4.1/../../../../arm-none-eabi/lib/armv7-m/libc_nano.a(lib_a-init.o)
 .ARM.attributes
                0x0000048e       0x2d /home/user/Library/gcc-arm-none-eabi-5_4-2016q3/bin/../lib/gcc/arm-none-eabi/5.4.1/../../../../arm-none-eabi/lib/armv7-m/libc_nano.a(lib_a-memcpy-stub.o)
 .ARM.attributes
                0x000004bb       0x2d /home/user/Library/gcc-arm-none-eabi-5_4-2016q3/bin/../lib/gcc/arm-none-eabi/5.4.1/../../../../arm-none-eabi/lib/armv7-m/libc_nano.a(lib_a-sprintf.o)
 .ARM.attributes
                0x000004e8       0x2d /home/user/Library/gcc-arm-none-eabi-5_4-2016q3/bin/../lib/gcc/arm-none-eabi/5.4.1/../../../../arm-none-eabi/lib/armv7-m/libc_nano.a(lib_a-nano-svfprintf.o)
 .ARM.attributes
                0x00000515       0x2d /home/user/Library/gcc-arm-none-eabi-5_4-2016q3/bin/../lib/gcc/arm-none-eabi/5.4.1/../../../../arm-none-eabi/lib/armv7-m/libc_nano.a(lib_a-nano-vfprintf_i.o)
 .ARM.attributes
                0x00000542       0x2d /home/user/Library/gcc-arm-none-eabi-5_4-2016q3/bin/../lib/gcc/arm-none-eabi/5.4.1/../../../../arm-none-eabi/lib/armv7-m/libc_nano.a(lib_a-memchr-stub.o)
 .ARM.attributes
                0x0000056f       0x2d /home/user/Library/gcc-arm-none-eabi-5_4-2016q3/bin/../lib/gcc/arm-none-eabi/5.4.1/../../../../arm-none-eabi/lib/armv7-m/libc_nano.a(lib_a-memmove.o)
 .ARM.attributes
                0x0000059c       0x2d /home/user/Library/gcc-arm-none-eabi-5_4-2016q3/bin/../lib/gcc/arm-none-eabi/5.4.1/../../../../arm-none-eabi/lib/armv7-m/libc_nano.a(lib_a-nano-freer.o)
 .ARM.attributes
                0x000005c9       0x2d /home/user/Library/gcc-arm-none-eabi-5_4-2016q3/bin/../lib/gcc/arm-none-eabi/5.4.1/../../../../arm-none-eabi/lib/armv7-m/libc_nano.a(lib_a-nano-mallocr.o)
 .ARM.attributes
                0x000005f6       0x2d /home/user/Library/gcc-arm-none-eabi-5_4-2016q3/bin/../lib/gcc/arm-none-eabi/5.4.1/../../../../arm-none-eabi/lib/armv7-m/libc_nano.a(lib_a-nano-reallocr.o)
 .ARM.attributes
                0x00000623       0x2d /home/user/Library/gcc-arm-none-eabi-5_4-2016q3/bin/../lib/gcc/arm-none-eabi/5.4.1/../../../../arm-none-eabi/lib/armv7-m/libc_nano.a(lib_a-sbrkr.o)
 .ARM.attributes
                0x00000650       0x2d /home/user/Library/gcc-arm-none-eabi-5_4-2016q3/bin/../lib/gcc/arm-none-eabi/5.4.1/../../../../arm-none-eabi/lib/armv7-m/libc_nano.a(lib_a-mlock.o)
 .ARM.attributes
                0x0000067d       0x2d /home/user/Library/gcc-arm-none-eabi-5_4-2016q3/bin/../lib/gcc/arm-none-eabi/5.4.1/../../../../arm-none-eabi/lib/armv7-m/libc_nano.a(lib_a-nano-msizer.o)
 .ARM.attributes
                0x000006aa       0x2d /home/user/Library/gcc-arm-none-eabi-5_4-2016q3/bin/../lib/gcc/arm-none-eabi/5.4.1/../../../../arm-none-eabi/lib/armv7-m/libc_nano.a(lib_a-reent.o)
 .ARM.attributes
                0x000006d7       0x2d /home/user/Library/gcc-arm-none-eabi-5_4-2016q3/bin/../lib/gcc/arm-none-eabi/5.4.1/../../../../arm-none-eabi/lib/armv7-m/libnosys.a(sbrk.o)
 .ARM.attributes
                0x00000704       0x1d /home/user/Library/gcc-arm-none-eabi-5_4-2016q3/bin/../lib/gcc/arm-none-eabi/5.4.1/armv7-m/crtn.o
OUTPUT(build/CAN.elf elf32-littlearm)

.debug_info     0x00000000    0x133ef
 .debug_info    0x00000000     0x1f2a build/main.o
 .debug_info    0x00001f2a      0xff1 build/stm32f1xx_it.o
 .debug_info    0x00002f1b     0x137c build/stm32f1xx_hal_msp.o
 .debug_info    0x00004297      0xa3c build/stm32f1xx_hal_timebase_TIM.o
 .debug_info    0x00004cd3      0xd32 build/stm32f1xx_hal_can.o
 .debug_info    0x00005a05     0x309c build/stm32f1xx_hal_tim.o
 .debug_info    0x00008aa1     0x137e build/stm32f1xx_hal_tim_ex.o
 .debug_info    0x00009e1f     0x1779 build/stm32f1xx_hal_uart.o
 .debug_info    0x0000b598      0x83a build/stm32f1xx_hal.o
 .debug_info    0x0000bdd2      0xa90 build/stm32f1xx_hal_rcc.o
 .debug_info    0x0000c862      0x66e build/stm32f1xx_hal_gpio.o
 .debug_info    0x0000ced0      0x834 build/stm32f1xx_hal_dma.o
 .debug_info    0x0000d704      0xd36 build/stm32f1xx_hal_cortex.o
 .debug_info    0x0000e43a      0x437 build/system_stm32f1xx.o
 .debug_info    0x0000e871      0x46f build/heap_4.o
 .debug_info    0x0000ece0      0x506 build/port.o
 .debug_info    0x0000f1e6      0x2d0 build/list.o
 .debug_info    0x0000f4b6     0x224f build/tasks.o
 .debug_info    0x00011705     0x1c86 build/cmsis_os.o
 .debug_info    0x0001338b       0x64 build/startup_stm32f103xe.o

.debug_abbrev   0x00000000     0x2b20
 .debug_abbrev  0x00000000      0x2d6 build/main.o
 .debug_abbrev  0x000002d6      0x214 build/stm32f1xx_it.o
 .debug_abbrev  0x000004ea      0x202 build/stm32f1xx_hal_msp.o
 .debug_abbrev  0x000006ec      0x1d4 build/stm32f1xx_hal_timebase_TIM.o
 .debug_abbrev  0x000008c0      0x22b build/stm32f1xx_hal_can.o
 .debug_abbrev  0x00000aeb      0x278 build/stm32f1xx_hal_tim.o
 .debug_abbrev  0x00000d63      0x251 build/stm32f1xx_hal_tim_ex.o
 .debug_abbrev  0x00000fb4      0x281 build/stm32f1xx_hal_uart.o
 .debug_abbrev  0x00001235      0x20f build/stm32f1xx_hal.o
 .debug_abbrev  0x00001444      0x28e build/stm32f1xx_hal_rcc.o
 .debug_abbrev  0x000016d2      0x202 build/stm32f1xx_hal_gpio.o
 .debug_abbrev  0x000018d4      0x239 build/stm32f1xx_hal_dma.o
 .debug_abbrev  0x00001b0d      0x2ee build/stm32f1xx_hal_cortex.o
 .debug_abbrev  0x00001dfb      0x124 build/system_stm32f1xx.o
 .debug_abbrev  0x00001f1f      0x216 build/heap_4.o
 .debug_abbrev  0x00002135      0x26e build/port.o
 .debug_abbrev  0x000023a3       0xf8 build/list.o
 .debug_abbrev  0x0000249b      0x358 build/tasks.o
 .debug_abbrev  0x000027f3      0x31b build/cmsis_os.o
 .debug_abbrev  0x00002b0e       0x12 build/startup_stm32f103xe.o

.debug_loc      0x00000000     0xc64d
 .debug_loc     0x00000000      0x2a1 build/main.o
 .debug_loc     0x000002a1      0x119 build/stm32f1xx_it.o
 .debug_loc     0x000003ba      0x21b build/stm32f1xx_hal_msp.o
 .debug_loc     0x000005d5       0xb1 build/stm32f1xx_hal_timebase_TIM.o
 .debug_loc     0x00000686      0xd25 build/stm32f1xx_hal_can.o
 .debug_loc     0x000013ab     0x3cc6 build/stm32f1xx_hal_tim.o
 .debug_loc     0x00005071     0x11d2 build/stm32f1xx_hal_tim_ex.o
 .debug_loc     0x00006243     0x17b0 build/stm32f1xx_hal_uart.o
 .debug_loc     0x000079f3      0x1a8 build/stm32f1xx_hal.o
 .debug_loc     0x00007b9b      0x6e5 build/stm32f1xx_hal_rcc.o
 .debug_loc     0x00008280      0x410 build/stm32f1xx_hal_gpio.o
 .debug_loc     0x00008690      0x7a2 build/stm32f1xx_hal_dma.o
 .debug_loc     0x00008e32      0x59f build/stm32f1xx_hal_cortex.o
 .debug_loc     0x000093d1       0xdf build/system_stm32f1xx.o
 .debug_loc     0x000094b0      0x32f build/heap_4.o
 .debug_loc     0x000097df      0x11a build/port.o
 .debug_loc     0x000098f9       0x91 build/list.o
 .debug_loc     0x0000998a     0x16d3 build/tasks.o
 .debug_loc     0x0000b05d     0x15f0 build/cmsis_os.o

.debug_aranges  0x00000000     0x1020
 .debug_aranges
                0x00000000       0x88 build/main.o
 .debug_aranges
                0x00000088       0x80 build/stm32f1xx_it.o
 .debug_aranges
                0x00000108       0x40 build/stm32f1xx_hal_msp.o
 .debug_aranges
                0x00000148       0x30 build/stm32f1xx_hal_timebase_TIM.o
 .debug_aranges
                0x00000178       0xb0 build/stm32f1xx_hal_can.o
 .debug_aranges
                0x00000228      0x368 build/stm32f1xx_hal_tim.o
 .debug_aranges
                0x00000590      0x138 build/stm32f1xx_hal_tim_ex.o
 .debug_aranges
                0x000006c8      0x1d0 build/stm32f1xx_hal_uart.o
 .debug_aranges
                0x00000898       0xd0 build/stm32f1xx_hal.o
 .debug_aranges
                0x00000968       0x90 build/stm32f1xx_hal_rcc.o
 .debug_aranges
                0x000009f8       0x58 build/stm32f1xx_hal_gpio.o
 .debug_aranges
                0x00000a50       0x80 build/stm32f1xx_hal_dma.o
 .debug_aranges
                0x00000ad0       0x90 build/stm32f1xx_hal_cortex.o
 .debug_aranges
                0x00000b60       0x28 build/system_stm32f1xx.o
 .debug_aranges
                0x00000b88       0x50 build/heap_4.o
 .debug_aranges
                0x00000bd8       0x78 build/port.o
 .debug_aranges
                0x00000c50       0x40 build/list.o
 .debug_aranges
                0x00000c90      0x190 build/tasks.o
 .debug_aranges
                0x00000e20      0x1d8 build/cmsis_os.o
 .debug_aranges
                0x00000ff8       0x28 build/startup_stm32f103xe.o

.debug_ranges   0x00000000      0xf50
 .debug_ranges  0x00000000       0x90 build/main.o
 .debug_ranges  0x00000090       0x70 build/stm32f1xx_it.o
 .debug_ranges  0x00000100       0x30 build/stm32f1xx_hal_msp.o
 .debug_ranges  0x00000130       0x20 build/stm32f1xx_hal_timebase_TIM.o
 .debug_ranges  0x00000150       0xa0 build/stm32f1xx_hal_can.o
 .debug_ranges  0x000001f0      0x358 build/stm32f1xx_hal_tim.o
 .debug_ranges  0x00000548      0x128 build/stm32f1xx_hal_tim_ex.o
 .debug_ranges  0x00000670      0x1c0 build/stm32f1xx_hal_uart.o
 .debug_ranges  0x00000830       0xc0 build/stm32f1xx_hal.o
 .debug_ranges  0x000008f0       0x98 build/stm32f1xx_hal_rcc.o
 .debug_ranges  0x00000988       0x48 build/stm32f1xx_hal_gpio.o
 .debug_ranges  0x000009d0       0x70 build/stm32f1xx_hal_dma.o
 .debug_ranges  0x00000a40       0x80 build/stm32f1xx_hal_cortex.o
 .debug_ranges  0x00000ac0       0x18 build/system_stm32f1xx.o
 .debug_ranges  0x00000ad8       0x40 build/heap_4.o
 .debug_ranges  0x00000b18       0x68 build/port.o
 .debug_ranges  0x00000b80       0x30 build/list.o
 .debug_ranges  0x00000bb0      0x1b8 build/tasks.o
 .debug_ranges  0x00000d68      0x1c8 build/cmsis_os.o
 .debug_ranges  0x00000f30       0x20 build/startup_stm32f103xe.o

.debug_line     0x00000000     0x6ad8
 .debug_line    0x00000000      0x4eb build/main.o
 .debug_line    0x000004eb      0x30f build/stm32f1xx_it.o
 .debug_line    0x000007fa      0x2a7 build/stm32f1xx_hal_msp.o
 .debug_line    0x00000aa1      0x231 build/stm32f1xx_hal_timebase_TIM.o
 .debug_line    0x00000cd2      0x709 build/stm32f1xx_hal_can.o
 .debug_line    0x000013db     0x11b3 build/stm32f1xx_hal_tim.o
 .debug_line    0x0000258e      0x759 build/stm32f1xx_hal_tim_ex.o
 .debug_line    0x00002ce7      0xa90 build/stm32f1xx_hal_uart.o
 .debug_line    0x00003777      0x395 build/stm32f1xx_hal.o
 .debug_line    0x00003b0c      0x514 build/stm32f1xx_hal_rcc.o
 .debug_line    0x00004020      0x366 build/stm32f1xx_hal_gpio.o
 .debug_line    0x00004386      0x793 build/stm32f1xx_hal_dma.o
 .debug_line    0x00004b19      0x318 build/stm32f1xx_hal_cortex.o
 .debug_line    0x00004e31      0x1a0 build/system_stm32f1xx.o
 .debug_line    0x00004fd1      0x31a build/heap_4.o
 .debug_line    0x000052eb      0x2d3 build/port.o
 .debug_line    0x000055be      0x20b build/list.o
 .debug_line    0x000057c9      0xa94 build/tasks.o
 .debug_line    0x0000625d      0x809 build/cmsis_os.o
 .debug_line    0x00006a66       0x72 build/startup_stm32f103xe.o

.debug_str      0x00000000     0x505a
 .debug_str     0x00000000     0x13a9 build/main.o
                               0x145e (size before relaxing)
 .debug_str     0x000013a9      0x177 build/stm32f1xx_it.o
                                0xb7e (size before relaxing)
 .debug_str     0x00001520       0xf1 build/stm32f1xx_hal_msp.o
                                0xd98 (size before relaxing)
 .debug_str     0x00001611      0x101 build/stm32f1xx_hal_timebase_TIM.o
                                0xaed (size before relaxing)
 .debug_str     0x00001712      0x178 build/stm32f1xx_hal_can.o
                                0x7a0 (size before relaxing)
 .debug_str     0x0000188a      0xd0d build/stm32f1xx_hal_tim.o
                               0x1344 (size before relaxing)
 .debug_str     0x00002597      0x4ee build/stm32f1xx_hal_tim_ex.o
                                0xbe6 (size before relaxing)
 .debug_str     0x00002a85      0x4d1 build/stm32f1xx_hal_uart.o
                                0xb6f (size before relaxing)
 .debug_str     0x00002f56      0x261 build/stm32f1xx_hal.o
                                0x8ee (size before relaxing)
 .debug_str     0x000031b7      0x18f build/stm32f1xx_hal_rcc.o
                                0x62a (size before relaxing)
 .debug_str     0x00003346      0x112 build/stm32f1xx_hal_gpio.o
                                0x415 (size before relaxing)
 .debug_str     0x00003458      0x1d8 build/stm32f1xx_hal_dma.o
                                0x60c (size before relaxing)
 .debug_str     0x00003630      0x25a build/stm32f1xx_hal_cortex.o
                                0x99e (size before relaxing)
 .debug_str     0x0000388a       0x4a build/system_stm32f1xx.o
                                0x2bc (size before relaxing)
 .debug_str     0x000038d4      0x245 build/heap_4.o
                                0x3c9 (size before relaxing)
 .debug_str     0x00003b19      0x277 build/port.o
                                0x435 (size before relaxing)
 .debug_str     0x00003d90      0x141 build/list.o
                                0x2e0 (size before relaxing)
 .debug_str     0x00003ed1      0x9cd build/tasks.o
                                0xddb (size before relaxing)
 .debug_str     0x0000489e      0x7bc build/cmsis_os.o
                                0xd9d (size before relaxing)

.comment        0x00000000       0x6e
 .comment       0x00000000       0x6e build/main.o
                                 0x6f (size before relaxing)
 .comment       0x0000006e       0x6f build/stm32f1xx_it.o
 .comment       0x0000006e       0x6f build/stm32f1xx_hal_msp.o
 .comment       0x0000006e       0x6f build/stm32f1xx_hal_timebase_TIM.o
 .comment       0x0000006e       0x6f build/stm32f1xx_hal_can.o
 .comment       0x0000006e       0x6f build/stm32f1xx_hal_tim.o
 .comment       0x0000006e       0x6f build/stm32f1xx_hal_tim_ex.o
 .comment       0x0000006e       0x6f build/stm32f1xx_hal_uart.o
 .comment       0x0000006e       0x6f build/stm32f1xx_hal.o
 .comment       0x0000006e       0x6f build/stm32f1xx_hal_rcc.o
 .comment       0x0000006e       0x6f build/stm32f1xx_hal_gpio.o
 .comment       0x0000006e       0x6f build/stm32f1xx_hal_dma.o
 .comment       0x0000006e       0x6f build/stm32f1xx_hal_cortex.o
 .comment       0x0000006e       0x6f build/system_stm32f1xx.o
 .comment       0x0000006e       0x6f build/heap_4.o
 .comment       0x0000006e       0x6f build/port.o
 .comment       0x0000006e       0x6f build/list.o
 .comment       0x0000006e       0x6f build/tasks.o
 .comment       0x0000006e       0x6f build/cmsis_os.o

.debug_frame    0x00000000     0x32e4
 .debug_frame   0x00000000      0x19c build/main.o
 .debug_frame   0x0000019c      0x138 build/stm32f1xx_it.o
 .debug_frame   0x000002d4       0xbc build/stm32f1xx_hal_msp.o
 .debug_frame   0x00000390       0x4c build/stm32f1xx_hal_timebase_TIM.o
 .debug_frame   0x000003dc      0x250 build/stm32f1xx_hal_can.o
 .debug_frame   0x0000062c      0xb08 build/stm32f1xx_hal_tim.o
 .debug_frame   0x00001134      0x420 build/stm32f1xx_hal_tim_ex.o
 .debug_frame   0x00001554      0x574 build/stm32f1xx_hal_uart.o
 .debug_frame   0x00001ac8      0x1c0 build/stm32f1xx_hal.o
 .debug_frame   0x00001c88      0x190 build/stm32f1xx_hal_rcc.o
 .debug_frame   0x00001e18       0xd4 build/stm32f1xx_hal_gpio.o
 .debug_frame   0x00001eec      0x164 build/stm32f1xx_hal_dma.o
 .debug_frame   0x00002050      0x134 build/stm32f1xx_hal_cortex.o
 .debug_frame   0x00002184       0x30 build/system_stm32f1xx.o
 .debug_frame   0x000021b4       0xb8 build/heap_4.o
 .debug_frame   0x0000226c       0xe8 build/port.o
 .debug_frame   0x00002354       0x70 build/list.o
 .debug_frame   0x000023c4      0x57c build/tasks.o
 .debug_frame   0x00002940      0x608 build/cmsis_os.o
 .debug_frame   0x00002f48       0x2c /home/user/Library/gcc-arm-none-eabi-5_4-2016q3/bin/../lib/gcc/arm-none-eabi/5.4.1/../../../../arm-none-eabi/lib/armv7-m/libc_nano.a(lib_a-init.o)
 .debug_frame   0x00002f74       0x28 /home/user/Library/gcc-arm-none-eabi-5_4-2016q3/bin/../lib/gcc/arm-none-eabi/5.4.1/../../../../arm-none-eabi/lib/armv7-m/libc_nano.a(lib_a-memcpy-stub.o)
 .debug_frame   0x00002f9c       0x70 /home/user/Library/gcc-arm-none-eabi-5_4-2016q3/bin/../lib/gcc/arm-none-eabi/5.4.1/../../../../arm-none-eabi/lib/armv7-m/libc_nano.a(lib_a-sprintf.o)
 .debug_frame   0x0000300c       0x90 /home/user/Library/gcc-arm-none-eabi-5_4-2016q3/bin/../lib/gcc/arm-none-eabi/5.4.1/../../../../arm-none-eabi/lib/armv7-m/libc_nano.a(lib_a-nano-svfprintf.o)
 .debug_frame   0x0000309c       0x60 /home/user/Library/gcc-arm-none-eabi-5_4-2016q3/bin/../lib/gcc/arm-none-eabi/5.4.1/../../../../arm-none-eabi/lib/armv7-m/libc_nano.a(lib_a-nano-vfprintf_i.o)
 .debug_frame   0x000030fc       0x28 /home/user/Library/gcc-arm-none-eabi-5_4-2016q3/bin/../lib/gcc/arm-none-eabi/5.4.1/../../../../arm-none-eabi/lib/armv7-m/libc_nano.a(lib_a-memchr-stub.o)
 .debug_frame   0x00003124       0x28 /home/user/Library/gcc-arm-none-eabi-5_4-2016q3/bin/../lib/gcc/arm-none-eabi/5.4.1/../../../../arm-none-eabi/lib/armv7-m/libc_nano.a(lib_a-memmove.o)
 .debug_frame   0x0000314c       0x38 /home/user/Library/gcc-arm-none-eabi-5_4-2016q3/bin/../lib/gcc/arm-none-eabi/5.4.1/../../../../arm-none-eabi/lib/armv7-m/libc_nano.a(lib_a-nano-freer.o)
 .debug_frame   0x00003184       0x2c /home/user/Library/gcc-arm-none-eabi-5_4-2016q3/bin/../lib/gcc/arm-none-eabi/5.4.1/../../../../arm-none-eabi/lib/armv7-m/libc_nano.a(lib_a-nano-mallocr.o)
 .debug_frame   0x000031b0       0x3c /home/user/Library/gcc-arm-none-eabi-5_4-2016q3/bin/../lib/gcc/arm-none-eabi/5.4.1/../../../../arm-none-eabi/lib/armv7-m/libc_nano.a(lib_a-nano-reallocr.o)
 .debug_frame   0x000031ec       0x2c /home/user/Library/gcc-arm-none-eabi-5_4-2016q3/bin/../lib/gcc/arm-none-eabi/5.4.1/../../../../arm-none-eabi/lib/armv7-m/libc_nano.a(lib_a-sbrkr.o)
 .debug_frame   0x00003218       0x30 /home/user/Library/gcc-arm-none-eabi-5_4-2016q3/bin/../lib/gcc/arm-none-eabi/5.4.1/../../../../arm-none-eabi/lib/armv7-m/libc_nano.a(lib_a-mlock.o)
 .debug_frame   0x00003248       0x20 /home/user/Library/gcc-arm-none-eabi-5_4-2016q3/bin/../lib/gcc/arm-none-eabi/5.4.1/../../../../arm-none-eabi/lib/armv7-m/libc_nano.a(lib_a-nano-msizer.o)
 .debug_frame   0x00003268       0x5c /home/user/Library/gcc-arm-none-eabi-5_4-2016q3/bin/../lib/gcc/arm-none-eabi/5.4.1/../../../../arm-none-eabi/lib/armv7-m/libc_nano.a(lib_a-reent.o)
 .debug_frame   0x000032c4       0x20 /home/user/Library/gcc-arm-none-eabi-5_4-2016q3/bin/../lib/gcc/arm-none-eabi/5.4.1/../../../../arm-none-eabi/lib/armv7-m/libnosys.a(sbrk.o)

Cross Reference Table

Symbol                                            File
ADC1_2_IRQHandler                                 build/startup_stm32f103xe.o
ADC3_IRQHandler                                   build/startup_stm32f103xe.o
AHBPrescTable                                     build/system_stm32f1xx.o
                                                  build/stm32f1xx_hal_rcc.o
APBPrescTable                                     build/system_stm32f1xx.o
                                                  build/stm32f1xx_hal_rcc.o
BusFault_Handler                                  build/stm32f1xx_it.o
CAN1_RX1_IRQHandler                               build/startup_stm32f103xe.o
CAN1_SCE_IRQHandler                               build/startup_stm32f103xe.o
DMA1_Channel1_IRQHandler                          build/startup_stm32f103xe.o
DMA1_Channel2_IRQHandler                          build/startup_stm32f103xe.o
DMA1_Channel3_IRQHandler                          build/startup_stm32f103xe.o
DMA1_Channel4_IRQHandler                          build/startup_stm32f103xe.o
DMA1_Channel5_IRQHandler                          build/startup_stm32f103xe.o
DMA1_Channel6_IRQHandler                          build/stm32f1xx_it.o
DMA1_Channel7_IRQHandler                          build/startup_stm32f103xe.o
DMA2_Channel1_IRQHandler                          build/startup_stm32f103xe.o
DMA2_Channel2_IRQHandler                          build/startup_stm32f103xe.o
DMA2_Channel3_IRQHandler                          build/startup_stm32f103xe.o
DMA2_Channel4_5_IRQHandler                        build/startup_stm32f103xe.o
DebugMon_Handler                                  build/stm32f1xx_it.o
Default_Handler                                   build/startup_stm32f103xe.o
EXTI0_IRQHandler                                  build/startup_stm32f103xe.o
EXTI15_10_IRQHandler                              build/startup_stm32f103xe.o
EXTI1_IRQHandler                                  build/startup_stm32f103xe.o
EXTI2_IRQHandler                                  build/startup_stm32f103xe.o
EXTI3_IRQHandler                                  build/startup_stm32f103xe.o
EXTI4_IRQHandler                                  build/startup_stm32f103xe.o
EXTI9_5_IRQHandler                                build/startup_stm32f103xe.o
FLASH_IRQHandler                                  build/startup_stm32f103xe.o
FLASH_PageErase                                   build/stm32f1xx_hal_flash_ex.o
                                                  build/stm32f1xx_hal_flash.o
FLASH_WaitForLastOperation                        build/stm32f1xx_hal_flash.o
                                                  build/stm32f1xx_hal_flash_ex.o
FSMC_IRQHandler                                   build/startup_stm32f103xe.o
Func_Task0                                        build/main.o
Func_Task1                                        build/main.o
HAL_CAN_ConfigFilter                              build/stm32f1xx_hal_can.o
HAL_CAN_DeInit                                    build/stm32f1xx_hal_can.o
HAL_CAN_ErrorCallback                             build/stm32f1xx_hal_can.o
HAL_CAN_GetError                                  build/stm32f1xx_hal_can.o
HAL_CAN_GetState                                  build/stm32f1xx_hal_can.o
HAL_CAN_IRQHandler                                build/stm32f1xx_hal_can.o
                                                  build/stm32f1xx_it.o
HAL_CAN_Init                                      build/stm32f1xx_hal_can.o
                                                  build/main.o
HAL_CAN_MspDeInit                                 build/stm32f1xx_hal_msp.o
HAL_CAN_MspInit                                   build/stm32f1xx_hal_msp.o
HAL_CAN_Receive                                   build/stm32f1xx_hal_can.o
HAL_CAN_Receive_IT                                build/stm32f1xx_hal_can.o
HAL_CAN_RxCpltCallback                            build/stm32f1xx_hal_can.o
HAL_CAN_Sleep                                     build/stm32f1xx_hal_can.o
HAL_CAN_Transmit                                  build/stm32f1xx_hal_can.o
                                                  build/main.o
HAL_CAN_Transmit_IT                               build/stm32f1xx_hal_can.o
HAL_CAN_TxCpltCallback                            build/stm32f1xx_hal_can.o
HAL_CAN_WakeUp                                    build/stm32f1xx_hal_can.o
HAL_DBGMCU_DisableDBGSleepMode                    build/stm32f1xx_hal.o
HAL_DBGMCU_DisableDBGStandbyMode                  build/stm32f1xx_hal.o
HAL_DBGMCU_DisableDBGStopMode                     build/stm32f1xx_hal.o
HAL_DBGMCU_EnableDBGSleepMode                     build/stm32f1xx_hal.o
HAL_DBGMCU_EnableDBGStandbyMode                   build/stm32f1xx_hal.o
HAL_DBGMCU_EnableDBGStopMode                      build/stm32f1xx_hal.o
HAL_DMA_Abort                                     build/stm32f1xx_hal_dma.o
                                                  build/stm32f1xx_hal_uart.o
                                                  build/stm32f1xx_hal_tim.o
HAL_DMA_Abort_IT                                  build/stm32f1xx_hal_dma.o
                                                  build/stm32f1xx_hal_uart.o
HAL_DMA_DeInit                                    build/stm32f1xx_hal_dma.o
                                                  build/stm32f1xx_hal_msp.o
HAL_DMA_GetError                                  build/stm32f1xx_hal_dma.o
HAL_DMA_GetState                                  build/stm32f1xx_hal_dma.o
HAL_DMA_IRQHandler                                build/stm32f1xx_hal_dma.o
                                                  build/stm32f1xx_it.o
HAL_DMA_Init                                      build/stm32f1xx_hal_dma.o
                                                  build/stm32f1xx_hal_msp.o
HAL_DMA_PollForTransfer                           build/stm32f1xx_hal_dma.o
HAL_DMA_RegisterCallback                          build/stm32f1xx_hal_dma.o
HAL_DMA_Start                                     build/stm32f1xx_hal_dma.o
HAL_DMA_Start_IT                                  build/stm32f1xx_hal_dma.o
                                                  build/stm32f1xx_hal_uart.o
                                                  build/stm32f1xx_hal_tim_ex.o
                                                  build/stm32f1xx_hal_tim.o
HAL_DMA_UnRegisterCallback                        build/stm32f1xx_hal_dma.o
HAL_DeInit                                        build/stm32f1xx_hal.o
HAL_Delay                                         build/stm32f1xx_hal.o
HAL_FLASHEx_Erase                                 build/stm32f1xx_hal_flash_ex.o
HAL_FLASHEx_Erase_IT                              build/stm32f1xx_hal_flash_ex.o
HAL_FLASHEx_OBErase                               build/stm32f1xx_hal_flash_ex.o
HAL_FLASHEx_OBGetConfig                           build/stm32f1xx_hal_flash_ex.o
HAL_FLASHEx_OBGetUserData                         build/stm32f1xx_hal_flash_ex.o
HAL_FLASHEx_OBProgram                             build/stm32f1xx_hal_flash_ex.o
HAL_FLASH_EndOfOperationCallback                  build/stm32f1xx_hal_flash.o
HAL_FLASH_GetError                                build/stm32f1xx_hal_flash.o
HAL_FLASH_IRQHandler                              build/stm32f1xx_hal_flash.o
HAL_FLASH_Lock                                    build/stm32f1xx_hal_flash.o
HAL_FLASH_OB_Launch                               build/stm32f1xx_hal_flash.o
HAL_FLASH_OB_Lock                                 build/stm32f1xx_hal_flash.o
HAL_FLASH_OB_Unlock                               build/stm32f1xx_hal_flash.o
HAL_FLASH_OperationErrorCallback                  build/stm32f1xx_hal_flash.o
HAL_FLASH_Program                                 build/stm32f1xx_hal_flash.o
HAL_FLASH_Program_IT                              build/stm32f1xx_hal_flash.o
HAL_FLASH_Unlock                                  build/stm32f1xx_hal_flash.o
HAL_GPIOEx_ConfigEventout                         build/stm32f1xx_hal_gpio_ex.o
HAL_GPIOEx_DisableEventout                        build/stm32f1xx_hal_gpio_ex.o
HAL_GPIOEx_EnableEventout                         build/stm32f1xx_hal_gpio_ex.o
HAL_GPIO_DeInit                                   build/stm32f1xx_hal_gpio.o
                                                  build/stm32f1xx_hal_msp.o
HAL_GPIO_EXTI_Callback                            build/stm32f1xx_hal_gpio.o
HAL_GPIO_EXTI_IRQHandler                          build/stm32f1xx_hal_gpio.o
HAL_GPIO_Init                                     build/stm32f1xx_hal_gpio.o
                                                  build/stm32f1xx_hal_rcc.o
                                                  build/stm32f1xx_hal_msp.o
                                                  build/main.o
HAL_GPIO_LockPin                                  build/stm32f1xx_hal_gpio.o
HAL_GPIO_ReadPin                                  build/stm32f1xx_hal_gpio.o
HAL_GPIO_TogglePin                                build/stm32f1xx_hal_gpio.o
HAL_GPIO_WritePin                                 build/stm32f1xx_hal_gpio.o
                                                  build/main.o
HAL_GetDEVID                                      build/stm32f1xx_hal.o
HAL_GetHalVersion                                 build/stm32f1xx_hal.o
HAL_GetREVID                                      build/stm32f1xx_hal.o
HAL_GetTick                                       build/stm32f1xx_hal.o
                                                  build/stm32f1xx_hal_flash.o
                                                  build/stm32f1xx_hal_dma.o
                                                  build/stm32f1xx_hal_rcc_ex.o
                                                  build/stm32f1xx_hal_rcc.o
                                                  build/stm32f1xx_hal_uart.o
                                                  build/stm32f1xx_hal_can.o
HAL_GetTickFreq                                   build/stm32f1xx_hal.o
HAL_GetTickPrio                                   build/stm32f1xx_hal.o
HAL_GetUID                                        build/stm32f1xx_hal.o
HAL_HalfDuplex_EnableReceiver                     build/stm32f1xx_hal_uart.o
HAL_HalfDuplex_EnableTransmitter                  build/stm32f1xx_hal_uart.o
HAL_HalfDuplex_Init                               build/stm32f1xx_hal_uart.o
HAL_IncTick                                       build/stm32f1xx_hal.o
                                                  build/main.o
HAL_Init                                          build/stm32f1xx_hal.o
                                                  build/main.o
HAL_InitTick                                      build/stm32f1xx_hal_timebase_TIM.o
                                                  build/stm32f1xx_hal_rcc.o
HAL_LIN_Init                                      build/stm32f1xx_hal_uart.o
HAL_LIN_SendBreak                                 build/stm32f1xx_hal_uart.o
HAL_MspDeInit                                     build/stm32f1xx_hal.o
HAL_MspInit                                       build/stm32f1xx_hal_msp.o
HAL_MultiProcessor_EnterMuteMode                  build/stm32f1xx_hal_uart.o
HAL_MultiProcessor_ExitMuteMode                   build/stm32f1xx_hal_uart.o
HAL_MultiProcessor_Init                           build/stm32f1xx_hal_uart.o
HAL_NVIC_ClearPendingIRQ                          build/stm32f1xx_hal_cortex.o
HAL_NVIC_DisableIRQ                               build/stm32f1xx_hal_cortex.o
                                                  build/stm32f1xx_hal_msp.o
HAL_NVIC_EnableIRQ                                build/stm32f1xx_hal_cortex.o
                                                  build/stm32f1xx_hal_timebase_TIM.o
                                                  build/stm32f1xx_hal_msp.o
                                                  build/main.o
HAL_NVIC_GetActive                                build/stm32f1xx_hal_cortex.o
HAL_NVIC_GetPendingIRQ                            build/stm32f1xx_hal_cortex.o
HAL_NVIC_GetPriority                              build/stm32f1xx_hal_cortex.o
HAL_NVIC_GetPriorityGrouping                      build/stm32f1xx_hal_cortex.o
HAL_NVIC_SetPendingIRQ                            build/stm32f1xx_hal_cortex.o
HAL_NVIC_SetPriority                              build/stm32f1xx_hal_cortex.o
                                                  build/stm32f1xx_hal.o
                                                  build/stm32f1xx_hal_timebase_TIM.o
                                                  build/stm32f1xx_hal_msp.o
                                                  build/main.o
HAL_NVIC_SetPriorityGrouping                      build/stm32f1xx_hal_cortex.o
                                                  build/stm32f1xx_hal.o
                                                  build/stm32f1xx_hal_msp.o
HAL_NVIC_SystemReset                              build/stm32f1xx_hal_cortex.o
                                                  build/stm32f1xx_hal_flash.o
HAL_PWR_ConfigPVD                                 build/stm32f1xx_hal_pwr.o
HAL_PWR_DeInit                                    build/stm32f1xx_hal_pwr.o
HAL_PWR_DisableBkUpAccess                         build/stm32f1xx_hal_pwr.o
HAL_PWR_DisablePVD                                build/stm32f1xx_hal_pwr.o
HAL_PWR_DisableSEVOnPend                          build/stm32f1xx_hal_pwr.o
HAL_PWR_DisableSleepOnExit                        build/stm32f1xx_hal_pwr.o
HAL_PWR_DisableWakeUpPin                          build/stm32f1xx_hal_pwr.o
HAL_PWR_EnableBkUpAccess                          build/stm32f1xx_hal_pwr.o
HAL_PWR_EnablePVD                                 build/stm32f1xx_hal_pwr.o
HAL_PWR_EnableSEVOnPend                           build/stm32f1xx_hal_pwr.o
HAL_PWR_EnableSleepOnExit                         build/stm32f1xx_hal_pwr.o
HAL_PWR_EnableWakeUpPin                           build/stm32f1xx_hal_pwr.o
HAL_PWR_EnterSLEEPMode                            build/stm32f1xx_hal_pwr.o
HAL_PWR_EnterSTANDBYMode                          build/stm32f1xx_hal_pwr.o
HAL_PWR_EnterSTOPMode                             build/stm32f1xx_hal_pwr.o
HAL_PWR_PVDCallback                               build/stm32f1xx_hal_pwr.o
HAL_PWR_PVD_IRQHandler                            build/stm32f1xx_hal_pwr.o
HAL_RCCEx_GetPeriphCLKConfig                      build/stm32f1xx_hal_rcc_ex.o
HAL_RCCEx_GetPeriphCLKFreq                        build/stm32f1xx_hal_rcc_ex.o
HAL_RCCEx_PeriphCLKConfig                         build/stm32f1xx_hal_rcc_ex.o
HAL_RCC_CSSCallback                               build/stm32f1xx_hal_rcc.o
HAL_RCC_ClockConfig                               build/stm32f1xx_hal_rcc.o
                                                  build/main.o
HAL_RCC_DeInit                                    build/stm32f1xx_hal_rcc.o
HAL_RCC_DisableCSS                                build/stm32f1xx_hal_rcc.o
HAL_RCC_EnableCSS                                 build/stm32f1xx_hal_rcc.o
HAL_RCC_GetClockConfig                            build/stm32f1xx_hal_rcc.o
                                                  build/stm32f1xx_hal_timebase_TIM.o
HAL_RCC_GetHCLKFreq                               build/stm32f1xx_hal_rcc.o
                                                  build/main.o
HAL_RCC_GetOscConfig                              build/stm32f1xx_hal_rcc.o
HAL_RCC_GetPCLK1Freq                              build/stm32f1xx_hal_rcc.o
                                                  build/stm32f1xx_hal_uart.o
                                                  build/stm32f1xx_hal_timebase_TIM.o
HAL_RCC_GetPCLK2Freq                              build/stm32f1xx_hal_rcc.o
                                                  build/stm32f1xx_hal_rcc_ex.o
                                                  build/stm32f1xx_hal_uart.o
HAL_RCC_GetSysClockFreq                           build/stm32f1xx_hal_rcc.o
                                                  build/stm32f1xx_hal_rcc_ex.o
HAL_RCC_MCOConfig                                 build/stm32f1xx_hal_rcc.o
HAL_RCC_NMI_IRQHandler                            build/stm32f1xx_hal_rcc.o
HAL_RCC_OscConfig                                 build/stm32f1xx_hal_rcc.o
                                                  build/main.o
HAL_ResumeTick                                    build/stm32f1xx_hal_timebase_TIM.o
HAL_SYSTICK_CLKSourceConfig                       build/stm32f1xx_hal_cortex.o
                                                  build/main.o
HAL_SYSTICK_Callback                              build/stm32f1xx_hal_cortex.o
HAL_SYSTICK_Config                                build/stm32f1xx_hal_cortex.o
                                                  build/stm32f1xx_hal.o
                                                  build/main.o
HAL_SYSTICK_IRQHandler                            build/stm32f1xx_hal_cortex.o
HAL_SetTickFreq                                   build/stm32f1xx_hal.o
HAL_SuspendTick                                   build/stm32f1xx_hal_timebase_TIM.o
HAL_TIMEx_BreakCallback                           build/stm32f1xx_hal_tim_ex.o
                                                  build/stm32f1xx_hal_tim.o
HAL_TIMEx_CommutationCallback                     build/stm32f1xx_hal_tim_ex.o
                                                  build/stm32f1xx_hal_tim.o
HAL_TIMEx_ConfigBreakDeadTime                     build/stm32f1xx_hal_tim_ex.o
HAL_TIMEx_ConfigCommutationEvent                  build/stm32f1xx_hal_tim_ex.o
HAL_TIMEx_ConfigCommutationEvent_DMA              build/stm32f1xx_hal_tim_ex.o
HAL_TIMEx_ConfigCommutationEvent_IT               build/stm32f1xx_hal_tim_ex.o
HAL_TIMEx_HallSensor_DeInit                       build/stm32f1xx_hal_tim_ex.o
HAL_TIMEx_HallSensor_GetState                     build/stm32f1xx_hal_tim_ex.o
HAL_TIMEx_HallSensor_Init                         build/stm32f1xx_hal_tim_ex.o
HAL_TIMEx_HallSensor_MspDeInit                    build/stm32f1xx_hal_tim_ex.o
HAL_TIMEx_HallSensor_MspInit                      build/stm32f1xx_hal_tim_ex.o
HAL_TIMEx_HallSensor_Start                        build/stm32f1xx_hal_tim_ex.o
HAL_TIMEx_HallSensor_Start_DMA                    build/stm32f1xx_hal_tim_ex.o
HAL_TIMEx_HallSensor_Start_IT                     build/stm32f1xx_hal_tim_ex.o
HAL_TIMEx_HallSensor_Stop                         build/stm32f1xx_hal_tim_ex.o
HAL_TIMEx_HallSensor_Stop_DMA                     build/stm32f1xx_hal_tim_ex.o
HAL_TIMEx_HallSensor_Stop_IT                      build/stm32f1xx_hal_tim_ex.o
HAL_TIMEx_MasterConfigSynchronization             build/stm32f1xx_hal_tim_ex.o
HAL_TIMEx_OCN_Start                               build/stm32f1xx_hal_tim_ex.o
HAL_TIMEx_OCN_Start_DMA                           build/stm32f1xx_hal_tim_ex.o
HAL_TIMEx_OCN_Start_IT                            build/stm32f1xx_hal_tim_ex.o
HAL_TIMEx_OCN_Stop                                build/stm32f1xx_hal_tim_ex.o
HAL_TIMEx_OCN_Stop_DMA                            build/stm32f1xx_hal_tim_ex.o
HAL_TIMEx_OCN_Stop_IT                             build/stm32f1xx_hal_tim_ex.o
HAL_TIMEx_OnePulseN_Start                         build/stm32f1xx_hal_tim_ex.o
HAL_TIMEx_OnePulseN_Start_IT                      build/stm32f1xx_hal_tim_ex.o
HAL_TIMEx_OnePulseN_Stop                          build/stm32f1xx_hal_tim_ex.o
HAL_TIMEx_OnePulseN_Stop_IT                       build/stm32f1xx_hal_tim_ex.o
HAL_TIMEx_PWMN_Start                              build/stm32f1xx_hal_tim_ex.o
HAL_TIMEx_PWMN_Start_DMA                          build/stm32f1xx_hal_tim_ex.o
HAL_TIMEx_PWMN_Start_IT                           build/stm32f1xx_hal_tim_ex.o
HAL_TIMEx_PWMN_Stop                               build/stm32f1xx_hal_tim_ex.o
HAL_TIMEx_PWMN_Stop_DMA                           build/stm32f1xx_hal_tim_ex.o
HAL_TIMEx_PWMN_Stop_IT                            build/stm32f1xx_hal_tim_ex.o
HAL_TIM_Base_DeInit                               build/stm32f1xx_hal_tim.o
HAL_TIM_Base_GetState                             build/stm32f1xx_hal_tim.o
HAL_TIM_Base_Init                                 build/stm32f1xx_hal_tim.o
                                                  build/stm32f1xx_hal_timebase_TIM.o
HAL_TIM_Base_MspDeInit                            build/stm32f1xx_hal_tim.o
HAL_TIM_Base_MspInit                              build/stm32f1xx_hal_tim.o
HAL_TIM_Base_Start                                build/stm32f1xx_hal_tim.o
HAL_TIM_Base_Start_DMA                            build/stm32f1xx_hal_tim.o
HAL_TIM_Base_Start_IT                             build/stm32f1xx_hal_tim.o
                                                  build/stm32f1xx_hal_timebase_TIM.o
HAL_TIM_Base_Stop                                 build/stm32f1xx_hal_tim.o
HAL_TIM_Base_Stop_DMA                             build/stm32f1xx_hal_tim.o
HAL_TIM_Base_Stop_IT                              build/stm32f1xx_hal_tim.o
HAL_TIM_ConfigClockSource                         build/stm32f1xx_hal_tim.o
HAL_TIM_ConfigOCrefClear                          build/stm32f1xx_hal_tim.o
HAL_TIM_ConfigTI1Input                            build/stm32f1xx_hal_tim.o
HAL_TIM_DMABurst_ReadStart                        build/stm32f1xx_hal_tim.o
HAL_TIM_DMABurst_ReadStop                         build/stm32f1xx_hal_tim.o
HAL_TIM_DMABurst_WriteStart                       build/stm32f1xx_hal_tim.o
HAL_TIM_DMABurst_WriteStop                        build/stm32f1xx_hal_tim.o
HAL_TIM_Encoder_DeInit                            build/stm32f1xx_hal_tim.o
HAL_TIM_Encoder_GetState                          build/stm32f1xx_hal_tim.o
HAL_TIM_Encoder_Init                              build/stm32f1xx_hal_tim.o
HAL_TIM_Encoder_MspDeInit                         build/stm32f1xx_hal_tim.o
HAL_TIM_Encoder_MspInit                           build/stm32f1xx_hal_tim.o
HAL_TIM_Encoder_Start                             build/stm32f1xx_hal_tim.o
HAL_TIM_Encoder_Start_DMA                         build/stm32f1xx_hal_tim.o
HAL_TIM_Encoder_Start_IT                          build/stm32f1xx_hal_tim.o
HAL_TIM_Encoder_Stop                              build/stm32f1xx_hal_tim.o
HAL_TIM_Encoder_Stop_DMA                          build/stm32f1xx_hal_tim.o
HAL_TIM_Encoder_Stop_IT                           build/stm32f1xx_hal_tim.o
HAL_TIM_ErrorCallback                             build/stm32f1xx_hal_tim.o
HAL_TIM_GenerateEvent                             build/stm32f1xx_hal_tim.o
HAL_TIM_IC_CaptureCallback                        build/stm32f1xx_hal_tim.o
HAL_TIM_IC_ConfigChannel                          build/stm32f1xx_hal_tim.o
HAL_TIM_IC_DeInit                                 build/stm32f1xx_hal_tim.o
HAL_TIM_IC_GetState                               build/stm32f1xx_hal_tim.o
HAL_TIM_IC_Init                                   build/stm32f1xx_hal_tim.o
HAL_TIM_IC_MspDeInit                              build/stm32f1xx_hal_tim.o
HAL_TIM_IC_MspInit                                build/stm32f1xx_hal_tim.o
HAL_TIM_IC_Start                                  build/stm32f1xx_hal_tim.o
HAL_TIM_IC_Start_DMA                              build/stm32f1xx_hal_tim.o
HAL_TIM_IC_Start_IT                               build/stm32f1xx_hal_tim.o
HAL_TIM_IC_Stop                                   build/stm32f1xx_hal_tim.o
HAL_TIM_IC_Stop_DMA                               build/stm32f1xx_hal_tim.o
HAL_TIM_IC_Stop_IT                                build/stm32f1xx_hal_tim.o
HAL_TIM_IRQHandler                                build/stm32f1xx_hal_tim.o
                                                  build/stm32f1xx_it.o
HAL_TIM_OC_ConfigChannel                          build/stm32f1xx_hal_tim.o
HAL_TIM_OC_DeInit                                 build/stm32f1xx_hal_tim.o
HAL_TIM_OC_DelayElapsedCallback                   build/stm32f1xx_hal_tim.o
HAL_TIM_OC_GetState                               build/stm32f1xx_hal_tim.o
HAL_TIM_OC_Init                                   build/stm32f1xx_hal_tim.o
HAL_TIM_OC_MspDeInit                              build/stm32f1xx_hal_tim.o
HAL_TIM_OC_MspInit                                build/stm32f1xx_hal_tim.o
HAL_TIM_OC_Start                                  build/stm32f1xx_hal_tim.o
HAL_TIM_OC_Start_DMA                              build/stm32f1xx_hal_tim.o
HAL_TIM_OC_Start_IT                               build/stm32f1xx_hal_tim.o
HAL_TIM_OC_Stop                                   build/stm32f1xx_hal_tim.o
HAL_TIM_OC_Stop_DMA                               build/stm32f1xx_hal_tim.o
HAL_TIM_OC_Stop_IT                                build/stm32f1xx_hal_tim.o
HAL_TIM_OnePulse_ConfigChannel                    build/stm32f1xx_hal_tim.o
HAL_TIM_OnePulse_DeInit                           build/stm32f1xx_hal_tim.o
HAL_TIM_OnePulse_GetState                         build/stm32f1xx_hal_tim.o
HAL_TIM_OnePulse_Init                             build/stm32f1xx_hal_tim.o
HAL_TIM_OnePulse_MspDeInit                        build/stm32f1xx_hal_tim.o
HAL_TIM_OnePulse_MspInit                          build/stm32f1xx_hal_tim.o
HAL_TIM_OnePulse_Start                            build/stm32f1xx_hal_tim.o
HAL_TIM_OnePulse_Start_IT                         build/stm32f1xx_hal_tim.o
HAL_TIM_OnePulse_Stop                             build/stm32f1xx_hal_tim.o
HAL_TIM_OnePulse_Stop_IT                          build/stm32f1xx_hal_tim.o
HAL_TIM_PWM_ConfigChannel                         build/stm32f1xx_hal_tim.o
HAL_TIM_PWM_DeInit                                build/stm32f1xx_hal_tim.o
HAL_TIM_PWM_GetState                              build/stm32f1xx_hal_tim.o
HAL_TIM_PWM_Init                                  build/stm32f1xx_hal_tim.o
HAL_TIM_PWM_MspDeInit                             build/stm32f1xx_hal_tim.o
HAL_TIM_PWM_MspInit                               build/stm32f1xx_hal_tim.o
HAL_TIM_PWM_PulseFinishedCallback                 build/stm32f1xx_hal_tim.o
HAL_TIM_PWM_Start                                 build/stm32f1xx_hal_tim.o
HAL_TIM_PWM_Start_DMA                             build/stm32f1xx_hal_tim.o
HAL_TIM_PWM_Start_IT                              build/stm32f1xx_hal_tim.o
HAL_TIM_PWM_Stop                                  build/stm32f1xx_hal_tim.o
HAL_TIM_PWM_Stop_DMA                              build/stm32f1xx_hal_tim.o
HAL_TIM_PWM_Stop_IT                               build/stm32f1xx_hal_tim.o
HAL_TIM_PeriodElapsedCallback                     build/main.o
HAL_TIM_ReadCapturedValue                         build/stm32f1xx_hal_tim.o
HAL_TIM_SlaveConfigSynchronization                build/stm32f1xx_hal_tim.o
HAL_TIM_SlaveConfigSynchronization_IT             build/stm32f1xx_hal_tim.o
HAL_TIM_TriggerCallback                           build/stm32f1xx_hal_tim.o
HAL_UART_Abort                                    build/stm32f1xx_hal_uart.o
HAL_UART_AbortCpltCallback                        build/stm32f1xx_hal_uart.o
HAL_UART_AbortReceive                             build/stm32f1xx_hal_uart.o
HAL_UART_AbortReceiveCpltCallback                 build/stm32f1xx_hal_uart.o
HAL_UART_AbortReceive_IT                          build/stm32f1xx_hal_uart.o
HAL_UART_AbortTransmit                            build/stm32f1xx_hal_uart.o
HAL_UART_AbortTransmitCpltCallback                build/stm32f1xx_hal_uart.o
HAL_UART_AbortTransmit_IT                         build/stm32f1xx_hal_uart.o
HAL_UART_Abort_IT                                 build/stm32f1xx_hal_uart.o
HAL_UART_DMAPause                                 build/stm32f1xx_hal_uart.o
HAL_UART_DMAResume                                build/stm32f1xx_hal_uart.o
HAL_UART_DMAStop                                  build/stm32f1xx_hal_uart.o
                                                  build/stm32f1xx_it.o
HAL_UART_DeInit                                   build/stm32f1xx_hal_uart.o
HAL_UART_ErrorCallback                            build/stm32f1xx_hal_uart.o
HAL_UART_GetError                                 build/stm32f1xx_hal_uart.o
HAL_UART_GetState                                 build/stm32f1xx_hal_uart.o
HAL_UART_IRQHandler                               build/stm32f1xx_hal_uart.o
                                                  build/stm32f1xx_it.o
HAL_UART_Init                                     build/stm32f1xx_hal_uart.o
                                                  build/main.o
HAL_UART_MspDeInit                                build/stm32f1xx_hal_msp.o
HAL_UART_MspInit                                  build/stm32f1xx_hal_msp.o
HAL_UART_Receive                                  build/stm32f1xx_hal_uart.o
HAL_UART_Receive_DMA                              build/stm32f1xx_hal_uart.o
                                                  build/main.o
HAL_UART_Receive_IT                               build/stm32f1xx_hal_uart.o
                                                  build/main.o
HAL_UART_RxCpltCallback                           build/stm32f1xx_hal_uart.o
HAL_UART_RxHalfCpltCallback                       build/stm32f1xx_hal_uart.o
HAL_UART_Transmit                                 build/stm32f1xx_hal_uart.o
                                                  build/main.o
HAL_UART_Transmit_DMA                             build/stm32f1xx_hal_uart.o
HAL_UART_Transmit_IT                              build/stm32f1xx_hal_uart.o
HAL_UART_TxCpltCallback                           build/stm32f1xx_hal_uart.o
HAL_UART_TxHalfCpltCallback                       build/stm32f1xx_hal_uart.o
HardFault_Handler                                 build/stm32f1xx_it.o
I2C1_ER_IRQHandler                                build/startup_stm32f103xe.o
I2C1_EV_IRQHandler                                build/startup_stm32f103xe.o
I2C2_ER_IRQHandler                                build/startup_stm32f103xe.o
I2C2_EV_IRQHandler                                build/startup_stm32f103xe.o
MemManage_Handler                                 build/stm32f1xx_it.o
NMI_Handler                                       build/stm32f1xx_it.o
PVD_IRQHandler                                    build/startup_stm32f103xe.o
PendSV_Handler                                    build/port.o
RCC_IRQHandler                                    build/startup_stm32f103xe.o
RTC_Alarm_IRQHandler                              build/startup_stm32f103xe.o
RTC_IRQHandler                                    build/startup_stm32f103xe.o
ReceiveBuff                                       build/main.o
Reset_Handler                                     build/startup_stm32f103xe.o
RxMessage                                         build/main.o
Rx_len                                            build/main.o
                                                  build/stm32f1xx_it.o
SDIO_IRQHandler                                   build/startup_stm32f103xe.o
SPI1_IRQHandler                                   build/startup_stm32f103xe.o
SPI2_IRQHandler                                   build/startup_stm32f103xe.o
SPI3_IRQHandler                                   build/startup_stm32f103xe.o
SVC_Handler                                       build/port.o
SysTick_Handler                                   build/stm32f1xx_it.o
SystemClock_Config                                build/main.o
SystemCoreClock                                   build/system_stm32f1xx.o
                                                  build/port.o
                                                  build/stm32f1xx_hal_rcc.o
                                                  build/stm32f1xx_hal.o
SystemCoreClockUpdate                             build/system_stm32f1xx.o
SystemInit                                        build/system_stm32f1xx.o
                                                  build/startup_stm32f103xe.o
TAMPER_IRQHandler                                 build/startup_stm32f103xe.o
TIM1_BRK_IRQHandler                               build/startup_stm32f103xe.o
TIM1_CC_IRQHandler                                build/startup_stm32f103xe.o
TIM1_TRG_COM_IRQHandler                           build/startup_stm32f103xe.o
TIM1_UP_IRQHandler                                build/startup_stm32f103xe.o
TIM2_IRQHandler                                   build/startup_stm32f103xe.o
TIM3_IRQHandler                                   build/startup_stm32f103xe.o
TIM4_IRQHandler                                   build/stm32f1xx_it.o
TIM5_IRQHandler                                   build/startup_stm32f103xe.o
TIM6_IRQHandler                                   build/startup_stm32f103xe.o
TIM7_IRQHandler                                   build/startup_stm32f103xe.o
TIM8_BRK_IRQHandler                               build/startup_stm32f103xe.o
TIM8_CC_IRQHandler                                build/startup_stm32f103xe.o
TIM8_TRG_COM_IRQHandler                           build/startup_stm32f103xe.o
TIM8_UP_IRQHandler                                build/startup_stm32f103xe.o
TIMEx_DMACommutationCplt                          build/stm32f1xx_hal_tim_ex.o
                                                  build/stm32f1xx_hal_tim.o
TIM_Base_SetConfig                                build/stm32f1xx_hal_tim.o
                                                  build/stm32f1xx_hal_tim_ex.o
TIM_CCxChannelCmd                                 build/stm32f1xx_hal_tim.o
                                                  build/stm32f1xx_hal_tim_ex.o
TIM_DMACaptureCplt                                build/stm32f1xx_hal_tim.o
                                                  build/stm32f1xx_hal_tim_ex.o