Archive member included to satisfy reference by file (symbol)

/home/user/Library/gcc-arm-none-eabi-5_4-2016q3/bin/../lib/gcc/arm-none-eabi/5.4.1/../../../../arm-none-eabi/lib/armv7-m/libc_nano.a(lib_a-exit.o)
                              /home/user/Library/gcc-arm-none-eabi-5_4-2016q3/bin/../lib/gcc/arm-none-eabi/5.4.1/../../../../arm-none-eabi/lib/armv7-m/crt0.o (exit)
/home/user/Library/gcc-arm-none-eabi-5_4-2016q3/bin/../lib/gcc/arm-none-eabi/5.4.1/../../../../arm-none-eabi/lib/armv7-m/libc_nano.a(lib_a-impure.o)
                              /home/user/Library/gcc-arm-none-eabi-5_4-2016q3/bin/../lib/gcc/arm-none-eabi/5.4.1/../../../../arm-none-eabi/lib/armv7-m/libc_nano.a(lib_a-exit.o) (_global_impure_ptr)
/home/user/Library/gcc-arm-none-eabi-5_4-2016q3/bin/../lib/gcc/arm-none-eabi/5.4.1/../../../../arm-none-eabi/lib/armv7-m/libc_nano.a(lib_a-init.o)
                              /home/user/Library/gcc-arm-none-eabi-5_4-2016q3/bin/../lib/gcc/arm-none-eabi/5.4.1/../../../../arm-none-eabi/lib/armv7-m/crt0.o (__libc_init_array)
/home/user/Library/gcc-arm-none-eabi-5_4-2016q3/bin/../lib/gcc/arm-none-eabi/5.4.1/../../../../arm-none-eabi/lib/armv7-m/libc_nano.a(lib_a-memcpy-stub.o)
                              build/queue.o (memcpy)
/home/user/Library/gcc-arm-none-eabi-5_4-2016q3/bin/../lib/gcc/arm-none-eabi/5.4.1/../../../../arm-none-eabi/lib/armv7-m/libc_nano.a(lib_a-memset.o)
                              /home/user/Library/gcc-arm-none-eabi-5_4-2016q3/bin/../lib/gcc/arm-none-eabi/5.4.1/../../../../arm-none-eabi/lib/armv7-m/crt0.o (memset)
/home/user/Library/gcc-arm-none-eabi-5_4-2016q3/bin/../lib/gcc/arm-none-eabi/5.4.1/../../../../arm-none-eabi/lib/armv7-m/libnosys.a(_exit.o)
                              /home/user/Library/gcc-arm-none-eabi-5_4-2016q3/bin/../lib/gcc/arm-none-eabi/5.4.1/../../../../arm-none-eabi/lib/armv7-m/libc_nano.a(lib_a-exit.o) (_exit)

Allocating common symbols
Common symbol       size              file

htim4               0x40              build/stm32f1xx_hal_timebase_TIM.o
sFliterConfig       0x28              build/main.o
hcan                0x44              build/main.o
uwTick              0x4               build/stm32f1xx_hal.o
xQueueRegistry      0x40              build/queue.o
pFlash              0x20              build/stm32f1xx_hal_flash.o
Task1Handle         0x4               build/main.o
huart1              0x40              build/main.o
TxMessage           0x1c              build/main.o
RxMessage           0x24              build/main.o
Task0Handle         0x4               build/main.o

Discarded input sections

 .text          0x00000000        0x0 /home/user/Library/gcc-arm-none-eabi-5_4-2016q3/bin/../lib/gcc/arm-none-eabi/5.4.1/armv7-m/crti.o
 .data          0x00000000        0x0 /home/user/Library/gcc-arm-none-eabi-5_4-2016q3/bin/../lib/gcc/arm-none-eabi/5.4.1/armv7-m/crti.o
 .bss           0x00000000        0x0 /home/user/Library/gcc-arm-none-eabi-5_4-2016q3/bin/../lib/gcc/arm-none-eabi/5.4.1/armv7-m/crti.o
 .data          0x00000000        0x4 /home/user/Library/gcc-arm-none-eabi-5_4-2016q3/bin/../lib/gcc/arm-none-eabi/5.4.1/armv7-m/crtbegin.o
 .text          0x00000000       0x74 /home/user/Library/gcc-arm-none-eabi-5_4-2016q3/bin/../lib/gcc/arm-none-eabi/5.4.1/../../../../arm-none-eabi/lib/armv7-m/crt0.o
 .data          0x00000000        0x0 /home/user/Library/gcc-arm-none-eabi-5_4-2016q3/bin/../lib/gcc/arm-none-eabi/5.4.1/../../../../arm-none-eabi/lib/armv7-m/crt0.o
 .bss           0x00000000        0x0 /home/user/Library/gcc-arm-none-eabi-5_4-2016q3/bin/../lib/gcc/arm-none-eabi/5.4.1/../../../../arm-none-eabi/lib/armv7-m/crt0.o
 .ARM.extab     0x00000000        0x0 /home/user/Library/gcc-arm-none-eabi-5_4-2016q3/bin/../lib/gcc/arm-none-eabi/5.4.1/../../../../arm-none-eabi/lib/armv7-m/crt0.o
 .ARM.exidx     0x00000000        0x8 /home/user/Library/gcc-arm-none-eabi-5_4-2016q3/bin/../lib/gcc/arm-none-eabi/5.4.1/../../../../arm-none-eabi/lib/armv7-m/crt0.o
 .ARM.attributes
                0x00000000       0x1b /home/user/Library/gcc-arm-none-eabi-5_4-2016q3/bin/../lib/gcc/arm-none-eabi/5.4.1/../../../../arm-none-eabi/lib/armv7-m/crt0.o
 .text          0x00000000        0x0 build/main.o
 .data          0x00000000        0x0 build/main.o
 .bss           0x00000000        0x0 build/main.o
 .text          0x00000000        0x0 build/freertos.o
 .data          0x00000000        0x0 build/freertos.o
 .bss           0x00000000        0x0 build/freertos.o
 .debug_info    0x00000000       0x79 build/freertos.o
 .debug_abbrev  0x00000000       0x26 build/freertos.o
 .debug_aranges
                0x00000000       0x18 build/freertos.o
 .debug_line    0x00000000       0x1d build/freertos.o
 .debug_str     0x00000000      0x16a build/freertos.o
 .comment       0x00000000       0x6f build/freertos.o
 .ARM.attributes
                0x00000000       0x33 build/freertos.o
 .text          0x00000000        0x0 build/stm32f1xx_it.o
[...]
Memory Configuration

Name             Origin             Length             Attributes
RAM              0x20000000         0x00010000         xrw
FLASH            0x08000000         0x00080000         xr
*default*        0x00000000         0xffffffff

Linker script and memory map

LOAD /home/user/Library/gcc-arm-none-eabi-5_4-2016q3/bin/../lib/gcc/arm-none-eabi/5.4.1/armv7-m/crti.o
LOAD /home/user/Library/gcc-arm-none-eabi-5_4-2016q3/bin/../lib/gcc/arm-none-eabi/5.4.1/armv7-m/crtbegin.o
LOAD /home/user/Library/gcc-arm-none-eabi-5_4-2016q3/bin/../lib/gcc/arm-none-eabi/5.4.1/../../../../arm-none-eabi/lib/armv7-m/crt0.o
LOAD build/main.o
LOAD build/freertos.o
LOAD build/stm32f1xx_it.o
LOAD build/stm32f1xx_hal_msp.o
LOAD build/stm32f1xx_hal_timebase_TIM.o
LOAD build/stm32f1xx_hal_gpio_ex.o
LOAD build/stm32f1xx_hal_can.o
LOAD build/stm32f1xx_hal_tim.o
LOAD build/stm32f1xx_hal_tim_ex.o
LOAD build/stm32f1xx_hal_uart.o
LOAD build/stm32f1xx_hal.o
LOAD build/stm32f1xx_hal_rcc.o
LOAD build/stm32f1xx_hal_rcc_ex.o
LOAD build/stm32f1xx_hal_gpio.o
LOAD build/stm32f1xx_hal_dma.o
LOAD build/stm32f1xx_hal_cortex.o
LOAD build/stm32f1xx_hal_pwr.o
LOAD build/stm32f1xx_hal_flash.o
LOAD build/stm32f1xx_hal_flash_ex.o
LOAD build/system_stm32f1xx.o
LOAD build/heap_4.o
LOAD build/port.o
LOAD build/list.o
LOAD build/croutine.o
LOAD build/timers.o
LOAD build/event_groups.o
LOAD build/tasks.o
LOAD build/queue.o
LOAD build/cmsis_os.o
LOAD build/startup_stm32f103xe.o
LOAD /home/user/Library/gcc-arm-none-eabi-5_4-2016q3/bin/../lib/gcc/arm-none-eabi/5.4.1/../../../../arm-none-eabi/lib/armv7-m/libc_nano.a
LOAD /home/user/Library/gcc-arm-none-eabi-5_4-2016q3/bin/../lib/gcc/arm-none-eabi/5.4.1/../../../../arm-none-eabi/lib/armv7-m/libm.a
LOAD /home/user/Library/gcc-arm-none-eabi-5_4-2016q3/bin/../lib/gcc/arm-none-eabi/5.4.1/../../../../arm-none-eabi/lib/armv7-m/libnosys.a
START GROUP
LOAD /home/user/Library/gcc-arm-none-eabi-5_4-2016q3/bin/../lib/gcc/arm-none-eabi/5.4.1/armv7-m/libgcc.a
LOAD /home/user/Library/gcc-arm-none-eabi-5_4-2016q3/bin/../lib/gcc/arm-none-eabi/5.4.1/../../../../arm-none-eabi/lib/armv7-m/libc_nano.a
END GROUP
START GROUP
LOAD /home/user/Library/gcc-arm-none-eabi-5_4-2016q3/bin/../lib/gcc/arm-none-eabi/5.4.1/armv7-m/libgcc.a
LOAD /home/user/Library/gcc-arm-none-eabi-5_4-2016q3/bin/../lib/gcc/arm-none-eabi/5.4.1/../../../../arm-none-eabi/lib/armv7-m/libc_nano.a
END GROUP
LOAD /home/user/Library/gcc-arm-none-eabi-5_4-2016q3/bin/../lib/gcc/arm-none-eabi/5.4.1/armv7-m/crtend.o
LOAD /home/user/Library/gcc-arm-none-eabi-5_4-2016q3/bin/../lib/gcc/arm-none-eabi/5.4.1/armv7-m/crtn.o
                0x20010000                _estack = 0x20010000
                0x00000200                _Min_Heap_Size = 0x200
                0x00000400                _Min_Stack_Size = 0x400

.isr_vector     0x08000000      0x1e4
                0x08000000                . = ALIGN (0x4)
 *(.isr_vector)
 .isr_vector    0x08000000      0x1e4 build/startup_stm32f103xe.o
                0x08000000                g_pfnVectors
                0x080001e4                . = ALIGN (0x4)

.text           0x080001f0     0x296c
                0x080001f0                . = ALIGN (0x4)
 *(.text)
 .text          0x080001f0       0x5c /home/user/Library/gcc-arm-none-eabi-5_4-2016q3/bin/../lib/gcc/arm-none-eabi/5.4.1/armv7-m/crtbegin.o
 *(.text*)
 .text.MX_GPIO_Init
                0x0800024c       0x6c build/main.o
 .text.Func_Task0
                0x080002b8       0x90 build/main.o
                0x080002b8                Func_Task0
 .text.Func_Task1
                0x08000348        0xc build/main.o
                0x08000348                Func_Task1
 .text.HAL_TIM_PeriodElapsedCallback
                0x08000354       0x14 build/main.o
                0x08000354                HAL_TIM_PeriodElapsedCallback
 .text._Error_Handler
                0x08000368        0x4 build/main.o
                0x08000368                _Error_Handler
 .text.MX_CAN_Init
                0x0800036c       0x48 build/main.o
 .text.MX_USART1_UART_Init
                0x080003b4       0x3c build/main.o
 .text.SystemClock_Config
                0x080003f0       0x84 build/main.o
                0x080003f0                SystemClock_Config
 .text.main     0x08000474       0x5c build/main.o
                0x08000474                main
 .text.NMI_Handler
                0x080004d0        0x4 build/stm32f1xx_it.o
                0x080004d0                NMI_Handler
 .text.HardFault_Handler
                0x080004d4        0x4 build/stm32f1xx_it.o
                0x080004d4                HardFault_Handler
 .text.MemManage_Handler
                0x080004d8        0x4 build/stm32f1xx_it.o
                0x080004d8                MemManage_Handler
 .text.BusFault_Handler
                0x080004dc        0x4 build/stm32f1xx_it.o
                0x080004dc                BusFault_Handler
 .text.UsageFault_Handler
                0x080004e0        0x4 build/stm32f1xx_it.o
                0x080004e0                UsageFault_Handler
 .text.DebugMon_Handler
                0x080004e4        0x4 build/stm32f1xx_it.o
                0x080004e4                DebugMon_Handler
 .text.SysTick_Handler
                0x080004e8        0x8 build/stm32f1xx_it.o
                0x080004e8                SysTick_Handler
 .text.USB_LP_CAN1_RX0_IRQHandler
                0x080004f0       0x10 build/stm32f1xx_it.o
                0x080004f0                USB_LP_CAN1_RX0_IRQHandler
 .text.TIM4_IRQHandler
                0x08000500       0x10 build/stm32f1xx_it.o
                0x08000500                TIM4_IRQHandler
 .text.HAL_MspInit
                0x08000510       0xa0 build/stm32f1xx_hal_msp.o
                0x08000510                HAL_MspInit
 .text.HAL_CAN_MspInit
                0x080005b0       0x84 build/stm32f1xx_hal_msp.o
                0x080005b0                HAL_CAN_MspInit
 .text.HAL_UART_MspInit
                0x08000634       0x5c build/stm32f1xx_hal_msp.o
                0x08000634                HAL_UART_MspInit
 .text.HAL_InitTick
                0x08000690       0x7c build/stm32f1xx_hal_timebase_TIM.o
                0x08000690                HAL_InitTick
 .text.HAL_CAN_Init
                0x0800070c      0x14c build/stm32f1xx_hal_can.o
                0x0800070c                HAL_CAN_Init
 .text.HAL_CAN_Transmit
                0x08000858      0x214 build/stm32f1xx_hal_can.o
                0x08000858                HAL_CAN_Transmit
 .text.HAL_CAN_TxCpltCallback
                0x08000a6c        0x4 build/stm32f1xx_hal_can.o
                0x08000a6c                HAL_CAN_TxCpltCallback
 .text.CAN_Transmit_IT
                0x08000a70       0x58 build/stm32f1xx_hal_can.o
 .text.HAL_CAN_RxCpltCallback
                0x08000ac8        0x4 build/stm32f1xx_hal_can.o
                0x08000ac8                HAL_CAN_RxCpltCallback
 .text.CAN_Receive_IT
                0x08000acc      0x16c build/stm32f1xx_hal_can.o
 .text.HAL_CAN_ErrorCallback
                0x08000c38        0x4 build/stm32f1xx_hal_can.o
                0x08000c38                HAL_CAN_ErrorCallback
 .text.HAL_CAN_IRQHandler
                0x08000c3c      0x1f4 build/stm32f1xx_hal_can.o
                0x08000c3c                HAL_CAN_IRQHandler
 .text.HAL_TIM_Base_MspInit
                0x08000e30        0x4 build/stm32f1xx_hal_tim.o
                0x08000e30                HAL_TIM_Base_MspInit
 .text.HAL_TIM_Base_Start_IT
                0x08000e34       0x18 build/stm32f1xx_hal_tim.o
                0x08000e34                HAL_TIM_Base_Start_IT
 .text.HAL_TIM_OC_DelayElapsedCallback
                0x08000e4c        0x4 build/stm32f1xx_hal_tim.o
                0x08000e4c                HAL_TIM_OC_DelayElapsedCallback
 .text.HAL_TIM_IC_CaptureCallback
                0x08000e50        0x4 build/stm32f1xx_hal_tim.o
                0x08000e50                HAL_TIM_IC_CaptureCallback
 .text.HAL_TIM_PWM_PulseFinishedCallback
                0x08000e54        0x4 build/stm32f1xx_hal_tim.o
                0x08000e54                HAL_TIM_PWM_PulseFinishedCallback
 .text.HAL_TIM_TriggerCallback
                0x08000e58        0x4 build/stm32f1xx_hal_tim.o
                0x08000e58                HAL_TIM_TriggerCallback
 .text.HAL_TIM_IRQHandler
                0x08000e5c      0x174 build/stm32f1xx_hal_tim.o
                0x08000e5c                HAL_TIM_IRQHandler
 .text.TIM_Base_SetConfig
                0x08000fd0       0x98 build/stm32f1xx_hal_tim.o
                0x08000fd0                TIM_Base_SetConfig
 .text.HAL_TIM_Base_Init
                0x08001068       0x38 build/stm32f1xx_hal_tim.o
                0x08001068                HAL_TIM_Base_Init
 .text.HAL_TIMEx_CommutationCallback
                0x080010a0        0x4 build/stm32f1xx_hal_tim_ex.o
                0x080010a0                HAL_TIMEx_CommutationCallback
 .text.HAL_TIMEx_BreakCallback
                0x080010a4        0x4 build/stm32f1xx_hal_tim_ex.o
                0x080010a4                HAL_TIMEx_BreakCallback
 .text.UART_SetConfig
                0x080010a8      0x1bc build/stm32f1xx_hal_uart.o
 .text.UART_WaitOnFlagUntilTimeout
                0x08001264       0x68 build/stm32f1xx_hal_uart.o
 .text.HAL_UART_Init
                0x080012cc       0x64 build/stm32f1xx_hal_uart.o
                0x080012cc                HAL_UART_Init
 .text.HAL_UART_Transmit
                0x08001330       0xe4 build/stm32f1xx_hal_uart.o
                0x08001330                HAL_UART_Transmit
 .text.HAL_Init
                0x08001414       0x24 build/stm32f1xx_hal.o
                0x08001414                HAL_Init
 .text.HAL_IncTick
                0x08001438       0x18 build/stm32f1xx_hal.o
                0x08001438                HAL_IncTick
 .text.HAL_GetTick
                0x08001450        0xc build/stm32f1xx_hal.o
                0x08001450                HAL_GetTick
 .text.RCC_Delay
                0x0800145c       0x2c build/stm32f1xx_hal_rcc.o
 .text.HAL_RCC_OscConfig
                0x08001488      0x400 build/stm32f1xx_hal_rcc.o
                0x08001488                HAL_RCC_OscConfig
 .text.HAL_RCC_GetSysClockFreq
                0x08001888       0x70 build/stm32f1xx_hal_rcc.o
                0x08001888                HAL_RCC_GetSysClockFreq
 .text.HAL_RCC_ClockConfig
                0x080018f8      0x184 build/stm32f1xx_hal_rcc.o
                0x080018f8                HAL_RCC_ClockConfig
 .text.HAL_RCC_GetHCLKFreq
                0x08001a7c        0xc build/stm32f1xx_hal_rcc.o
                0x08001a7c                HAL_RCC_GetHCLKFreq
 .text.HAL_RCC_GetPCLK1Freq
                0x08001a88       0x20 build/stm32f1xx_hal_rcc.o
                0x08001a88                HAL_RCC_GetPCLK1Freq
 .text.HAL_RCC_GetPCLK2Freq
                0x08001aa8       0x20 build/stm32f1xx_hal_rcc.o
                0x08001aa8                HAL_RCC_GetPCLK2Freq
 .text.HAL_RCC_GetClockConfig
                0x08001ac8       0x3c build/stm32f1xx_hal_rcc.o
                0x08001ac8                HAL_RCC_GetClockConfig
 .text.HAL_GPIO_Init
                0x08001b04      0x1ec build/stm32f1xx_hal_gpio.o
                0x08001b04                HAL_GPIO_Init
 .text.HAL_GPIO_WritePin
                0x08001cf0        0xc build/stm32f1xx_hal_gpio.o
                0x08001cf0                HAL_GPIO_WritePin
 .text.HAL_NVIC_SetPriorityGrouping
                0x08001cfc       0x24 build/stm32f1xx_hal_cortex.o
                0x08001cfc                HAL_NVIC_SetPriorityGrouping
 .text.HAL_NVIC_SetPriority
                0x08001d20       0x64 build/stm32f1xx_hal_cortex.o
                0x08001d20                HAL_NVIC_SetPriority
 .text.HAL_NVIC_EnableIRQ
                0x08001d84       0x18 build/stm32f1xx_hal_cortex.o
                0x08001d84                HAL_NVIC_EnableIRQ
 .text.HAL_SYSTICK_Config
                0x08001d9c       0x2c build/stm32f1xx_hal_cortex.o
                0x08001d9c                HAL_SYSTICK_Config
 .text.HAL_SYSTICK_CLKSourceConfig
                0x08001dc8       0x20 build/stm32f1xx_hal_cortex.o
                0x08001dc8                HAL_SYSTICK_CLKSourceConfig
 .text.SystemInit
                0x08001de8       0x4c build/system_stm32f1xx.o
                0x08001de8                SystemInit
 .text.prvHeapInit
                0x08001e34       0x64 build/heap_4.o
 .text.prvInsertBlockIntoFreeList
                0x08001e98       0x54 build/heap_4.o
 .text.pvPortMalloc
                0x08001eec      0x104 build/heap_4.o
                0x08001eec                pvPortMalloc
 .text.vPortFree
                0x08001ff0       0x78 build/heap_4.o
                0x08001ff0                vPortFree
 .text.prvTaskExitError
                0x08002068       0x34 build/port.o
 .text.prvPortStartFirstTask
                0x0800209c       0x20 build/port.o
 .text.pxPortInitialiseStack
                0x080020bc       0x24 build/port.o
                0x080020bc                pxPortInitialiseStack
 .text.SVC_Handler
                0x080020e0       0x24 build/port.o
                0x080020e0                SVC_Handler
 .text.vPortEnterCritical
                0x08002104       0x44 build/port.o
                0x08002104                vPortEnterCritical
 .text.vPortExitCritical
                0x08002148       0x2c build/port.o
                0x08002148                vPortExitCritical
 *fill*         0x08002174        0xc 
 .text.PendSV_Handler
                0x08002180       0x44 build/port.o
                0x08002180                PendSV_Handler
 .text.xPortSysTickHandler
                0x080021c4       0x2c build/port.o
                0x080021c4                xPortSysTickHandler
 .text.vPortSetupTimerInterrupt
                0x080021f0       0x2c build/port.o
                0x080021f0                vPortSetupTimerInterrupt
 .text.xPortStartScheduler
                0x0800221c       0x98 build/port.o
                0x0800221c                xPortStartScheduler
 .text.vListInitialise
                0x080022b4       0x18 build/list.o
                0x080022b4                vListInitialise
 .text.vListInitialiseItem
                0x080022cc        0x8 build/list.o
                0x080022cc                vListInitialiseItem
 .text.vListInsertEnd
                0x080022d4       0x18 build/list.o
                0x080022d4                vListInsertEnd
 .text.vListInsert
                0x080022ec       0x34 build/list.o
                0x080022ec                vListInsert
 .text.uxListRemove
                0x08002320       0x24 build/list.o
                0x08002320                uxListRemove
 .text.prvResetNextTaskUnblockTime
                0x08002344       0x34 build/tasks.o
 .text.prvDeleteTCB
                0x08002378       0x14 build/tasks.o
 .text.prvInitialiseNewTask
                0x0800238c       0x80 build/tasks.o
 .text.prvInitialiseTaskLists
                0x0800240c       0x68 build/tasks.o
 .text.prvAddNewTaskToReadyList
                0x08002474       0xa8 build/tasks.o
 .text.prvAddCurrentTaskToDelayedList
                0x0800251c       0x98 build/tasks.o
 .text.xTaskCreate
                0x080025b4       0x64 build/tasks.o
                0x080025b4                xTaskCreate
 .text.vTaskStartScheduler
                0x08002618       0x7c build/tasks.o
                0x08002618                vTaskStartScheduler
 .text.vTaskSuspendAll
                0x08002694       0x10 build/tasks.o
                0x08002694                vTaskSuspendAll
 .text.xTaskIncrementTick
                0x080026a4      0x124 build/tasks.o
                0x080026a4                xTaskIncrementTick
 .text.xTaskResumeAll
                0x080027c8       0xf8 build/tasks.o
                0x080027c8                xTaskResumeAll
 .text.vTaskDelay
                0x080028c0       0x50 build/tasks.o
                0x080028c0                vTaskDelay
 .text.prvCheckTasksWaitingTermination
                0x08002910       0x54 build/tasks.o
 .text.prvIdleTask
                0x08002964       0x28 build/tasks.o
 .text.vTaskSwitchContext
                0x0800298c       0x94 build/tasks.o
                0x0800298c                vTaskSwitchContext
 .text.xTaskGetSchedulerState
                0x08002a20       0x20 build/tasks.o
                0x08002a20                xTaskGetSchedulerState
 .text.makeFreeRtosPriority
                0x08002a40        0xc build/cmsis_os.o
 .text.osKernelStart
                0x08002a4c        0xc build/cmsis_os.o
                0x08002a4c                osKernelStart
 .text.osThreadCreate
                0x08002a58       0x34 build/cmsis_os.o
                0x08002a58                osThreadCreate
 .text.osDelay  0x08002a8c       0x10 build/cmsis_os.o
                0x08002a8c                osDelay
 .text.osSystickHandler
                0x08002a9c       0x10 build/cmsis_os.o
                0x08002a9c                osSystickHandler
 .text.Reset_Handler
                0x08002aac       0x48 build/startup_stm32f103xe.o
                0x08002aac                Reset_Handler
 .text.Default_Handler
                0x08002af4        0x2 build/startup_stm32f103xe.o
                0x08002af4                RTC_Alarm_IRQHandler
                0x08002af4                EXTI2_IRQHandler
                0x08002af4                TIM8_TRG_COM_IRQHandler
                0x08002af4                TIM8_CC_IRQHandler
                0x08002af4                TIM1_CC_IRQHandler
                0x08002af4                TIM6_IRQHandler
                0x08002af4                PVD_IRQHandler
                0x08002af4                SDIO_IRQHandler
                0x08002af4                EXTI3_IRQHandler
                0x08002af4                EXTI0_IRQHandler
                0x08002af4                I2C2_EV_IRQHandler
                0x08002af4                ADC1_2_IRQHandler
                0x08002af4                SPI1_IRQHandler
                0x08002af4                TAMPER_IRQHandler
                0x08002af4                TIM8_UP_IRQHandler
                0x08002af4                DMA2_Channel2_IRQHandler
                0x08002af4                DMA1_Channel4_IRQHandler
                0x08002af4                USART3_IRQHandler
                0x08002af4                RTC_IRQHandler
                0x08002af4                DMA1_Channel7_IRQHandler
                0x08002af4                CAN1_RX1_IRQHandler
                0x08002af4                UART5_IRQHandler
                0x08002af4                ADC3_IRQHandler
                0x08002af4                DMA2_Channel1_IRQHandler
                0x08002af4                I2C1_EV_IRQHandler
                0x08002af4                DMA1_Channel6_IRQHandler
                0x08002af4                UART4_IRQHandler
                0x08002af4                TIM3_IRQHandler
                0x08002af4                RCC_IRQHandler
                0x08002af4                TIM1_TRG_COM_IRQHandler
                0x08002af4                DMA1_Channel1_IRQHandler
                0x08002af4                Default_Handler
                0x08002af4                EXTI15_10_IRQHandler
                0x08002af4                TIM7_IRQHandler
                0x08002af4                TIM5_IRQHandler
                0x08002af4                EXTI9_5_IRQHandler
                0x08002af4                SPI2_IRQHandler
                0x08002af4                DMA1_Channel5_IRQHandler
                0x08002af4                EXTI4_IRQHandler
                0x08002af4                USB_HP_CAN1_TX_IRQHandler
                0x08002af4                DMA1_Channel3_IRQHandler
                0x08002af4                FSMC_IRQHandler
                0x08002af4                TIM1_UP_IRQHandler
                0x08002af4                WWDG_IRQHandler
                0x08002af4                TIM2_IRQHandler
                0x08002af4                TIM1_BRK_IRQHandler
                0x08002af4                EXTI1_IRQHandler
                0x08002af4                DMA2_Channel4_5_IRQHandler
                0x08002af4                USART2_IRQHandler
                0x08002af4                I2C2_ER_IRQHandler
                0x08002af4                DMA1_Channel2_IRQHandler
                0x08002af4                TIM8_BRK_IRQHandler
                0x08002af4                CAN1_SCE_IRQHandler
                0x08002af4                FLASH_IRQHandler
                0x08002af4                USART1_IRQHandler
                0x08002af4                SPI3_IRQHandler
                0x08002af4                I2C1_ER_IRQHandler
                0x08002af4                USBWakeUp_IRQHandler
                0x08002af4                DMA2_Channel3_IRQHandler
 *fill*         0x08002af6        0x2 
 .text.__libc_init_array
                0x08002af8       0x4c /home/user/Library/gcc-arm-none-eabi-5_4-2016q3/bin/../lib/gcc/arm-none-eabi/5.4.1/../../../../arm-none-eabi/lib/armv7-m/libc_nano.a(lib_a-init.o)
                0x08002af8                __libc_init_array
 *(.glue_7)
 .glue_7        0x08002b44        0x0 linker stubs
 *(.glue_7t)
 .glue_7t       0x08002b44        0x0 linker stubs
 *(.eh_frame)
 .eh_frame      0x08002b44        0x0 /home/user/Library/gcc-arm-none-eabi-5_4-2016q3/bin/../lib/gcc/arm-none-eabi/5.4.1/armv7-m/crtbegin.o
 *(.init)
 .init          0x08002b44        0x4 /home/user/Library/gcc-arm-none-eabi-5_4-2016q3/bin/../lib/gcc/arm-none-eabi/5.4.1/armv7-m/crti.o
                0x08002b44                _init
 .init          0x08002b48        0x8 /home/user/Library/gcc-arm-none-eabi-5_4-2016q3/bin/../lib/gcc/arm-none-eabi/5.4.1/armv7-m/crtn.o
 *(.fini)
 .fini          0x08002b50        0x4 /home/user/Library/gcc-arm-none-eabi-5_4-2016q3/bin/../lib/gcc/arm-none-eabi/5.4.1/armv7-m/crti.o
                0x08002b50                _fini
 .fini          0x08002b54        0x8 /home/user/Library/gcc-arm-none-eabi-5_4-2016q3/bin/../lib/gcc/arm-none-eabi/5.4.1/armv7-m/crtn.o
                0x08002b5c                . = ALIGN (0x4)
                0x08002b5c                _etext = .

.vfp11_veneer   0x08002b5c        0x0
 .vfp11_veneer  0x08002b5c        0x0 linker stubs

.v4_bx          0x08002b5c        0x0
 .v4_bx         0x08002b5c        0x0 linker stubs

.iplt           0x08002b5c        0x0
 .iplt          0x08002b5c        0x0 /home/user/Library/gcc-arm-none-eabi-5_4-2016q3/bin/../lib/gcc/arm-none-eabi/5.4.1/armv7-m/crtbegin.o

.rodata         0x08002b5c       0x88
                0x08002b5c                . = ALIGN (0x4)
 *(.rodata)
 .rodata        0x08002b5c       0x28 build/main.o
 .rodata        0x08002b84       0x12 build/stm32f1xx_hal_rcc.o
 *(.rodata*)
 *fill*         0x08002b96        0x2 
 .rodata.str1.4
                0x08002b98       0x2a build/main.o
 *fill*         0x08002bc2        0x2 
 .rodata.AHBPrescTable
                0x08002bc4       0x10 build/system_stm32f1xx.o
                0x08002bc4                AHBPrescTable
 .rodata.APBPrescTable
                0x08002bd4        0x8 build/system_stm32f1xx.o
                0x08002bd4                APBPrescTable
 .rodata.str1.4
                0x08002bdc        0x8 build/tasks.o
                                  0x5 (size before relaxing)
                0x08002be4                . = ALIGN (0x4)

.rel.dyn        0x08002be4        0x0
 .rel.iplt      0x08002be4        0x0 /home/user/Library/gcc-arm-none-eabi-5_4-2016q3/bin/../lib/gcc/arm-none-eabi/5.4.1/armv7-m/crtbegin.o

.ARM.extab
 *(.ARM.extab* .gnu.linkonce.armextab.*)

.ARM            0x08002be4        0x0
                0x08002be4                __exidx_start = .
 *(.ARM.exidx*)
                0x08002be4                __exidx_end = .

.preinit_array  0x08002be4        0x0
                0x08002be4                PROVIDE (__preinit_array_start, .)
 *(.preinit_array*)
                0x08002be4                PROVIDE (__preinit_array_end, .)

.init_array     0x08002be4        0x4
                0x08002be4                PROVIDE (__init_array_start, .)
 *(SORT(.init_array.*))
 *(.init_array*)
 .init_array    0x08002be4        0x4 /home/user/Library/gcc-arm-none-eabi-5_4-2016q3/bin/../lib/gcc/arm-none-eabi/5.4.1/armv7-m/crtbegin.o
                0x08002be8                PROVIDE (__init_array_end, .)

.fini_array     0x08002be8        0x4
                [!provide]                PROVIDE (__fini_array_start, .)
 *(SORT(.fini_array.*))
 *(.fini_array*)
 .fini_array    0x08002be8        0x4 /home/user/Library/gcc-arm-none-eabi-5_4-2016q3/bin/../lib/gcc/arm-none-eabi/5.4.1/armv7-m/crtbegin.o
                [!provide]                PROVIDE (__fini_array_end, .)
                0x08002bec                _sidata = LOADADDR (.data)

.data           0x20000000        0xc load address 0x08002bec
                0x20000000                . = ALIGN (0x4)
                0x20000000                _sdata = .
 *(.data)
 *(.data*)
 .data.uwTickFreq
                0x20000000        0x1 build/stm32f1xx_hal.o
                0x20000000                uwTickFreq
 *fill*         0x20000001        0x3 
 .data.SystemCoreClock
                0x20000004        0x4 build/system_stm32f1xx.o
                0x20000004                SystemCoreClock
 .data.uxCriticalNesting
                0x20000008        0x4 build/port.o
                0x2000000c                . = ALIGN (0x4)
                0x2000000c                _edata = .

.jcr            0x2000000c        0x0 load address 0x08002bf8
 .jcr           0x2000000c        0x0 /home/user/Library/gcc-arm-none-eabi-5_4-2016q3/bin/../lib/gcc/arm-none-eabi/5.4.1/armv7-m/crtbegin.o

.igot.plt       0x2000000c        0x0 load address 0x08002bf8
 .igot.plt      0x2000000c        0x0 /home/user/Library/gcc-arm-none-eabi-5_4-2016q3/bin/../lib/gcc/arm-none-eabi/5.4.1/armv7-m/crtbegin.o
                0x2000000c                . = ALIGN (0x4)

.bss            0x2000000c      0xea0 load address 0x08002bf8
                0x2000000c                _sbss = .
                0x2000000c                __bss_start__ = _sbss
 *(.bss)
 .bss           0x2000000c       0x1c /home/user/Library/gcc-arm-none-eabi-5_4-2016q3/bin/../lib/gcc/arm-none-eabi/5.4.1/armv7-m/crtbegin.o
 *(.bss*)
 .bss.xFreeBytesRemaining
                0x20000028        0x4 build/heap_4.o
 .bss.pxEnd     0x2000002c        0x4 build/heap_4.o
 .bss.xStart    0x20000030        0x8 build/heap_4.o
 .bss.ucHeap    0x20000038      0xc00 build/heap_4.o
 .bss.xBlockAllocatedBit
                0x20000c38        0x4 build/heap_4.o
 .bss.xMinimumEverFreeBytesRemaining
                0x20000c3c        0x4 build/heap_4.o
 .bss.ucMaxSysCallPriority
                0x20000c40        0x1 build/port.o
 *fill*         0x20000c41        0x3 
 .bss.ulMaxPRIGROUPValue
                0x20000c44        0x4 build/port.o
 .bss.xNumOfOverflows
                0x20000c48        0x4 build/tasks.o
 .bss.pxDelayedTaskList
                0x20000c4c        0x4 build/tasks.o
 .bss.xSchedulerRunning
                0x20000c50        0x4 build/tasks.o
 .bss.xTasksWaitingTermination
                0x20000c54       0x14 build/tasks.o
 .bss.pxOverflowDelayedTaskList
                0x20000c68        0x4 build/tasks.o
 .bss.uxPendedTicks
                0x20000c6c        0x4 build/tasks.o
 .bss.pxReadyTasksLists
                0x20000c70       0x8c build/tasks.o
 .bss.uxSchedulerSuspended
                0x20000cfc        0x4 build/tasks.o
 .bss.uxDeletedTasksWaitingCleanUp
                0x20000d00        0x4 build/tasks.o
 .bss.uxCurrentNumberOfTasks
                0x20000d04        0x4 build/tasks.o
 .bss.pxCurrentTCB
                0x20000d08        0x4 build/tasks.o
                0x20000d08                pxCurrentTCB
 .bss.xPendingReadyList
                0x20000d0c       0x14 build/tasks.o
 .bss.xIdleTaskHandle
                0x20000d20        0x4 build/tasks.o
 .bss.xTickCount
                0x20000d24        0x4 build/tasks.o
 .bss.xNextTaskUnblockTime
                0x20000d28        0x4 build/tasks.o
 .bss.uxTaskNumber
                0x20000d2c        0x4 build/tasks.o
 .bss.xDelayedTaskList1
                0x20000d30       0x14 build/tasks.o
 .bss.xDelayedTaskList2
                0x20000d44       0x14 build/tasks.o
 .bss.xSuspendedTaskList
                0x20000d58       0x14 build/tasks.o
 .bss.uxTopReadyPriority
                0x20000d6c        0x4 build/tasks.o
 .bss.xYieldPending
                0x20000d70        0x4 build/tasks.o
 *(COMMON)
 COMMON         0x20000d74       0xf4 build/main.o
                0x20000d74                sFliterConfig
                0x20000d9c                hcan
                0x20000de0                Task1Handle
                0x20000de4                huart1
                0x20000e24                TxMessage
                0x20000e40                RxMessage
                0x20000e64                Task0Handle
 COMMON         0x20000e68       0x40 build/stm32f1xx_hal_timebase_TIM.o
                0x20000e68                htim4
 COMMON         0x20000ea8        0x4 build/stm32f1xx_hal.o
                0x20000ea8                uwTick
                0x20000eac                . = ALIGN (0x4)
                0x20000eac                _ebss = .
                0x20000eac                __bss_end__ = _ebss

._user_heap_stack
                0x20000eac      0x604 load address 0x08002bf8
                0x20000eb0                . = ALIGN (0x8)
 *fill*         0x20000eac        0x4 
                [!provide]                PROVIDE (end, .)
                [!provide]                PROVIDE (_end, .)
                0x200010b0                . = (. + _Min_Heap_Size)
 *fill*         0x20000eb0      0x200 
                0x200014b0                . = (. + _Min_Stack_Size)
 *fill*         0x200010b0      0x400 
                0x200014b0                . = ALIGN (0x8)

/DISCARD/
 libc.a(*)
 libm.a(*)
 libgcc.a(*)

.ARM.attributes
                0x00000000       0x29
 *(.ARM.attributes)
 .ARM.attributes
                0x00000000       0x1d /home/user/Library/gcc-arm-none-eabi-5_4-2016q3/bin/../lib/gcc/arm-none-eabi/5.4.1/armv7-m/crti.o
 .ARM.attributes
                0x0000001d       0x2d /home/user/Library/gcc-arm-none-eabi-5_4-2016q3/bin/../lib/gcc/arm-none-eabi/5.4.1/armv7-m/crtbegin.o
 .ARM.attributes
                0x0000004a       0x33 build/main.o
 .ARM.attributes
                0x0000007d       0x33 build/stm32f1xx_it.o
 .ARM.attributes
                0x000000b0       0x33 build/stm32f1xx_hal_msp.o
 .ARM.attributes
                0x000000e3       0x33 build/stm32f1xx_hal_timebase_TIM.o
 .ARM.attributes
                0x00000116       0x33 build/stm32f1xx_hal_can.o
 .ARM.attributes
                0x00000149       0x33 build/stm32f1xx_hal_tim.o
 .ARM.attributes
                0x0000017c       0x33 build/stm32f1xx_hal_tim_ex.o
 .ARM.attributes
                0x000001af       0x33 build/stm32f1xx_hal_uart.o
 .ARM.attributes
                0x000001e2       0x33 build/stm32f1xx_hal.o
 .ARM.attributes
                0x00000215       0x33 build/stm32f1xx_hal_rcc.o
 .ARM.attributes
                0x00000248       0x33 build/stm32f1xx_hal_gpio.o
 .ARM.attributes
                0x0000027b       0x33 build/stm32f1xx_hal_cortex.o
 .ARM.attributes
                0x000002ae       0x33 build/system_stm32f1xx.o
 .ARM.attributes
                0x000002e1       0x33 build/heap_4.o
 .ARM.attributes
                0x00000314       0x33 build/port.o
 .ARM.attributes
                0x00000347       0x33 build/list.o
 .ARM.attributes
                0x0000037a       0x33 build/tasks.o
 .ARM.attributes
                0x000003ad       0x33 build/cmsis_os.o
 .ARM.attributes
                0x000003e0       0x21 build/startup_stm32f103xe.o
 .ARM.attributes
                0x00000401       0x2d /home/user/Library/gcc-arm-none-eabi-5_4-2016q3/bin/../lib/gcc/arm-none-eabi/5.4.1/../../../../arm-none-eabi/lib/armv7-m/libc_nano.a(lib_a-init.o)
 .ARM.attributes
                0x0000042e       0x1d /home/user/Library/gcc-arm-none-eabi-5_4-2016q3/bin/../lib/gcc/arm-none-eabi/5.4.1/armv7-m/crtn.o
OUTPUT(build/CAN.elf elf32-littlearm)

.debug_info     0x00000000    0x120b6
 .debug_info    0x00000000     0x1971 build/main.o
 .debug_info    0x00001971      0xc4a build/stm32f1xx_it.o
 .debug_info    0x000025bb     0x11da build/stm32f1xx_hal_msp.o
 .debug_info    0x00003795      0xa3c build/stm32f1xx_hal_timebase_TIM.o
 .debug_info    0x000041d1      0xd32 build/stm32f1xx_hal_can.o
 .debug_info    0x00004f03     0x309c build/stm32f1xx_hal_tim.o
 .debug_info    0x00007f9f     0x137e build/stm32f1xx_hal_tim_ex.o
 .debug_info    0x0000931d     0x1779 build/stm32f1xx_hal_uart.o
 .debug_info    0x0000aa96      0x83a build/stm32f1xx_hal.o
 .debug_info    0x0000b2d0      0xa90 build/stm32f1xx_hal_rcc.o
 .debug_info    0x0000bd60      0x66e build/stm32f1xx_hal_gpio.o
 .debug_info    0x0000c3ce      0xd36 build/stm32f1xx_hal_cortex.o
 .debug_info    0x0000d104      0x437 build/system_stm32f1xx.o
 .debug_info    0x0000d53b      0x46f build/heap_4.o
 .debug_info    0x0000d9aa      0x506 build/port.o
 .debug_info    0x0000deb0      0x2d0 build/list.o
 .debug_info    0x0000e180     0x224f build/tasks.o
 .debug_info    0x000103cf     0x1c86 build/cmsis_os.o
 .debug_info    0x00012055       0x61 build/startup_stm32f103xe.o

.debug_abbrev   0x00000000     0x2811
 .debug_abbrev  0x00000000      0x2b5 build/main.o
 .debug_abbrev  0x000002b5      0x1a4 build/stm32f1xx_it.o
 .debug_abbrev  0x00000459      0x1bd build/stm32f1xx_hal_msp.o
 .debug_abbrev  0x00000616      0x1d4 build/stm32f1xx_hal_timebase_TIM.o
 .debug_abbrev  0x000007ea      0x22b build/stm32f1xx_hal_can.o
 .debug_abbrev  0x00000a15      0x278 build/stm32f1xx_hal_tim.o
 .debug_abbrev  0x00000c8d      0x251 build/stm32f1xx_hal_tim_ex.o
 .debug_abbrev  0x00000ede      0x281 build/stm32f1xx_hal_uart.o
 .debug_abbrev  0x0000115f      0x20f build/stm32f1xx_hal.o
 .debug_abbrev  0x0000136e      0x28e build/stm32f1xx_hal_rcc.o
 .debug_abbrev  0x000015fc      0x202 build/stm32f1xx_hal_gpio.o
 .debug_abbrev  0x000017fe      0x2ee build/stm32f1xx_hal_cortex.o
 .debug_abbrev  0x00001aec      0x124 build/system_stm32f1xx.o
 .debug_abbrev  0x00001c10      0x216 build/heap_4.o
 .debug_abbrev  0x00001e26      0x26e build/port.o
 .debug_abbrev  0x00002094       0xf8 build/list.o
 .debug_abbrev  0x0000218c      0x358 build/tasks.o
 .debug_abbrev  0x000024e4      0x31b build/cmsis_os.o
 .debug_abbrev  0x000027ff       0x12 build/startup_stm32f103xe.o

.debug_loc      0x00000000     0xbc9f
 .debug_loc     0x00000000      0x1a0 build/main.o
 .debug_loc     0x000001a0       0x60 build/stm32f1xx_it.o
 .debug_loc     0x00000200      0x1c9 build/stm32f1xx_hal_msp.o
 .debug_loc     0x000003c9       0xb1 build/stm32f1xx_hal_timebase_TIM.o
 .debug_loc     0x0000047a      0xd25 build/stm32f1xx_hal_can.o
 .debug_loc     0x0000119f     0x3cc6 build/stm32f1xx_hal_tim.o
 .debug_loc     0x00004e65     0x11d2 build/stm32f1xx_hal_tim_ex.o
 .debug_loc     0x00006037     0x17b0 build/stm32f1xx_hal_uart.o
 .debug_loc     0x000077e7      0x1a8 build/stm32f1xx_hal.o
 .debug_loc     0x0000798f      0x6e5 build/stm32f1xx_hal_rcc.o
 .debug_loc     0x00008074      0x410 build/stm32f1xx_hal_gpio.o
 .debug_loc     0x00008484      0x59f build/stm32f1xx_hal_cortex.o
 .debug_loc     0x00008a23       0xdf build/system_stm32f1xx.o
 .debug_loc     0x00008b02      0x32f build/heap_4.o
 .debug_loc     0x00008e31      0x11a build/port.o
 .debug_loc     0x00008f4b       0x91 build/list.o
 .debug_loc     0x00008fdc     0x16d3 build/tasks.o
 .debug_loc     0x0000a6af     0x15f0 build/cmsis_os.o

.debug_aranges  0x00000000      0xf58
 .debug_aranges
                0x00000000       0x60 build/main.o
 .debug_aranges
                0x00000060       0x60 build/stm32f1xx_it.o
 .debug_aranges
                0x000000c0       0x40 build/stm32f1xx_hal_msp.o
 .debug_aranges
                0x00000100       0x30 build/stm32f1xx_hal_timebase_TIM.o
 .debug_aranges
                0x00000130       0xb0 build/stm32f1xx_hal_can.o
 .debug_aranges
                0x000001e0      0x368 build/stm32f1xx_hal_tim.o
 .debug_aranges
                0x00000548      0x138 build/stm32f1xx_hal_tim_ex.o
 .debug_aranges
                0x00000680      0x1d0 build/stm32f1xx_hal_uart.o
 .debug_aranges
                0x00000850       0xd0 build/stm32f1xx_hal.o
 .debug_aranges
                0x00000920       0x90 build/stm32f1xx_hal_rcc.o
 .debug_aranges
                0x000009b0       0x58 build/stm32f1xx_hal_gpio.o
 .debug_aranges
                0x00000a08       0x90 build/stm32f1xx_hal_cortex.o
 .debug_aranges
                0x00000a98       0x28 build/system_stm32f1xx.o
 .debug_aranges
                0x00000ac0       0x50 build/heap_4.o
 .debug_aranges
                0x00000b10       0x78 build/port.o
 .debug_aranges
                0x00000b88       0x40 build/list.o
 .debug_aranges
                0x00000bc8      0x190 build/tasks.o
 .debug_aranges
                0x00000d58      0x1d8 build/cmsis_os.o
 .debug_aranges
                0x00000f30       0x28 build/startup_stm32f103xe.o

.debug_ranges   0x00000000      0xe80
 .debug_ranges  0x00000000       0x50 build/main.o
 .debug_ranges  0x00000050       0x50 build/stm32f1xx_it.o
 .debug_ranges  0x000000a0       0x30 build/stm32f1xx_hal_msp.o
 .debug_ranges  0x000000d0       0x20 build/stm32f1xx_hal_timebase_TIM.o
 .debug_ranges  0x000000f0       0xa0 build/stm32f1xx_hal_can.o
 .debug_ranges  0x00000190      0x358 build/stm32f1xx_hal_tim.o
 .debug_ranges  0x000004e8      0x128 build/stm32f1xx_hal_tim_ex.o
 .debug_ranges  0x00000610      0x1c0 build/stm32f1xx_hal_uart.o
 .debug_ranges  0x000007d0       0xc0 build/stm32f1xx_hal.o
 .debug_ranges  0x00000890       0x98 build/stm32f1xx_hal_rcc.o
 .debug_ranges  0x00000928       0x48 build/stm32f1xx_hal_gpio.o
 .debug_ranges  0x00000970       0x80 build/stm32f1xx_hal_cortex.o
 .debug_ranges  0x000009f0       0x18 build/system_stm32f1xx.o
 .debug_ranges  0x00000a08       0x40 build/heap_4.o
 .debug_ranges  0x00000a48       0x68 build/port.o
 .debug_ranges  0x00000ab0       0x30 build/list.o
 .debug_ranges  0x00000ae0      0x1b8 build/tasks.o
 .debug_ranges  0x00000c98      0x1c8 build/cmsis_os.o
 .debug_ranges  0x00000e60       0x20 build/startup_stm32f103xe.o

.debug_line     0x00000000     0x61b6
 .debug_line    0x00000000      0x3f5 build/main.o
 .debug_line    0x000003f5      0x29c build/stm32f1xx_it.o
 .debug_line    0x00000691      0x281 build/stm32f1xx_hal_msp.o
 .debug_line    0x00000912      0x231 build/stm32f1xx_hal_timebase_TIM.o
 .debug_line    0x00000b43      0x709 build/stm32f1xx_hal_can.o
 .debug_line    0x0000124c     0x11b3 build/stm32f1xx_hal_tim.o
 .debug_line    0x000023ff      0x759 build/stm32f1xx_hal_tim_ex.o
 .debug_line    0x00002b58      0xa90 build/stm32f1xx_hal_uart.o
 .debug_line    0x000035e8      0x395 build/stm32f1xx_hal.o
 .debug_line    0x0000397d      0x514 build/stm32f1xx_hal_rcc.o
 .debug_line    0x00003e91      0x366 build/stm32f1xx_hal_gpio.o
 .debug_line    0x000041f7      0x318 build/stm32f1xx_hal_cortex.o
 .debug_line    0x0000450f      0x1a0 build/system_stm32f1xx.o
 .debug_line    0x000046af      0x31a build/heap_4.o
 .debug_line    0x000049c9      0x2d3 build/port.o
 .debug_line    0x00004c9c      0x20b build/list.o
 .debug_line    0x00004ea7      0xa94 build/tasks.o
 .debug_line    0x0000593b      0x809 build/cmsis_os.o
 .debug_line    0x00006144       0x72 build/startup_stm32f103xe.o

.debug_str      0x00000000     0x4d13
 .debug_str     0x00000000     0x1277 build/main.o
                               0x132c (size before relaxing)
 .debug_str     0x00001277       0xf0 build/stm32f1xx_it.o
                                0x8fa (size before relaxing)
 .debug_str     0x00001367       0xe8 build/stm32f1xx_hal_msp.o
                                0xd35 (size before relaxing)
 .debug_str     0x0000144f      0x101 build/stm32f1xx_hal_timebase_TIM.o
                                0xaea (size before relaxing)
 .debug_str     0x00001550      0x178 build/stm32f1xx_hal_can.o
                                0x79d (size before relaxing)
 .debug_str     0x000016c8      0xd0d build/stm32f1xx_hal_tim.o
                               0x1341 (size before relaxing)
 .debug_str     0x000023d5      0x4ee build/stm32f1xx_hal_tim_ex.o
                                0xbe3 (size before relaxing)
 .debug_str     0x000028c3      0x51f build/stm32f1xx_hal_uart.o
                                0xb6c (size before relaxing)
 .debug_str     0x00002de2      0x261 build/stm32f1xx_hal.o
                                0x8eb (size before relaxing)
 .debug_str     0x00003043      0x18f build/stm32f1xx_hal_rcc.o
                                0x627 (size before relaxing)
 .debug_str     0x000031d2      0x117 build/stm32f1xx_hal_gpio.o
                                0x412 (size before relaxing)
 .debug_str     0x000032e9      0x25a build/stm32f1xx_hal_cortex.o
                                0x99b (size before relaxing)
 .debug_str     0x00003543       0x4a build/system_stm32f1xx.o
                                0x2b9 (size before relaxing)
 .debug_str     0x0000358d      0x245 build/heap_4.o
                                0x3c6 (size before relaxing)
 .debug_str     0x000037d2      0x277 build/port.o
                                0x432 (size before relaxing)
 .debug_str     0x00003a49      0x141 build/list.o
                                0x2dd (size before relaxing)
 .debug_str     0x00003b8a      0x9cd build/tasks.o
                                0xdd8 (size before relaxing)
 .debug_str     0x00004557      0x7bc build/cmsis_os.o
                                0xd9a (size before relaxing)

.comment        0x00000000       0x6e
 .comment       0x00000000       0x6e build/main.o
                                 0x6f (size before relaxing)
 .comment       0x0000006e       0x6f build/stm32f1xx_it.o
 .comment       0x0000006e       0x6f build/stm32f1xx_hal_msp.o
 .comment       0x0000006e       0x6f build/stm32f1xx_hal_timebase_TIM.o
 .comment       0x0000006e       0x6f build/stm32f1xx_hal_can.o
 .comment       0x0000006e       0x6f build/stm32f1xx_hal_tim.o
 .comment       0x0000006e       0x6f build/stm32f1xx_hal_tim_ex.o
 .comment       0x0000006e       0x6f build/stm32f1xx_hal_uart.o
 .comment       0x0000006e       0x6f build/stm32f1xx_hal.o
 .comment       0x0000006e       0x6f build/stm32f1xx_hal_rcc.o
 .comment       0x0000006e       0x6f build/stm32f1xx_hal_gpio.o
 .comment       0x0000006e       0x6f build/stm32f1xx_hal_cortex.o
 .comment       0x0000006e       0x6f build/system_stm32f1xx.o
 .comment       0x0000006e       0x6f build/heap_4.o
 .comment       0x0000006e       0x6f build/port.o
 .comment       0x0000006e       0x6f build/list.o
 .comment       0x0000006e       0x6f build/tasks.o
 .comment       0x0000006e       0x6f build/cmsis_os.o

.debug_frame    0x00000000     0x2d0c
 .debug_frame   0x00000000      0x10c build/main.o
 .debug_frame   0x0000010c       0xc4 build/stm32f1xx_it.o
 .debug_frame   0x000001d0       0xbc build/stm32f1xx_hal_msp.o
 .debug_frame   0x0000028c       0x4c build/stm32f1xx_hal_timebase_TIM.o
 .debug_frame   0x000002d8      0x250 build/stm32f1xx_hal_can.o
 .debug_frame   0x00000528      0xb08 build/stm32f1xx_hal_tim.o
 .debug_frame   0x00001030      0x420 build/stm32f1xx_hal_tim_ex.o
 .debug_frame   0x00001450      0x574 build/stm32f1xx_hal_uart.o
 .debug_frame   0x000019c4      0x1c0 build/stm32f1xx_hal.o
 .debug_frame   0x00001b84      0x190 build/stm32f1xx_hal_rcc.o
 .debug_frame   0x00001d14       0xd4 build/stm32f1xx_hal_gpio.o
 .debug_frame   0x00001de8      0x134 build/stm32f1xx_hal_cortex.o
 .debug_frame   0x00001f1c       0x30 build/system_stm32f1xx.o
 .debug_frame   0x00001f4c       0xb8 build/heap_4.o
 .debug_frame   0x00002004       0xe8 build/port.o
 .debug_frame   0x000020ec       0x70 build/list.o
 .debug_frame   0x0000215c      0x57c build/tasks.o
 .debug_frame   0x000026d8      0x608 build/cmsis_os.o
 .debug_frame   0x00002ce0       0x2c /home/user/Library/gcc-arm-none-eabi-5_4-2016q3/bin/../lib/gcc/arm-none-eabi/5.4.1/../../../../arm-none-eabi/lib/armv7-m/libc_nano.a(lib_a-init.o)

Cross Reference Table

Symbol                                            File
ADC1_2_IRQHandler                                 build/startup_stm32f103xe.o
ADC3_IRQHandler                                   build/startup_stm32f103xe.o
AHBPrescTable                                     build/system_stm32f1xx.o
                                                  build/stm32f1xx_hal_rcc.o
APBPrescTable                                     build/system_stm32f1xx.o
                                                  build/stm32f1xx_hal_rcc.o
BusFault_Handler                                  build/stm32f1xx_it.o
CAN1_RX1_IRQHandler                               build/startup_stm32f103xe.o
CAN1_SCE_IRQHandler                               build/startup_stm32f103xe.o
DMA1_Channel1_IRQHandler                          build/startup_stm32f103xe.o
DMA1_Channel2_IRQHandler                          build/startup_stm32f103xe.o
DMA1_Channel3_IRQHandler                          build/startup_stm32f103xe.o
DMA1_Channel4_IRQHandler                          build/startup_stm32f103xe.o
DMA1_Channel5_IRQHandler                          build/startup_stm32f103xe.o
DMA1_Channel6_IRQHandler                          build/startup_stm32f103xe.o
DMA1_Channel7_IRQHandler                          build/startup_stm32f103xe.o
DMA2_Channel1_IRQHandler                          build/startup_stm32f103xe.o
DMA2_Channel2_IRQHandler                          build/startup_stm32f103xe.o
DMA2_Channel3_IRQHandler                          build/startup_stm32f103xe.o
DMA2_Channel4_5_IRQHandler                        build/startup_stm32f103xe.o
DebugMon_Handler                                  build/stm32f1xx_it.o
Default_Handler                                   build/startup_stm32f103xe.o
EXTI0_IRQHandler                                  build/startup_stm32f103xe.o
EXTI15_10_IRQHandler                              build/startup_stm32f103xe.o
EXTI1_IRQHandler                                  build/startup_stm32f103xe.o
EXTI2_IRQHandler                                  build/startup_stm32f103xe.o
EXTI3_IRQHandler                                  build/startup_stm32f103xe.o
EXTI4_IRQHandler                                  build/startup_stm32f103xe.o
EXTI9_5_IRQHandler                                build/startup_stm32f103xe.o
FLASH_IRQHandler                                  build/startup_stm32f103xe.o
FLASH_PageErase                                   build/stm32f1xx_hal_flash_ex.o
                                                  build/stm32f1xx_hal_flash.o
FLASH_WaitForLastOperation                        build/stm32f1xx_hal_flash.o
                                                  build/stm32f1xx_hal_flash_ex.o
FSMC_IRQHandler                                   build/startup_stm32f103xe.o
Func_Task0                                        build/main.o
Func_Task1                                        build/main.o
HAL_CAN_ConfigFilter                              build/stm32f1xx_hal_can.o
HAL_CAN_DeInit                                    build/stm32f1xx_hal_can.o
HAL_CAN_ErrorCallback                             build/stm32f1xx_hal_can.o
HAL_CAN_GetError                                  build/stm32f1xx_hal_can.o
HAL_CAN_GetState                                  build/stm32f1xx_hal_can.o
HAL_CAN_IRQHandler                                build/stm32f1xx_hal_can.o
                                                  build/stm32f1xx_it.o
HAL_CAN_Init                                      build/stm32f1xx_hal_can.o
                                                  build/main.o
HAL_CAN_MspDeInit                                 build/stm32f1xx_hal_msp.o
HAL_CAN_MspInit                                   build/stm32f1xx_hal_msp.o
HAL_CAN_Receive                                   build/stm32f1xx_hal_can.o
HAL_CAN_Receive_IT                                build/stm32f1xx_hal_can.o
HAL_CAN_RxCpltCallback                            build/stm32f1xx_hal_can.o
HAL_CAN_Sleep                                     build/stm32f1xx_hal_can.o
HAL_CAN_Transmit                                  build/stm32f1xx_hal_can.o
                                                  build/main.o
HAL_CAN_Transmit_IT                               build/stm32f1xx_hal_can.o
HAL_CAN_TxCpltCallback                            build/stm32f1xx_hal_can.o
HAL_CAN_WakeUp                                    build/stm32f1xx_hal_can.o
HAL_DBGMCU_DisableDBGSleepMode                    build/stm32f1xx_hal.o
HAL_DBGMCU_DisableDBGStandbyMode                  build/stm32f1xx_hal.o
HAL_DBGMCU_DisableDBGStopMode                     build/stm32f1xx_hal.o
HAL_DBGMCU_EnableDBGSleepMode                     build/stm32f1xx_hal.o
HAL_DBGMCU_EnableDBGStandbyMode                   build/stm32f1xx_hal.o
HAL_DBGMCU_EnableDBGStopMode                      build/stm32f1xx_hal.o
HAL_DMA_Abort                                     build/stm32f1xx_hal_dma.o
                                                  build/stm32f1xx_hal_uart.o
                                                  build/stm32f1xx_hal_tim.o
HAL_DMA_Abort_IT                                  build/stm32f1xx_hal_dma.o
                                                  build/stm32f1xx_hal_uart.o
HAL_DMA_DeInit                                    build/stm32f1xx_hal_dma.o
HAL_DMA_GetError                                  build/stm32f1xx_hal_dma.o
HAL_DMA_GetState                                  build/stm32f1xx_hal_dma.o
HAL_DMA_IRQHandler                                build/stm32f1xx_hal_dma.o
HAL_DMA_Init                                      build/stm32f1xx_hal_dma.o
HAL_DMA_PollForTransfer                           build/stm32f1xx_hal_dma.o
HAL_DMA_RegisterCallback                          build/stm32f1xx_hal_dma.o
HAL_DMA_Start                                     build/stm32f1xx_hal_dma.o
HAL_DMA_Start_IT                                  build/stm32f1xx_hal_dma.o
                                                  build/stm32f1xx_hal_uart.o
                                                  build/stm32f1xx_hal_tim_ex.o
                                                  build/stm32f1xx_hal_tim.o
HAL_DMA_UnRegisterCallback                        build/stm32f1xx_hal_dma.o
HAL_DeInit                                        build/stm32f1xx_hal.o
HAL_Delay                                         build/stm32f1xx_hal.o
HAL_FLASHEx_Erase                                 build/stm32f1xx_hal_flash_ex.o
HAL_FLASHEx_Erase_IT                              build/stm32f1xx_hal_flash_ex.o
HAL_FLASHEx_OBErase                               build/stm32f1xx_hal_flash_ex.o
HAL_FLASHEx_OBGetConfig                           build/stm32f1xx_hal_flash_ex.o
HAL_FLASHEx_OBGetUserData                         build/stm32f1xx_hal_flash_ex.o
HAL_FLASHEx_OBProgram                             build/stm32f1xx_hal_flash_ex.o
HAL_FLASH_EndOfOperationCallback                  build/stm32f1xx_hal_flash.o
HAL_FLASH_GetError                                build/stm32f1xx_hal_flash.o
HAL_FLASH_IRQHandler                              build/stm32f1xx_hal_flash.o
HAL_FLASH_Lock                                    build/stm32f1xx_hal_flash.o
HAL_FLASH_OB_Launch                               build/stm32f1xx_hal_flash.o
HAL_FLASH_OB_Lock                                 build/stm32f1xx_hal_flash.o
HAL_FLASH_OB_Unlock                               build/stm32f1xx_hal_flash.o
HAL_FLASH_OperationErrorCallback                  build/stm32f1xx_hal_flash.o
HAL_FLASH_Program                                 build/stm32f1xx_hal_flash.o
HAL_FLASH_Program_IT                              build/stm32f1xx_hal_flash.o
HAL_FLASH_Unlock                                  build/stm32f1xx_hal_flash.o
HAL_GPIOEx_ConfigEventout                         build/stm32f1xx_hal_gpio_ex.o
HAL_GPIOEx_DisableEventout                        build/stm32f1xx_hal_gpio_ex.o
HAL_GPIOEx_EnableEventout                         build/stm32f1xx_hal_gpio_ex.o
HAL_GPIO_DeInit                                   build/stm32f1xx_hal_gpio.o
                                                  build/stm32f1xx_hal_msp.o
HAL_GPIO_EXTI_Callback                            build/stm32f1xx_hal_gpio.o
HAL_GPIO_EXTI_IRQHandler                          build/stm32f1xx_hal_gpio.o
HAL_GPIO_Init                                     build/stm32f1xx_hal_gpio.o
                                                  build/stm32f1xx_hal_rcc.o
                                                  build/stm32f1xx_hal_msp.o
                                                  build/main.o
HAL_GPIO_LockPin                                  build/stm32f1xx_hal_gpio.o
HAL_GPIO_ReadPin                                  build/stm32f1xx_hal_gpio.o
HAL_GPIO_TogglePin                                build/stm32f1xx_hal_gpio.o
HAL_GPIO_WritePin                                 build/stm32f1xx_hal_gpio.o
                                                  build/main.o
HAL_GetDEVID                                      build/stm32f1xx_hal.o
HAL_GetHalVersion                                 build/stm32f1xx_hal.o
HAL_GetREVID                                      build/stm32f1xx_hal.o
HAL_GetTick                                       build/stm32f1xx_hal.o
                                                  build/stm32f1xx_hal_flash.o
                                                  build/stm32f1xx_hal_dma.o
                                                  build/stm32f1xx_hal_rcc_ex.o
                                                  build/stm32f1xx_hal_rcc.o
                                                  build/stm32f1xx_hal_uart.o
                                                  build/stm32f1xx_hal_can.o
HAL_GetTickFreq                                   build/stm32f1xx_hal.o
HAL_GetTickPrio                                   build/stm32f1xx_hal.o
HAL_GetUID                                        build/stm32f1xx_hal.o
HAL_HalfDuplex_EnableReceiver                     build/stm32f1xx_hal_uart.o
HAL_HalfDuplex_EnableTransmitter                  build/stm32f1xx_hal_uart.o
HAL_HalfDuplex_Init                               build/stm32f1xx_hal_uart.o
HAL_IncTick                                       build/stm32f1xx_hal.o
                                                  build/main.o
HAL_Init                                          build/stm32f1xx_hal.o
                                                  build/main.o
HAL_InitTick                                      build/stm32f1xx_hal_timebase_TIM.o
                                                  build/stm32f1xx_hal_rcc.o
HAL_LIN_Init                                      build/stm32f1xx_hal_uart.o
HAL_LIN_SendBreak                                 build/stm32f1xx_hal_uart.o
HAL_MspDeInit                                     build/stm32f1xx_hal.o
HAL_MspInit                                       build/stm32f1xx_hal_msp.o
HAL_MultiProcessor_EnterMuteMode                  build/stm32f1xx_hal_uart.o
HAL_MultiProcessor_ExitMuteMode                   build/stm32f1xx_hal_uart.o
HAL_MultiProcessor_Init                           build/stm32f1xx_hal_uart.o
HAL_NVIC_ClearPendingIRQ                          build/stm32f1xx_hal_cortex.o
HAL_NVIC_DisableIRQ                               build/stm32f1xx_hal_cortex.o
                                                  build/stm32f1xx_hal_msp.o
HAL_NVIC_EnableIRQ                                build/stm32f1xx_hal_cortex.o
                                                  build/stm32f1xx_hal_timebase_TIM.o
                                                  build/stm32f1xx_hal_msp.o
HAL_NVIC_GetActive                                build/stm32f1xx_hal_cortex.o
HAL_NVIC_GetPendingIRQ                            build/stm32f1xx_hal_cortex.o
HAL_NVIC_GetPriority                              build/stm32f1xx_hal_cortex.o
HAL_NVIC_GetPriorityGrouping                      build/stm32f1xx_hal_cortex.o
HAL_NVIC_SetPendingIRQ                            build/stm32f1xx_hal_cortex.o
HAL_NVIC_SetPriority                              build/stm32f1xx_hal_cortex.o
                                                  build/stm32f1xx_hal.o
                                                  build/stm32f1xx_hal_timebase_TIM.o
                                                  build/stm32f1xx_hal_msp.o
                                                  build/main.o
HAL_NVIC_SetPriorityGrouping                      build/stm32f1xx_hal_cortex.o
                                                  build/stm32f1xx_hal.o
                                                  build/stm32f1xx_hal_msp.o
HAL_NVIC_SystemReset                              build/stm32f1xx_hal_cortex.o
                                                  build/stm32f1xx_hal_flash.o
HAL_PWR_ConfigPVD                                 build/stm32f1xx_hal_pwr.o
HAL_PWR_DeInit                                    build/stm32f1xx_hal_pwr.o
HAL_PWR_DisableBkUpAccess                         build/stm32f1xx_hal_pwr.o
HAL_PWR_DisablePVD                                build/stm32f1xx_hal_pwr.o
HAL_PWR_DisableSEVOnPend                          build/stm32f1xx_hal_pwr.o
HAL_PWR_DisableSleepOnExit                        build/stm32f1xx_hal_pwr.o
HAL_PWR_DisableWakeUpPin                          build/stm32f1xx_hal_pwr.o
HAL_PWR_EnableBkUpAccess                          build/stm32f1xx_hal_pwr.o
HAL_PWR_EnablePVD                                 build/stm32f1xx_hal_pwr.o
HAL_PWR_EnableSEVOnPend                           build/stm32f1xx_hal_pwr.o
HAL_PWR_EnableSleepOnExit                         build/stm32f1xx_hal_pwr.o
HAL_PWR_EnableWakeUpPin                           build/stm32f1xx_hal_pwr.o
HAL_PWR_EnterSLEEPMode                            build/stm32f1xx_hal_pwr.o
HAL_PWR_EnterSTANDBYMode                          build/stm32f1xx_hal_pwr.o
HAL_PWR_EnterSTOPMode                             build/stm32f1xx_hal_pwr.o
HAL_PWR_PVDCallback                               build/stm32f1xx_hal_pwr.o
HAL_PWR_PVD_IRQHandler                            build/stm32f1xx_hal_pwr.o
HAL_RCCEx_GetPeriphCLKConfig                      build/stm32f1xx_hal_rcc_ex.o
HAL_RCCEx_GetPeriphCLKFreq                        build/stm32f1xx_hal_rcc_ex.o
HAL_RCCEx_PeriphCLKConfig                         build/stm32f1xx_hal_rcc_ex.o
HAL_RCC_CSSCallback                               build/stm32f1xx_hal_rcc.o
HAL_RCC_ClockConfig                               build/stm32f1xx_hal_rcc.o
                                                  build/main.o
HAL_RCC_DeInit                                    build/stm32f1xx_hal_rcc.o
HAL_RCC_DisableCSS                                build/stm32f1xx_hal_rcc.o
HAL_RCC_EnableCSS                                 build/stm32f1xx_hal_rcc.o
HAL_RCC_GetClockConfig                            build/stm32f1xx_hal_rcc.o
                                                  build/stm32f1xx_hal_timebase_TIM.o
HAL_RCC_GetHCLKFreq                               build/stm32f1xx_hal_rcc.o
                                                  build/main.o
HAL_RCC_GetOscConfig                              build/stm32f1xx_hal_rcc.o
HAL_RCC_GetPCLK1Freq                              build/stm32f1xx_hal_rcc.o
                                                  build/stm32f1xx_hal_uart.o
                                                  build/stm32f1xx_hal_timebase_TIM.o
HAL_RCC_GetPCLK2Freq                              build/stm32f1xx_hal_rcc.o
                                                  build/stm32f1xx_hal_rcc_ex.o
                                                  build/stm32f1xx_hal_uart.o
HAL_RCC_GetSysClockFreq                           build/stm32f1xx_hal_rcc.o
                                                  build/stm32f1xx_hal_rcc_ex.o
HAL_RCC_MCOConfig                                 build/stm32f1xx_hal_rcc.o
HAL_RCC_NMI_IRQHandler                            build/stm32f1xx_hal_rcc.o
HAL_RCC_OscConfig                                 build/stm32f1xx_hal_rcc.o
                                                  build/main.o
HAL_ResumeTick                                    build/stm32f1xx_hal_timebase_TIM.o
HAL_SYSTICK_CLKSourceConfig                       build/stm32f1xx_hal_cortex.o
                                                  build/main.o
HAL_SYSTICK_Callback                              build/stm32f1xx_hal_cortex.o
HAL_SYSTICK_Config                                build/stm32f1xx_hal_cortex.o
                                                  build/stm32f1xx_hal.o
                                                  build/main.o
HAL_SYSTICK_IRQHandler                            build/stm32f1xx_hal_cortex.o
HAL_SetTickFreq                                   build/stm32f1xx_hal.o
HAL_SuspendTick                                   build/stm32f1xx_hal_timebase_TIM.o
HAL_TIMEx_BreakCallback                           build/stm32f1xx_hal_tim_ex.o
                                                  build/stm32f1xx_hal_tim.o
HAL_TIMEx_CommutationCallback                     build/stm32f1xx_hal_tim_ex.o
                                                  build/stm32f1xx_hal_tim.o
HAL_TIMEx_ConfigBreakDeadTime                     build/stm32f1xx_hal_tim_ex.o
HAL_TIMEx_ConfigCommutationEvent                  build/stm32f1xx_hal_tim_ex.o
HAL_TIMEx_ConfigCommutationEvent_DMA              build/stm32f1xx_hal_tim_ex.o
HAL_TIMEx_ConfigCommutationEvent_IT               build/stm32f1xx_hal_tim_ex.o
HAL_TIMEx_HallSensor_DeInit                       build/stm32f1xx_hal_tim_ex.o
HAL_TIMEx_HallSensor_GetState                     build/stm32f1xx_hal_tim_ex.o
HAL_TIMEx_HallSensor_Init                         build/stm32f1xx_hal_tim_ex.o
HAL_TIMEx_HallSensor_MspDeInit                    build/stm32f1xx_hal_tim_ex.o
HAL_TIMEx_HallSensor_MspInit                      build/stm32f1xx_hal_tim_ex.o
HAL_TIMEx_HallSensor_Start                        build/stm32f1xx_hal_tim_ex.o
HAL_TIMEx_HallSensor_Start_DMA                    build/stm32f1xx_hal_tim_ex.o
HAL_TIMEx_HallSensor_Start_IT                     build/stm32f1xx_hal_tim_ex.o
HAL_TIMEx_HallSensor_Stop                         build/stm32f1xx_hal_tim_ex.o
HAL_TIMEx_HallSensor_Stop_DMA                     build/stm32f1xx_hal_tim_ex.o
HAL_TIMEx_HallSensor_Stop_IT                      build/stm32f1xx_hal_tim_ex.o
HAL_TIMEx_MasterConfigSynchronization             build/stm32f1xx_hal_tim_ex.o
HAL_TIMEx_OCN_Start                               build/stm32f1xx_hal_tim_ex.o
HAL_TIMEx_OCN_Start_DMA                           build/stm32f1xx_hal_tim_ex.o
HAL_TIMEx_OCN_Start_IT                            build/stm32f1xx_hal_tim_ex.o
HAL_TIMEx_OCN_Stop                                build/stm32f1xx_hal_tim_ex.o
HAL_TIMEx_OCN_Stop_DMA                            build/stm32f1xx_hal_tim_ex.o
HAL_TIMEx_OCN_Stop_IT                             build/stm32f1xx_hal_tim_ex.o
HAL_TIMEx_OnePulseN_Start                         build/stm32f1xx_hal_tim_ex.o
HAL_TIMEx_OnePulseN_Start_IT                      build/stm32f1xx_hal_tim_ex.o
HAL_TIMEx_OnePulseN_Stop                          build/stm32f1xx_hal_tim_ex.o
HAL_TIMEx_OnePulseN_Stop_IT                       build/stm32f1xx_hal_tim_ex.o
HAL_TIMEx_PWMN_Start                              build/stm32f1xx_hal_tim_ex.o
HAL_TIMEx_PWMN_Start_DMA                          build/stm32f1xx_hal_tim_ex.o
HAL_TIMEx_PWMN_Start_IT                           build/stm32f1xx_hal_tim_ex.o
HAL_TIMEx_PWMN_Stop                               build/stm32f1xx_hal_tim_ex.o
HAL_TIMEx_PWMN_Stop_DMA                           build/stm32f1xx_hal_tim_ex.o
HAL_TIMEx_PWMN_Stop_IT                            build/stm32f1xx_hal_tim_ex.o
HAL_TIM_Base_DeInit                               build/stm32f1xx_hal_tim.o
HAL_TIM_Base_GetState                             build/stm32f1xx_hal_tim.o
HAL_TIM_Base_Init                                 build/stm32f1xx_hal_tim.o
                                                  build/stm32f1xx_hal_timebase_TIM.o
HAL_TIM_Base_MspDeInit                            build/stm32f1xx_hal_tim.o
HAL_TIM_Base_MspInit                              build/stm32f1xx_hal_tim.o
HAL_TIM_Base_Start                                build/stm32f1xx_hal_tim.o
HAL_TIM_Base_Start_DMA                            build/stm32f1xx_hal_tim.o
HAL_TIM_Base_Start_IT                             build/stm32f1xx_hal_tim.o
                                                  build/stm32f1xx_hal_timebase_TIM.o
HAL_TIM_Base_Stop                                 build/stm32f1xx_hal_tim.o
HAL_TIM_Base_Stop_DMA                             build/stm32f1xx_hal_tim.o
HAL_TIM_Base_Stop_IT                              build/stm32f1xx_hal_tim.o
HAL_TIM_ConfigClockSource                         build/stm32f1xx_hal_tim.o
HAL_TIM_ConfigOCrefClear                          build/stm32f1xx_hal_tim.o
HAL_TIM_ConfigTI1Input                            build/stm32f1xx_hal_tim.o
HAL_TIM_DMABurst_ReadStart                        build/stm32f1xx_hal_tim.o
HAL_TIM_DMABurst_ReadStop                         build/stm32f1xx_hal_tim.o
HAL_TIM_DMABurst_WriteStart                       build/stm32f1xx_hal_tim.o
HAL_TIM_DMABurst_WriteStop                        build/stm32f1xx_hal_tim.o
HAL_TIM_Encoder_DeInit                            build/stm32f1xx_hal_tim.o
HAL_TIM_Encoder_GetState                          build/stm32f1xx_hal_tim.o
HAL_TIM_Encoder_Init                              build/stm32f1xx_hal_tim.o
HAL_TIM_Encoder_MspDeInit                         build/stm32f1xx_hal_tim.o
HAL_TIM_Encoder_MspInit                           build/stm32f1xx_hal_tim.o
HAL_TIM_Encoder_Start                             build/stm32f1xx_hal_tim.o
HAL_TIM_Encoder_Start_DMA                         build/stm32f1xx_hal_tim.o
HAL_TIM_Encoder_Start_IT                          build/stm32f1xx_hal_tim.o
HAL_TIM_Encoder_Stop                              build/stm32f1xx_hal_tim.o
HAL_TIM_Encoder_Stop_DMA                          build/stm32f1xx_hal_tim.o
HAL_TIM_Encoder_Stop_IT                           build/stm32f1xx_hal_tim.o
HAL_TIM_ErrorCallback                             build/stm32f1xx_hal_tim.o
HAL_TIM_GenerateEvent                             build/stm32f1xx_hal_tim.o
HAL_TIM_IC_CaptureCallback                        build/stm32f1xx_hal_tim.o
HAL_TIM_IC_ConfigChannel                          build/stm32f1xx_hal_tim.o
HAL_TIM_IC_DeInit                                 build/stm32f1xx_hal_tim.o
HAL_TIM_IC_GetState                               build/stm32f1xx_hal_tim.o
HAL_TIM_IC_Init                                   build/stm32f1xx_hal_tim.o
HAL_TIM_IC_MspDeInit                              build/stm32f1xx_hal_tim.o
HAL_TIM_IC_MspInit                                build/stm32f1xx_hal_tim.o
HAL_TIM_IC_Start                                  build/stm32f1xx_hal_tim.o
HAL_TIM_IC_Start_DMA                              build/stm32f1xx_hal_tim.o
HAL_TIM_IC_Start_IT                               build/stm32f1xx_hal_tim.o
HAL_TIM_IC_Stop                                   build/stm32f1xx_hal_tim.o
HAL_TIM_IC_Stop_DMA                               build/stm32f1xx_hal_tim.o
HAL_TIM_IC_Stop_IT                                build/stm32f1xx_hal_tim.o
HAL_TIM_IRQHandler                                build/stm32f1xx_hal_tim.o
                                                  build/stm32f1xx_it.o
HAL_TIM_OC_ConfigChannel                          build/stm32f1xx_hal_tim.o
HAL_TIM_OC_DeInit                                 build/stm32f1xx_hal_tim.o
HAL_TIM_OC_DelayElapsedCallback                   build/stm32f1xx_hal_tim.o
HAL_TIM_OC_GetState                               build/stm32f1xx_hal_tim.o
HAL_TIM_OC_Init                                   build/stm32f1xx_hal_tim.o
HAL_TIM_OC_MspDeInit                              build/stm32f1xx_hal_tim.o
HAL_TIM_OC_MspInit                                build/stm32f1xx_hal_tim.o
HAL_TIM_OC_Start                                  build/stm32f1xx_hal_tim.o
HAL_TIM_OC_Start_DMA                              build/stm32f1xx_hal_tim.o
HAL_TIM_OC_Start_IT                               build/stm32f1xx_hal_tim.o
HAL_TIM_OC_Stop                                   build/stm32f1xx_hal_tim.o
HAL_TIM_OC_Stop_DMA                               build/stm32f1xx_hal_tim.o
HAL_TIM_OC_Stop_IT                                build/stm32f1xx_hal_tim.o
HAL_TIM_OnePulse_ConfigChannel                    build/stm32f1xx_hal_tim.o
HAL_TIM_OnePulse_DeInit                           build/stm32f1xx_hal_tim.o
HAL_TIM_OnePulse_GetState                         build/stm32f1xx_hal_tim.o
HAL_TIM_OnePulse_Init                             build/stm32f1xx_hal_tim.o
HAL_TIM_OnePulse_MspDeInit                        build/stm32f1xx_hal_tim.o
HAL_TIM_OnePulse_MspInit                          build/stm32f1xx_hal_tim.o
HAL_TIM_OnePulse_Start                            build/stm32f1xx_hal_tim.o
HAL_TIM_OnePulse_Start_IT                         build/stm32f1xx_hal_tim.o
HAL_TIM_OnePulse_Stop                             build/stm32f1xx_hal_tim.o
HAL_TIM_OnePulse_Stop_IT                          build/stm32f1xx_hal_tim.o
HAL_TIM_PWM_ConfigChannel                         build/stm32f1xx_hal_tim.o
HAL_TIM_PWM_DeInit                                build/stm32f1xx_hal_tim.o
HAL_TIM_PWM_GetState                              build/stm32f1xx_hal_tim.o
HAL_TIM_PWM_Init                                  build/stm32f1xx_hal_tim.o
HAL_TIM_PWM_MspDeInit                             build/stm32f1xx_hal_tim.o
HAL_TIM_PWM_MspInit                               build/stm32f1xx_hal_tim.o
HAL_TIM_PWM_PulseFinishedCallback                 build/stm32f1xx_hal_tim.o
HAL_TIM_PWM_Start                                 build/stm32f1xx_hal_tim.o
HAL_TIM_PWM_Start_DMA                             build/stm32f1xx_hal_tim.o
HAL_TIM_PWM_Start_IT                              build/stm32f1xx_hal_tim.o
HAL_TIM_PWM_Stop                                  build/stm32f1xx_hal_tim.o
HAL_TIM_PWM_Stop_DMA                              build/stm32f1xx_hal_tim.o
HAL_TIM_PWM_Stop_IT                               build/stm32f1xx_hal_tim.o
HAL_TIM_PeriodElapsedCallback                     build/main.o
HAL_TIM_ReadCapturedValue                         build/stm32f1xx_hal_tim.o
HAL_TIM_SlaveConfigSynchronization                build/stm32f1xx_hal_tim.o
HAL_TIM_SlaveConfigSynchronization_IT             build/stm32f1xx_hal_tim.o
HAL_TIM_TriggerCallback                           build/stm32f1xx_hal_tim.o
HAL_UART_Abort                                    build/stm32f1xx_hal_uart.o
HAL_UART_AbortCpltCallback                        build/stm32f1xx_hal_uart.o
HAL_UART_AbortReceive                             build/stm32f1xx_hal_uart.o
HAL_UART_AbortReceiveCpltCallback                 build/stm32f1xx_hal_uart.o
HAL_UART_AbortReceive_IT                          build/stm32f1xx_hal_uart.o
HAL_UART_AbortTransmit                            build/stm32f1xx_hal_uart.o
HAL_UART_AbortTransmitCpltCallback                build/stm32f1xx_hal_uart.o
HAL_UART_AbortTransmit_IT                         build/stm32f1xx_hal_uart.o
HAL_UART_Abort_IT                                 build/stm32f1xx_hal_uart.o
HAL_UART_DMAPause                                 build/stm32f1xx_hal_uart.o
HAL_UART_DMAResume                                build/stm32f1xx_hal_uart.o
HAL_UART_DMAStop                                  build/stm32f1xx_hal_uart.o
HAL_UART_DeInit                                   build/stm32f1xx_hal_uart.o
HAL_UART_ErrorCallback                            build/stm32f1xx_hal_uart.o
HAL_UART_GetError                                 build/stm32f1xx_hal_uart.o
HAL_UART_GetState                                 build/stm32f1xx_hal_uart.o
HAL_UART_IRQHandler                               build/stm32f1xx_hal_uart.o
HAL_UART_Init                                     build/stm32f1xx_hal_uart.o
                                                  build/main.o
HAL_UART_MspDeInit                                build/stm32f1xx_hal_msp.o
HAL_UART_MspInit                                  build/stm32f1xx_hal_msp.o
HAL_UART_Receive                                  build/stm32f1xx_hal_uart.o
HAL_UART_Receive_DMA                              build/stm32f1xx_hal_uart.o
HAL_UART_Receive_IT                               build/stm32f1xx_hal_uart.o
HAL_UART_RxCpltCallback                           build/stm32f1xx_hal_uart.o
HAL_UART_RxHalfCpltCallback                       build/stm32f1xx_hal_uart.o
HAL_UART_Transmit                                 build/stm32f1xx_hal_uart.o
                                                  build/main.o
HAL_UART_Transmit_DMA                             build/stm32f1xx_hal_uart.o
HAL_UART_Transmit_IT                              build/stm32f1xx_hal_uart.o
HAL_UART_TxCpltCallback                           build/stm32f1xx_hal_uart.o
HAL_UART_TxHalfCpltCallback                       build/stm32f1xx_hal_uart.o
HardFault_Handler                                 build/stm32f1xx_it.o
I2C1_ER_IRQHandler                                build/startup_stm32f103xe.o
I2C1_EV_IRQHandler                                build/startup_stm32f103xe.o
I2C2_ER_IRQHandler                                build/startup_stm32f103xe.o
I2C2_EV_IRQHandler                                build/startup_stm32f103xe.o
MemManage_Handler                                 build/stm32f1xx_it.o
NMI_Handler                                       build/stm32f1xx_it.o
PVD_IRQHandler                                    build/startup_stm32f103xe.o
PendSV_Handler                                    build/port.o
RCC_IRQHandler                                    build/startup_stm32f103xe.o
RTC_Alarm_IRQHandler                              build/startup_stm32f103xe.o
RTC_IRQHandler                                    build/startup_stm32f103xe.o
Reset_Handler                                     build/startup_stm32f103xe.o
RxMessage                                         build/main.o
SDIO_IRQHandler                                   build/startup_stm32f103xe.o
SPI1_IRQHandler                                   build/startup_stm32f103xe.o
SPI2_IRQHandler                                   build/startup_stm32f103xe.o
SPI3_IRQHandler                                   build/startup_stm32f103xe.o
SVC_Handler                                       build/port.o
SysTick_Handler                                   build/stm32f1xx_it.o
SystemClock_Config                                build/main.o
SystemCoreClock                                   build/system_stm32f1xx.o
                                                  build/port.o
                                                  build/stm32f1xx_hal_rcc.o
                                                  build/stm32f1xx_hal.o
SystemCoreClockUpdate                             build/system_stm32f1xx.o
SystemInit                                        build/system_stm32f1xx.o
                                                  build/startup_stm32f103xe.o
TAMPER_IRQHandler                                 build/startup_stm32f103xe.o
TIM1_BRK_IRQHandler                               build/startup_stm32f103xe.o
TIM1_CC_IRQHandler                                build/startup_stm32f103xe.o
TIM1_TRG_COM_IRQHandler                           build/startup_stm32f103xe.o
TIM1_UP_IRQHandler                                build/startup_stm32f103xe.o
TIM2_IRQHandler                                   build/startup_stm32f103xe.o
TIM3_IRQHandler                                   build/startup_stm32f103xe.o
TIM4_IRQHandler                                   build/stm32f1xx_it.o
TIM5_IRQHandler                                   build/startup_stm32f103xe.o
TIM6_IRQHandler                                   build/startup_stm32f103xe.o
TIM7_IRQHandler                                   build/startup_stm32f103xe.o
TIM8_BRK_IRQHandler                               build/startup_stm32f103xe.o
TIM8_CC_IRQHandler                                build/startup_stm32f103xe.o
TIM8_TRG_COM_IRQHandler                           build/startup_stm32f103xe.o
TIM8_UP_IRQHandler                                build/startup_stm32f103xe.o
TIMEx_DMACommutationCplt                          build/stm32f1xx_hal_tim_ex.o
                                                  build/stm32f1xx_hal_tim.o
TIM_Base_SetConfig                                build/stm32f1xx_hal_tim.o
                                                  build/stm32f1xx_hal_tim_ex.o
TIM_CCxChannelCmd                                 build/stm32f1xx_hal_tim.o
                                                  build/stm32f1xx_hal_tim_ex.o
TIM_DMACaptureCplt                                build/stm32f1xx_hal_tim.o
                                                  build/stm32f1xx_hal_tim_ex.o
TIM_DMADelayPulseCplt                             build/stm32f1xx_hal_tim.o
                                                  build/stm32f1xx_hal_tim_ex.o
TIM_DMAError                                      build/stm32f1xx_hal_tim.o
                                                  build/stm32f1xx_hal_tim_ex.o
TIM_OC2_SetConfig                                 build/stm32f1xx_hal_tim.o
                                                  build/stm32f1xx_hal_tim_ex.o
TIM_TI1_SetConfig                                 build/stm32f1xx_hal_tim.o
                                                  build/stm32f1xx_hal_tim_ex.o
Task0Handle                                       build/main.o
Task1Handle                                       build/main.o
TxMessage                                         build/main.o
UART4_IRQHandler                                  build/startup_stm32f103xe.o
UART5_IRQHandler                                  build/startup_stm32f103xe.o
USART1_IRQHandler                                 build/startup_stm32f103xe.o
USART2_IRQHandler                                 build/startup_stm32f103xe.o
USART3_IRQHandler                                 build/startup_stm32f103xe.o
USBWakeUp_IRQHandler                              build/startup_stm32f103xe.o
USB_HP_CAN1_TX_IRQHandler                         build/startup_stm32f103xe.o
USB_LP_CAN1_RX0_IRQHandler                        build/stm32f1xx_it.o
UsageFault_Handler                                build/stm32f1xx_it.o
WWDG_IRQHandler                                   build/startup_stm32f103xe.o
_Error_Handler                                    build/main.o
_Jv_RegisterClasses                               /home/user/Library/gcc-arm-none-eabi-5_4-2016q3/bin/../lib/gcc/arm-none-eabi/5.4.1/armv7-m/crtbegin.o
__bss_end__                                       /home/user/Library/gcc-arm-none-eabi-5_4-2016q3/bin/../lib/gcc/arm-none-eabi/5.4.1/../../../../arm-none-eabi/lib/armv7-m/crt0.o
__bss_start__                                     /home/user/Library/gcc-arm-none-eabi-5_4-2016q3/bin/../lib/gcc/arm-none-eabi/5.4.1/../../../../arm-none-eabi/lib/armv7-m/crt0.o
__call_exitprocs                                  /home/user/Library/gcc-arm-none-eabi-5_4-2016q3/bin/../lib/gcc/arm-none-eabi/5.4.1/../../../../arm-none-eabi/lib/armv7-m/libc_nano.a(lib_a-exit.o)
__deregister_frame_info                           /home/user/Library/gcc-arm-none-eabi-5_4-2016q3/bin/../lib/gcc/arm-none-eabi/5.4.1/armv7-m/crtbegin.o
__dso_handle                                      /home/user/Library/gcc-arm-none-eabi-5_4-2016q3/bin/../lib/gcc/arm-none-eabi/5.4.1/armv7-m/crtbegin.o
__init_array_end                                  /home/user/Library/gcc-arm-none-eabi-5_4-2016q3/bin/../lib/gcc/arm-none-eabi/5.4.1/../../../../arm-none-eabi/lib/armv7-m/libc_nano.a(lib_a-init.o)
__init_array_start                                /home/user/Library/gcc-arm-none-eabi-5_4-2016q3/bin/../lib/gcc/arm-none-eabi/5.4.1/../../../../arm-none-eabi/lib/armv7-m/libc_nano.a(lib_a-init.o)
__libc_fini_array                                 /home/user/Library/gcc-arm-none-eabi-5_4-2016q3/bin/../lib/gcc/arm-none-eabi/5.4.1/../../../../arm-none-eabi/lib/armv7-m/crt0.o
__libc_init_array                                 /home/user/Library/gcc-arm-none-eabi-5_4-2016q3/bin/../lib/gcc/arm-none-eabi/5.4.1/../../../../arm-none-eabi/lib/armv7-m/libc_nano.a(lib_a-init.o)
                                                  build/startup_stm32f103xe.o
                                                  /home/user/Library/gcc-arm-none-eabi-5_4-2016q3/bin/../lib/gcc/arm-none-eabi/5.4.1/../../../../arm-none-eabi/lib/armv7-m/crt0.o
__preinit_array_end                               /home/user/Library/gcc-arm-none-eabi-5_4-2016q3/bin/../lib/gcc/arm-none-eabi/5.4.1/../../../../arm-none-eabi/lib/armv7-m/libc_nano.a(lib_a-init.o)
__preinit_array_start                             /home/user/Library/gcc-arm-none-eabi-5_4-2016q3/bin/../lib/gcc/arm-none-eabi/5.4.1/../../../../arm-none-eabi/lib/armv7-m/libc_nano.a(lib_a-init.o)
__register_frame_info                             /home/user/Library/gcc-arm-none-eabi-5_4-2016q3/bin/../lib/gcc/arm-none-eabi/5.4.1/armv7-m/crtbegin.o
__sf_fake_stderr                                  /home/user/Library/gcc-arm-none-eabi-5_4-2016q3/bin/../lib/gcc/arm-none-eabi/5.4.1/../../../../arm-none-eabi/lib/armv7-m/libc_nano.a(lib_a-impure.o)
__sf_fake_stdin                                   /home/user/Library/gcc-arm-none-eabi-5_4-2016q3/bin/../lib/gcc/arm-none-eabi/5.4.1/../../../../arm-none-eabi/lib/armv7-m/libc_nano.a(lib_a-impure.o)
__sf_fake_stdout                                  /home/user/Library/gcc-arm-none-eabi-5_4-2016q3/bin/../lib/gcc/arm-none-eabi/5.4.1/../../../../arm-none-eabi/lib/armv7-m/libc_nano.a(lib_a-impure.o)
__stack                                           /home/user/Library/gcc-arm-none-eabi-5_4-2016q3/bin/../lib/gcc/arm-none-eabi/5.4.1/../../../../arm-none-eabi/lib/armv7-m/crt0.o
_ebss                                             build/startup_stm32f103xe.o
_edata                                            build/startup_stm32f103xe.o
_estack                                           build/startup_stm32f103xe.o
_exit                                             /home/user/Library/gcc-arm-none-eabi-5_4-2016q3/bin/../lib/gcc/arm-none-eabi/5.4.1/../../../../arm-none-eabi/lib/armv7-m/libnosys.a(_exit.o)
                                                  /home/user/Library/gcc-arm-none-eabi-5_4-2016q3/bin/../lib/gcc/arm-none-eabi/5.4.1/../../../../arm-none-eabi/lib/armv7-m/libc_nano.a(lib_a-exit.o)
_fini                                             /home/user/Library/gcc-arm-none-eabi-5_4-2016q3/bin/../lib/gcc/arm-none-eabi/5.4.1/armv7-m/crti.o
_global_impure_ptr                                /home/user/Library/gcc-arm-none-eabi-5_4-2016q3/bin/../lib/gcc/arm-none-eabi/5.4.1/../../../../arm-none-eabi/lib/armv7-m/libc_nano.a(lib_a-impure.o)
                                                  /home/user/Library/gcc-arm-none-eabi-5_4-2016q3/bin/../lib/gcc/arm-none-eabi/5.4.1/../../../../arm-none-eabi/lib/armv7-m/libc_nano.a(lib_a-exit.o)
_impure_ptr                                       /home/user/Library/gcc-arm-none-eabi-5_4-2016q3/bin/../lib/gcc/arm-none-eabi/5.4.1/../../../../arm-none-eabi/lib/armv7-m/libc_nano.a(lib_a-impure.o)
_init                                             /home/user/Library/gcc-arm-none-eabi-5_4-2016q3/bin/../lib/gcc/arm-none-eabi/5.4.1/armv7-m/crti.o
                                                  /home/user/Library/gcc-arm-none-eabi-5_4-2016q3/bin/../lib/gcc/arm-none-eabi/5.4.1/../../../../arm-none-eabi/lib/armv7-m/libc_nano.a(lib_a-init.o)
_mainCRTStartup                                   /home/user/Library/gcc-arm-none-eabi-5_4-2016q3/bin/../lib/gcc/arm-none-eabi/5.4.1/../../../../arm-none-eabi/lib/armv7-m/crt0.o
_sbss                                             build/startup_stm32f103xe.o
_sdata                                            build/startup_stm32f103xe.o
_sidata                                           build/startup_stm32f103xe.o
_start                                            /home/user/Library/gcc-arm-none-eabi-5_4-2016q3/bin/../lib/gcc/arm-none-eabi/5.4.1/../../../../arm-none-eabi/lib/armv7-m/crt0.o
atexit                                            /home/user/Library/gcc-arm-none-eabi-5_4-2016q3/bin/../lib/gcc/arm-none-eabi/5.4.1/../../../../arm-none-eabi/lib/armv7-m/crt0.o
exit                                              /home/user/Library/gcc-arm-none-eabi-5_4-2016q3/bin/../lib/gcc/arm-none-eabi/5.4.1/../../../../arm-none-eabi/lib/armv7-m/libc_nano.a(lib_a-exit.o)
                                                  /home/user/Library/gcc-arm-none-eabi-5_4-2016q3/bin/../lib/gcc/arm-none-eabi/5.4.1/../../../../arm-none-eabi/lib/armv7-m/crt0.o
g_pfnVectors                                      build/startup_stm32f103xe.o
hardware_init_hook                                /home/user/Library/gcc-arm-none-eabi-5_4-2016q3/bin/../lib/gcc/arm-none-eabi/5.4.1/../../../../arm-none-eabi/lib/armv7-m/crt0.o
hcan                                              build/main.o
                                                  build/stm32f1xx_it.o
htim4                                             build/stm32f1xx_hal_timebase_TIM.o
                                                  build/stm32f1xx_it.o
huart1                                            build/main.o
main                                              build/main.o
                                                  build/startup_stm32f103xe.o
                                                  /home/user/Library/gcc-arm-none-eabi-5_4-2016q3/bin/../lib/gcc/arm-none-eabi/5.4.1/../../../../arm-none-eabi/lib/armv7-m/crt0.o
memcpy                                            /home/user/Library/gcc-arm-none-eabi-5_4-2016q3/bin/../lib/gcc/arm-none-eabi/5.4.1/../../../../arm-none-eabi/lib/armv7-m/libc_nano.a(lib_a-memcpy-stub.o)
                                                  build/queue.o
memset                                            /home/user/Library/gcc-arm-none-eabi-5_4-2016q3/bin/../lib/gcc/arm-none-eabi/5.4.1/../../../../arm-none-eabi/lib/armv7-m/libc_nano.a(lib_a-memset.o)
                                                  /home/user/Library/gcc-arm-none-eabi-5_4-2016q3/bin/../lib/gcc/arm-none-eabi/5.4.1/../../../../arm-none-eabi/lib/armv7-m/crt0.o
osAbortDelay                                      build/cmsis_os.o
osDelay                                           build/cmsis_os.o
                                                  build/main.o
osDelayUntil                                      build/cmsis_os.o
osKernelRunning                                   build/cmsis_os.o
osKernelStart                                     build/cmsis_os.o
                                                  build/main.o
osKernelSysTick                                   build/cmsis_os.o
osMailAlloc                                       build/cmsis_os.o
osMailCAlloc                                      build/cmsis_os.o
osMailCreate                                      build/cmsis_os.o
osMailFree                                        build/cmsis_os.o
osMailGet                                         build/cmsis_os.o
osMailPut                                         build/cmsis_os.o
osMessageAvailableSpace                           build/cmsis_os.o
osMessageCreate                                   build/cmsis_os.o
osMessageDelete                                   build/cmsis_os.o
osMessageGet                                      build/cmsis_os.o
osMessagePeek                                     build/cmsis_os.o
osMessagePut                                      build/cmsis_os.o
osMessageWaiting                                  build/cmsis_os.o
osMutexCreate                                     build/cmsis_os.o
osMutexDelete                                     build/cmsis_os.o
osMutexRelease                                    build/cmsis_os.o
osMutexWait                                       build/cmsis_os.o
osPoolAlloc                                       build/cmsis_os.o
osPoolCAlloc                                      build/cmsis_os.o
osPoolCreate                                      build/cmsis_os.o
osPoolFree                                        build/cmsis_os.o
osRecursiveMutexCreate                            build/cmsis_os.o
osRecursiveMutexRelease                           build/cmsis_os.o
osRecursiveMutexWait                              build/cmsis_os.o
osSemaphoreCreate                                 build/cmsis_os.o
osSemaphoreDelete                                 build/cmsis_os.o
osSemaphoreGetCount                               build/cmsis_os.o
osSemaphoreRelease                                build/cmsis_os.o
osSemaphoreWait                                   build/cmsis_os.o
osSignalSet                                       build/cmsis_os.o
osSignalWait                                      build/cmsis_os.o
osSystickHandler                                  build/cmsis_os.o
                                                  build/stm32f1xx_it.o
osThreadCreate                                    build/cmsis_os.o
                                                  build/main.o
osThreadGetId                                     build/cmsis_os.o
osThreadGetPriority                               build/cmsis_os.o
osThreadList                                      build/cmsis_os.o
osThreadResume                                    build/cmsis_os.o
osThreadResumeAll                                 build/cmsis_os.o
osThreadSetPriority                               build/cmsis_os.o
osThreadSuspend                                   build/cmsis_os.o
osThreadSuspendAll                                build/cmsis_os.o
osThreadTerminate                                 build/cmsis_os.o
osThreadYield                                     build/cmsis_os.o
osTimerCreate                                     build/cmsis_os.o
osTimerDelete                                     build/cmsis_os.o
osTimerStart                                      build/cmsis_os.o
osTimerStop                                       build/cmsis_os.o
pFlash                                            build/stm32f1xx_hal_flash.o
                                                  build/stm32f1xx_hal_flash_ex.o
pcQueueGetName                                    build/queue.o
pcTaskGetName                                     build/tasks.o
pvPortMalloc                                      build/heap_4.o
                                                  build/cmsis_os.o
                                                  build/queue.o
                                                  build/tasks.o
                                                  build/event_groups.o
pvTaskIncrementMutexHeldCount                     build/tasks.o
                                                  build/queue.o
pxCurrentTCB                                      build/tasks.o
                                                  build/port.o
pxPortInitialiseStack                             build/port.o
                                                  build/tasks.o
sFliterConfig                                     build/main.o
software_init_hook                                /home/user/Library/gcc-arm-none-eabi-5_4-2016q3/bin/../lib/gcc/arm-none-eabi/5.4.1/../../../../arm-none-eabi/lib/armv7-m/crt0.o
ulTaskNotifyTake                                  build/tasks.o
uwIncrementState                                  build/stm32f1xx_hal_timebase_TIM.o
uwTick                                            build/stm32f1xx_hal.o
uwTickFreq                                        build/stm32f1xx_hal.o
uwTickPrio                                        build/stm32f1xx_hal.o
uxListRemove                                      build/list.o
                                                  build/tasks.o
uxQueueMessagesWaiting                            build/queue.o
                                                  build/cmsis_os.o
uxQueueMessagesWaitingFromISR                     build/queue.o
                                                  build/cmsis_os.o
uxQueueSpacesAvailable                            build/queue.o
                                                  build/cmsis_os.o
uxTaskGetNumberOfTasks                            build/tasks.o
uxTaskPriorityGet                                 build/tasks.o
                                                  build/cmsis_os.o
uxTaskPriorityGetFromISR                          build/tasks.o
                                                  build/cmsis_os.o
uxTaskResetEventItemValue                         build/tasks.o
                                                  build/event_groups.o
vEventGroupClearBitsCallback                      build/event_groups.o
vEventGroupDelete                                 build/event_groups.o
vEventGroupSetBitsCallback                        build/event_groups.o
vListInitialise                                   build/list.o
                                                  build/queue.o
                                                  build/tasks.o
                                                  build/event_groups.o
vListInitialiseItem                               build/list.o
                                                  build/tasks.o
vListInsert                                       build/list.o
                                                  build/tasks.o
vListInsertEnd                                    build/list.o
                                                  build/tasks.o
vPortEndScheduler                                 build/port.o
                                                  build/tasks.o
vPortEnterCritical                                build/port.o
                                                  build/cmsis_os.o
                                                  build/queue.o
                                                  build/tasks.o
                                                  build/event_groups.o
vPortExitCritical                                 build/port.o
                                                  build/cmsis_os.o
                                                  build/queue.o
                                                  build/tasks.o
                                                  build/event_groups.o
vPortFree                                         build/heap_4.o
                                                  build/cmsis_os.o
                                                  build/queue.o
                                                  build/tasks.o
                                                  build/event_groups.o
vPortInitialiseBlocks                             build/heap_4.o
vPortSetupTimerInterrupt                          build/port.o